[2026-06-15T07:21:22.936+0000] {local_task_job_runner.py:120} INFO - ::group::Pre task execution logs
[2026-06-15T07:21:22.946+0000] {taskinstance.py:2076} INFO - Dependencies all met for dep_context=non-requeueable deps ti=<TaskInstance: bi_masan_revenue_pipeline.silver_sales_fact scheduled__2026-06-14T00:00:00+00:00 [queued]>
[2026-06-15T07:21:22.949+0000] {taskinstance.py:2076} INFO - Dependencies all met for dep_context=requeueable deps ti=<TaskInstance: bi_masan_revenue_pipeline.silver_sales_fact scheduled__2026-06-14T00:00:00+00:00 [queued]>
[2026-06-15T07:21:22.949+0000] {taskinstance.py:2306} INFO - Starting attempt 1 of 2
[2026-06-15T07:21:22.955+0000] {taskinstance.py:2330} INFO - Executing <Task(BashOperator): silver_sales_fact> on 2026-06-14 00:00:00+00:00
[2026-06-15T07:21:22.958+0000] {standard_task_runner.py:64} INFO - Started process 3348 to run task
[2026-06-15T07:21:22.960+0000] {standard_task_runner.py:90} INFO - Running: ['airflow', 'tasks', 'run', 'bi_masan_revenue_pipeline', 'silver_sales_fact', 'scheduled__2026-06-14T00:00:00+00:00', '--job-id', '14', '--raw', '--subdir', 'DAGS_FOLDER/bi_masan_pipeline.py', '--cfg-path', '/tmp/tmp9omfrh5t']
[2026-06-15T07:21:22.961+0000] {standard_task_runner.py:91} INFO - Job 14: Subtask silver_sales_fact
[2026-06-15T07:21:22.977+0000] {task_command.py:426} INFO - Running <TaskInstance: bi_masan_revenue_pipeline.silver_sales_fact scheduled__2026-06-14T00:00:00+00:00 [running]> on host 6d0d47d20a89
[2026-06-15T07:21:23.003+0000] {taskinstance.py:2648} INFO - Exporting env vars: AIRFLOW_CTX_DAG_OWNER='airflow' AIRFLOW_CTX_DAG_ID='bi_masan_revenue_pipeline' AIRFLOW_CTX_TASK_ID='silver_sales_fact' AIRFLOW_CTX_EXECUTION_DATE='2026-06-14T00:00:00+00:00' AIRFLOW_CTX_TRY_NUMBER='1' AIRFLOW_CTX_DAG_RUN_ID='scheduled__2026-06-14T00:00:00+00:00'
[2026-06-15T07:21:23.003+0000] {taskinstance.py:430} INFO - ::endgroup::
[2026-06-15T07:21:23.009+0000] {subprocess.py:63} INFO - Tmp dir root location: /tmp
[2026-06-15T07:21:23.009+0000] {subprocess.py:75} INFO - Running command: ['/usr/bin/bash', '-c', 'cd /opt/airflow/project && python src/spark_jobs/silver_jobs/2b_bronze_to_silver_fact.py']
[2026-06-15T07:21:23.015+0000] {subprocess.py:86} INFO - Output:
[2026-06-15T07:21:23.318+0000] {subprocess.py:93} INFO - /home/airflow/.local/lib/python3.11/site-packages/pyspark/bin/load-spark-env.sh: line 68: ps: command not found
[2026-06-15T07:21:24.092+0000] {subprocess.py:93} INFO - Setting default log level to "WARN".
[2026-06-15T07:21:24.092+0000] {subprocess.py:93} INFO - To adjust logging level use sc.setLogLevel(newLevel). For SparkR, use setLogLevel(newLevel).
[2026-06-15T07:21:24.184+0000] {subprocess.py:93} INFO - 26/06/15 07:21:24 WARN NativeCodeLoader: Unable to load native-hadoop library for your platform... using builtin-java classes where applicable
[2026-06-15T07:21:29.190+0000] {subprocess.py:93} INFO - ⚙️ Đang khởi tạo Spark [SILVER - FACTS]...
[2026-06-15T07:21:29.191+0000] {subprocess.py:93} INFO - 
[2026-06-15T07:21:29.191+0000] {subprocess.py:93} INFO - 🔄 CHẾ ĐỘ FULL LOAD
[2026-06-15T07:21:29.191+0000] {subprocess.py:93} INFO - 
[2026-06-15T07:21:29.191+0000] {subprocess.py:93} INFO - ✨ [FACT] Đang làm sạch bảng ORDERS...
[2026-06-15T07:21:29.191+0000] {subprocess.py:93} INFO - 📊 Raw: 2959 | Clean: 2950 | Dropped: 9
[2026-06-15T07:21:29.191+0000] {subprocess.py:93} INFO - 💾 [SILVER] Orders đã ghi tại: /opt/airflow/project/datalake/silver/sales_db/orders
[2026-06-15T07:21:29.191+0000] {subprocess.py:93} INFO - 
[2026-06-15T07:21:29.191+0000] {subprocess.py:93} INFO - ✨ [FACT] Đang làm sạch bảng ORDER_DETAILS...
[2026-06-15T07:21:29.192+0000] {subprocess.py:93} INFO - 📊 Raw: 2949 | Clean: 2949 | Dropped: 0
[2026-06-15T07:21:29.192+0000] {subprocess.py:93} INFO - 💾 [SILVER] Order Details đã ghi tại: /opt/airflow/project/datalake/silver/sales_db/order_details
[2026-06-15T07:21:29.192+0000] {subprocess.py:93} INFO - 
[2026-06-15T07:21:29.192+0000] {subprocess.py:93} INFO - ✅ Hoàn tất Silver Facts!
[2026-06-15T07:21:29.578+0000] {subprocess.py:97} INFO - Command exited with return code 0
[2026-06-15T07:21:29.579+0000] {taskinstance.py:441} INFO - ::group::Post task execution logs
[2026-06-15T07:21:29.588+0000] {taskinstance.py:1206} INFO - Marking task as SUCCESS. dag_id=bi_masan_revenue_pipeline, task_id=silver_sales_fact, run_id=scheduled__2026-06-14T00:00:00+00:00, execution_date=20260614T000000, start_date=20260615T072122, end_date=20260615T072129
[2026-06-15T07:21:29.609+0000] {local_task_job_runner.py:243} INFO - Task exited with return code 0
[2026-06-15T07:21:29.626+0000] {taskinstance.py:3503} INFO - 1 downstream tasks scheduled from follow-on schedule check
[2026-06-15T07:21:29.628+0000] {local_task_job_runner.py:222} INFO - ::endgroup::
