[2026-06-15T07:21:49.062+0000] {local_task_job_runner.py:120} INFO - ::group::Pre task execution logs
[2026-06-15T07:21:49.072+0000] {taskinstance.py:2076} INFO - Dependencies all met for dep_context=non-requeueable deps ti=<TaskInstance: bi_masan_revenue_pipeline.bronze_mysql_fact scheduled__2026-06-14T00:00:00+00:00 [queued]>
[2026-06-15T07:21:49.074+0000] {taskinstance.py:2076} INFO - Dependencies all met for dep_context=requeueable deps ti=<TaskInstance: bi_masan_revenue_pipeline.bronze_mysql_fact scheduled__2026-06-14T00:00:00+00:00 [queued]>
[2026-06-15T07:21:49.074+0000] {taskinstance.py:2306} INFO - Starting attempt 1 of 2
[2026-06-15T07:21:49.081+0000] {taskinstance.py:2330} INFO - Executing <Task(BashOperator): bronze_mysql_fact> on 2026-06-14 00:00:00+00:00
[2026-06-15T07:21:49.084+0000] {standard_task_runner.py:64} INFO - Started process 4639 to run task
[2026-06-15T07:21:49.086+0000] {standard_task_runner.py:90} INFO - Running: ['airflow', 'tasks', 'run', 'bi_masan_revenue_pipeline', 'bronze_mysql_fact', 'scheduled__2026-06-14T00:00:00+00:00', '--job-id', '17', '--raw', '--subdir', 'DAGS_FOLDER/bi_masan_pipeline.py', '--cfg-path', '/tmp/tmpm9195ypt']
[2026-06-15T07:21:49.086+0000] {standard_task_runner.py:91} INFO - Job 17: Subtask bronze_mysql_fact
[2026-06-15T07:21:49.104+0000] {task_command.py:426} INFO - Running <TaskInstance: bi_masan_revenue_pipeline.bronze_mysql_fact scheduled__2026-06-14T00:00:00+00:00 [running]> on host 6d0d47d20a89
[2026-06-15T07:21:49.129+0000] {taskinstance.py:2648} INFO - Exporting env vars: AIRFLOW_CTX_DAG_OWNER='airflow' AIRFLOW_CTX_DAG_ID='bi_masan_revenue_pipeline' AIRFLOW_CTX_TASK_ID='bronze_mysql_fact' AIRFLOW_CTX_EXECUTION_DATE='2026-06-14T00:00:00+00:00' AIRFLOW_CTX_TRY_NUMBER='1' AIRFLOW_CTX_DAG_RUN_ID='scheduled__2026-06-14T00:00:00+00:00'
[2026-06-15T07:21:49.130+0000] {taskinstance.py:430} INFO - ::endgroup::
[2026-06-15T07:21:49.136+0000] {subprocess.py:63} INFO - Tmp dir root location: /tmp
[2026-06-15T07:21:49.137+0000] {subprocess.py:75} INFO - Running command: ['/usr/bin/bash', '-c', 'cd /opt/airflow/project && python src/spark_jobs/bronze_jobs/1d_mysql_to_bronze_fact.py']
[2026-06-15T07:21:49.143+0000] {subprocess.py:86} INFO - Output:
[2026-06-15T07:21:49.645+0000] {subprocess.py:93} INFO - /home/airflow/.local/lib/python3.11/site-packages/pyspark/bin/load-spark-env.sh: line 68: ps: command not found
[2026-06-15T07:21:50.349+0000] {subprocess.py:93} INFO - Setting default log level to "WARN".
[2026-06-15T07:21:50.349+0000] {subprocess.py:93} INFO - To adjust logging level use sc.setLogLevel(newLevel). For SparkR, use setLogLevel(newLevel).
[2026-06-15T07:21:50.493+0000] {subprocess.py:93} INFO - 26/06/15 07:21:50 WARN NativeCodeLoader: Unable to load native-hadoop library for your platform... using builtin-java classes where applicable
[2026-06-15T07:21:57.511+0000] {subprocess.py:93} INFO - [Stage 0:>                                                        (0 + 20) / 20]                                                                                [Stage 3:>                                                          (0 + 1) / 1]                                                                                [Stage 7:>                                                          (0 + 1) / 1]                                                                                Starting Spark [BRONZE - MYSQL FACTS]...
[2026-06-15T07:21:57.511+0000] {subprocess.py:93} INFO - 
[2026-06-15T07:21:57.512+0000] {subprocess.py:93} INFO - INGEST DATE: 2026-06-15
[2026-06-15T07:21:57.512+0000] {subprocess.py:93} INFO - RUN MODE: FULL LOAD
[2026-06-15T07:21:57.513+0000] {subprocess.py:93} INFO - 
[2026-06-15T07:21:57.513+0000] {subprocess.py:93} INFO - [FACT] Reading DAILY_MARKETING_SPEND...
[2026-06-15T07:21:57.514+0000] {subprocess.py:93} INFO - Saved 2964 rows to: /opt/airflow/project/datalake/bronze/finance_db/daily_marketing_spend/ingest_date=2026-06-15
[2026-06-15T07:21:57.514+0000] {subprocess.py:93} INFO - 
[2026-06-15T07:21:57.515+0000] {subprocess.py:93} INFO - [FACT] Reading MONTHLY_BUDGETS...
[2026-06-15T07:21:57.515+0000] {subprocess.py:93} INFO - Saved 147 rows to: /opt/airflow/project/datalake/bronze/finance_db/monthly_budgets/ingest_date=2026-06-15
[2026-06-15T07:21:57.516+0000] {subprocess.py:93} INFO - 
[2026-06-15T07:21:57.516+0000] {subprocess.py:93} INFO - Finished MySQL Fact Ingestion!
[2026-06-15T07:21:57.969+0000] {subprocess.py:97} INFO - Command exited with return code 0
[2026-06-15T07:21:57.970+0000] {taskinstance.py:441} INFO - ::group::Post task execution logs
[2026-06-15T07:21:57.978+0000] {taskinstance.py:1206} INFO - Marking task as SUCCESS. dag_id=bi_masan_revenue_pipeline, task_id=bronze_mysql_fact, run_id=scheduled__2026-06-14T00:00:00+00:00, execution_date=20260614T000000, start_date=20260615T072149, end_date=20260615T072157
[2026-06-15T07:21:57.994+0000] {local_task_job_runner.py:243} INFO - Task exited with return code 0
[2026-06-15T07:21:58.006+0000] {taskinstance.py:3503} INFO - 1 downstream tasks scheduled from follow-on schedule check
[2026-06-15T07:21:58.008+0000] {local_task_job_runner.py:222} INFO - ::endgroup::
