[2026-06-15T07:42:56.278+0000] {local_task_job_runner.py:120} INFO - ::group::Pre task execution logs
[2026-06-15T07:42:56.290+0000] {taskinstance.py:2076} INFO - Dependencies all met for dep_context=non-requeueable deps ti=<TaskInstance: bi_masan_revenue_pipeline.gold_mongo scheduled__2026-06-14T00:00:00+00:00 [queued]>
[2026-06-15T07:42:56.293+0000] {taskinstance.py:2076} INFO - Dependencies all met for dep_context=requeueable deps ti=<TaskInstance: bi_masan_revenue_pipeline.gold_mongo scheduled__2026-06-14T00:00:00+00:00 [queued]>
[2026-06-15T07:42:56.293+0000] {taskinstance.py:2306} INFO - Starting attempt 2 of 2
[2026-06-15T07:42:56.299+0000] {taskinstance.py:2330} INFO - Executing <Task(BashOperator): gold_mongo> on 2026-06-14 00:00:00+00:00
[2026-06-15T07:42:56.303+0000] {standard_task_runner.py:64} INFO - Started process 9352 to run task
[2026-06-15T07:42:56.304+0000] {standard_task_runner.py:90} INFO - Running: ['airflow', 'tasks', 'run', 'bi_masan_revenue_pipeline', 'gold_mongo', 'scheduled__2026-06-14T00:00:00+00:00', '--job-id', '29', '--raw', '--subdir', 'DAGS_FOLDER/bi_masan_pipeline.py', '--cfg-path', '/tmp/tmpzuv0jets']
[2026-06-15T07:42:56.305+0000] {standard_task_runner.py:91} INFO - Job 29: Subtask gold_mongo
[2026-06-15T07:42:56.323+0000] {task_command.py:426} INFO - Running <TaskInstance: bi_masan_revenue_pipeline.gold_mongo scheduled__2026-06-14T00:00:00+00:00 [running]> on host 6d0d47d20a89
[2026-06-15T07:42:56.347+0000] {taskinstance.py:2648} INFO - Exporting env vars: AIRFLOW_CTX_DAG_OWNER='airflow' AIRFLOW_CTX_DAG_ID='bi_masan_revenue_pipeline' AIRFLOW_CTX_TASK_ID='gold_mongo' AIRFLOW_CTX_EXECUTION_DATE='2026-06-14T00:00:00+00:00' AIRFLOW_CTX_TRY_NUMBER='2' AIRFLOW_CTX_DAG_RUN_ID='scheduled__2026-06-14T00:00:00+00:00'
[2026-06-15T07:42:56.348+0000] {taskinstance.py:430} INFO - ::endgroup::
[2026-06-15T07:42:56.354+0000] {subprocess.py:63} INFO - Tmp dir root location: /tmp
[2026-06-15T07:42:56.354+0000] {subprocess.py:75} INFO - Running command: ['/usr/bin/bash', '-c', 'cd /opt/airflow/project && python src/spark_jobs/gold_jobs/3_silver_to_gold_mongo.py']
[2026-06-15T07:42:56.363+0000] {subprocess.py:86} INFO - Output:
[2026-06-15T07:42:56.712+0000] {subprocess.py:93} INFO - /home/airflow/.local/lib/python3.11/site-packages/pyspark/bin/load-spark-env.sh: line 68: ps: command not found
[2026-06-15T07:42:57.475+0000] {subprocess.py:93} INFO - 26/06/15 07:42:57 WARN NativeCodeLoader: Unable to load native-hadoop library for your platform... using builtin-java classes where applicable
[2026-06-15T07:42:57.569+0000] {subprocess.py:93} INFO - Setting default log level to "WARN".
[2026-06-15T07:42:57.570+0000] {subprocess.py:93} INFO - To adjust logging level use sc.setLogLevel(newLevel). For SparkR, use setLogLevel(newLevel).
[2026-06-15T07:43:02.508+0000] {subprocess.py:93} INFO - Starting Spark [GOLD - MONGO PRODUCTION/LOGISTICS]...
[2026-06-15T07:43:02.508+0000] {subprocess.py:93} INFO - 
[2026-06-15T07:43:02.508+0000] {subprocess.py:93} INFO - Initializing Mongo staging tables...
[2026-06-15T07:43:02.509+0000] {subprocess.py:93} INFO -    => Mongo staging tables and indexes are ready.
[2026-06-15T07:43:02.509+0000] {subprocess.py:93} INFO - 
[2026-06-15T07:43:02.509+0000] {subprocess.py:93} INFO - [DIM_DATE] Checking and loading...
[2026-06-15T07:43:02.509+0000] {subprocess.py:93} INFO -    => Dim Date already has data. Skipping.
[2026-06-15T07:43:02.509+0000] {subprocess.py:93} INFO - 
[2026-06-15T07:43:02.509+0000] {subprocess.py:93} INFO - [DIM_DEPARTMENT] Loading...
[2026-06-15T07:43:02.509+0000] {subprocess.py:93} INFO -    => Wrote 6 rows to staging: gold.stg_dim_department
[2026-06-15T07:43:02.509+0000] {subprocess.py:93} INFO -    => Upserted into gold.dim_department (6 rows affected)
[2026-06-15T07:43:02.509+0000] {subprocess.py:93} INFO - 
[2026-06-15T07:43:02.509+0000] {subprocess.py:93} INFO - [FACT_PRODUCTION_LOGS] Processing and loading...
[2026-06-15T07:43:02.509+0000] {subprocess.py:93} INFO -    => Skipping 2946 rows missing date/product/department/machine key.
[2026-06-15T07:43:02.509+0000] {subprocess.py:93} INFO - +----------+--------------------+-------------+----------+--------+-----------+--------------+
[2026-06-15T07:43:02.509+0000] {subprocess.py:93} INFO - |log_date  |product_id          |department_id|machine_id|date_key|product_key|department_key|
[2026-06-15T07:43:02.509+0000] {subprocess.py:93} INFO - +----------+--------------------+-------------+----------+--------+-----------+--------------+
[2026-06-15T07:43:02.509+0000] {subprocess.py:93} INFO - |2023-11-24|Sữa tươi không đường|3            |A         |20231124|NULL       |3             |
[2026-06-15T07:43:02.509+0000] {subprocess.py:93} INFO - |2025-09-12|Sữa tươi không đường|6            |A         |20250912|NULL       |6             |
[2026-06-15T07:43:02.510+0000] {subprocess.py:93} INFO - |2024-01-13|Sữa tươi không đường|3            |C         |20240113|NULL       |3             |
[2026-06-15T07:43:02.510+0000] {subprocess.py:93} INFO - |2023-12-10|Sữa tươi không đường|3            |B         |20231210|NULL       |3             |
[2026-06-15T07:43:02.510+0000] {subprocess.py:93} INFO - |2025-02-26|Sữa tươi không đường|2            |A         |20250226|NULL       |2             |
[2026-06-15T07:43:02.510+0000] {subprocess.py:93} INFO - +----------+--------------------+-------------+----------+--------+-----------+--------------+
[2026-06-15T07:43:02.510+0000] {subprocess.py:93} INFO - only showing top 5 rows
[2026-06-15T07:43:02.510+0000] {subprocess.py:93} INFO - 
[2026-06-15T07:43:02.510+0000] {subprocess.py:93} INFO -    => Wrote 0 rows to staging: gold.stg_fact_production_logs
[2026-06-15T07:43:02.510+0000] {subprocess.py:93} INFO -    => Failed to upsert into gold.fact_production_logs: there is no unique or exclusion constraint matching the ON CONFLICT specification
[2026-06-15T07:43:02.510+0000] {subprocess.py:93} INFO - 
[2026-06-15T07:43:02.510+0000] {subprocess.py:93} INFO - Traceback (most recent call last):
[2026-06-15T07:43:02.510+0000] {subprocess.py:93} INFO -   File "/opt/airflow/project/src/spark_jobs/gold_jobs/3_silver_to_gold_mongo.py", line 372, in <module>
[2026-06-15T07:43:02.510+0000] {subprocess.py:93} INFO -     load_fact_production_logs()
[2026-06-15T07:43:02.510+0000] {subprocess.py:93} INFO -   File "/opt/airflow/project/src/spark_jobs/gold_jobs/3_silver_to_gold_mongo.py", line 303, in load_fact_production_logs
[2026-06-15T07:43:02.510+0000] {subprocess.py:93} INFO -     upsert_to_gold(
[2026-06-15T07:43:02.510+0000] {subprocess.py:93} INFO -   File "/opt/airflow/project/src/spark_jobs/gold_jobs/3_silver_to_gold_mongo.py", line 102, in upsert_to_gold
[2026-06-15T07:43:02.510+0000] {subprocess.py:93} INFO -     cur.execute(sql)
[2026-06-15T07:43:02.510+0000] {subprocess.py:93} INFO - psycopg2.errors.InvalidColumnReference: there is no unique or exclusion constraint matching the ON CONFLICT specification
[2026-06-15T07:43:02.510+0000] {subprocess.py:93} INFO - 
[2026-06-15T07:43:02.939+0000] {subprocess.py:97} INFO - Command exited with return code 1
[2026-06-15T07:43:02.939+0000] {taskinstance.py:441} INFO - ::group::Post task execution logs
[2026-06-15T07:43:02.944+0000] {taskinstance.py:2905} ERROR - Task failed with exception
Traceback (most recent call last):
  File "/home/airflow/.local/lib/python3.11/site-packages/airflow/models/taskinstance.py", line 465, in _execute_task
    result = _execute_callable(context=context, **execute_callable_kwargs)
             ^^^^^^^^^^^^^^^^^^^^^^^^^^^^^^^^^^^^^^^^^^^^^^^^^^^^^^^^^^^^^
  File "/home/airflow/.local/lib/python3.11/site-packages/airflow/models/taskinstance.py", line 432, in _execute_callable
    return execute_callable(context=context, **execute_callable_kwargs)
           ^^^^^^^^^^^^^^^^^^^^^^^^^^^^^^^^^^^^^^^^^^^^^^^^^^^^^^^^^^^^
  File "/home/airflow/.local/lib/python3.11/site-packages/airflow/models/baseoperator.py", line 401, in wrapper
    return func(self, *args, **kwargs)
           ^^^^^^^^^^^^^^^^^^^^^^^^^^^
  File "/home/airflow/.local/lib/python3.11/site-packages/airflow/operators/bash.py", line 243, in execute
    raise AirflowException(
airflow.exceptions.AirflowException: Bash command failed. The command returned a non-zero exit code 1.
[2026-06-15T07:43:02.946+0000] {taskinstance.py:1206} INFO - Marking task as FAILED. dag_id=bi_masan_revenue_pipeline, task_id=gold_mongo, run_id=scheduled__2026-06-14T00:00:00+00:00, execution_date=20260614T000000, start_date=20260615T074256, end_date=20260615T074302
[2026-06-15T07:43:02.953+0000] {standard_task_runner.py:110} ERROR - Failed to execute job 29 for task gold_mongo (Bash command failed. The command returned a non-zero exit code 1.; 9352)
[2026-06-15T07:43:02.960+0000] {local_task_job_runner.py:243} INFO - Task exited with return code 1
[2026-06-15T07:43:02.967+0000] {taskinstance.py:3503} INFO - 0 downstream tasks scheduled from follow-on schedule check
[2026-06-15T07:43:02.970+0000] {local_task_job_runner.py:222} INFO - ::endgroup::
