[2026-06-15T08:00:40.338+0000] {local_task_job_runner.py:120} INFO - ::group::Pre task execution logs
[2026-06-15T08:00:40.351+0000] {taskinstance.py:2076} INFO - Dependencies all met for dep_context=non-requeueable deps ti=<TaskInstance: bi_masan_revenue_pipeline.gold_sales manual__2026-06-15T07:12:06.551380+00:00 [queued]>
[2026-06-15T08:00:40.355+0000] {taskinstance.py:2076} INFO - Dependencies all met for dep_context=requeueable deps ti=<TaskInstance: bi_masan_revenue_pipeline.gold_sales manual__2026-06-15T07:12:06.551380+00:00 [queued]>
[2026-06-15T08:00:40.355+0000] {taskinstance.py:2306} INFO - Starting attempt 1 of 2
[2026-06-15T08:00:40.362+0000] {taskinstance.py:2330} INFO - Executing <Task(BashOperator): gold_sales> on 2026-06-15 07:12:06.551380+00:00
[2026-06-15T08:00:40.365+0000] {standard_task_runner.py:64} INFO - Started process 11362 to run task
[2026-06-15T08:00:40.368+0000] {standard_task_runner.py:90} INFO - Running: ['airflow', 'tasks', 'run', 'bi_masan_revenue_pipeline', 'gold_sales', 'manual__2026-06-15T07:12:06.551380+00:00', '--job-id', '34', '--raw', '--subdir', 'DAGS_FOLDER/bi_masan_pipeline.py', '--cfg-path', '/tmp/tmpq8gwcdhh']
[2026-06-15T08:00:40.369+0000] {standard_task_runner.py:91} INFO - Job 34: Subtask gold_sales
[2026-06-15T08:00:40.391+0000] {task_command.py:426} INFO - Running <TaskInstance: bi_masan_revenue_pipeline.gold_sales manual__2026-06-15T07:12:06.551380+00:00 [running]> on host 6d0d47d20a89
[2026-06-15T08:00:40.423+0000] {taskinstance.py:2648} INFO - Exporting env vars: AIRFLOW_CTX_DAG_OWNER='airflow' AIRFLOW_CTX_DAG_ID='bi_masan_revenue_pipeline' AIRFLOW_CTX_TASK_ID='gold_sales' AIRFLOW_CTX_EXECUTION_DATE='2026-06-15T07:12:06.551380+00:00' AIRFLOW_CTX_TRY_NUMBER='1' AIRFLOW_CTX_DAG_RUN_ID='manual__2026-06-15T07:12:06.551380+00:00'
[2026-06-15T08:00:40.423+0000] {taskinstance.py:430} INFO - ::endgroup::
[2026-06-15T08:00:40.430+0000] {subprocess.py:63} INFO - Tmp dir root location: /tmp
[2026-06-15T08:00:40.430+0000] {subprocess.py:75} INFO - Running command: ['/usr/bin/bash', '-c', 'cd /opt/airflow/project && python src/spark_jobs/gold_jobs/3_silver_to_gold_sales.py']
[2026-06-15T08:00:40.438+0000] {subprocess.py:86} INFO - Output:
[2026-06-15T08:00:40.799+0000] {subprocess.py:93} INFO - /home/airflow/.local/lib/python3.11/site-packages/pyspark/bin/load-spark-env.sh: line 68: ps: command not found
[2026-06-15T08:00:41.793+0000] {subprocess.py:93} INFO - 26/06/15 08:00:41 WARN NativeCodeLoader: Unable to load native-hadoop library for your platform... using builtin-java classes where applicable
[2026-06-15T08:00:41.894+0000] {subprocess.py:93} INFO - Setting default log level to "WARN".
[2026-06-15T08:00:41.895+0000] {subprocess.py:93} INFO - To adjust logging level use sc.setLogLevel(newLevel). For SparkR, use setLogLevel(newLevel).
[2026-06-15T08:00:48.560+0000] {subprocess.py:93} INFO - Starting Spark [GOLD - SALES DATA WAREHOUSE]...
[2026-06-15T08:00:48.561+0000] {subprocess.py:93} INFO - 
[2026-06-15T08:00:48.562+0000] {subprocess.py:93} INFO - Initializing Sales staging tables...
[2026-06-15T08:00:48.562+0000] {subprocess.py:93} INFO -    => Sales staging tables are ready.
[2026-06-15T08:00:48.562+0000] {subprocess.py:93} INFO - 
[2026-06-15T08:00:48.563+0000] {subprocess.py:93} INFO - [DIM_DATE] Checking and loading...
[2026-06-15T08:00:48.563+0000] {subprocess.py:93} INFO -    => Wrote 4018 rows to staging: gold.stg_dim_date
[2026-06-15T08:00:48.563+0000] {subprocess.py:93} INFO -    => Upserted into gold.dim_date (4018 rows affected)
[2026-06-15T08:00:48.564+0000] {subprocess.py:93} INFO - 
[2026-06-15T08:00:48.564+0000] {subprocess.py:93} INFO - [DIM_BRANCH] Loading...
[2026-06-15T08:00:48.565+0000] {subprocess.py:93} INFO -    => Wrote 9 rows to staging: gold.stg_dim_branch
[2026-06-15T08:00:48.565+0000] {subprocess.py:93} INFO -    => Upserted into gold.dim_branch (9 rows affected)
[2026-06-15T08:00:48.566+0000] {subprocess.py:93} INFO - 
[2026-06-15T08:00:48.566+0000] {subprocess.py:93} INFO - [DIM_PRODUCT] Loading...
[2026-06-15T08:00:48.566+0000] {subprocess.py:93} INFO -    => Wrote 8 rows to staging: gold.stg_dim_product
[2026-06-15T08:00:48.566+0000] {subprocess.py:93} INFO -    => Upserted into gold.dim_product (8 rows affected)
[2026-06-15T08:00:48.567+0000] {subprocess.py:93} INFO - 
[2026-06-15T08:00:48.567+0000] {subprocess.py:93} INFO - [FACT_SALES] Processing and loading...
[2026-06-15T08:00:48.567+0000] {subprocess.py:93} INFO -    => Wrote 2941 rows to staging: gold.stg_fact_sales
[2026-06-15T08:00:48.567+0000] {subprocess.py:93} INFO -    => Upserted into gold.fact_sales (2941 rows affected)
[2026-06-15T08:00:48.567+0000] {subprocess.py:93} INFO - 
[2026-06-15T08:00:48.567+0000] {subprocess.py:93} INFO - Finished Silver to Gold Sales!
[2026-06-15T08:00:48.975+0000] {subprocess.py:97} INFO - Command exited with return code 0
[2026-06-15T08:00:48.975+0000] {taskinstance.py:441} INFO - ::group::Post task execution logs
[2026-06-15T08:00:48.983+0000] {taskinstance.py:1206} INFO - Marking task as SUCCESS. dag_id=bi_masan_revenue_pipeline, task_id=gold_sales, run_id=manual__2026-06-15T07:12:06.551380+00:00, execution_date=20260615T071206, start_date=20260615T080040, end_date=20260615T080048
[2026-06-15T08:00:49.024+0000] {local_task_job_runner.py:243} INFO - Task exited with return code 0
[2026-06-15T08:00:49.044+0000] {taskinstance.py:3503} INFO - 1 downstream tasks scheduled from follow-on schedule check
[2026-06-15T08:00:49.046+0000] {local_task_job_runner.py:222} INFO - ::endgroup::
