[2026-06-15T07:21:14.972+0000] {local_task_job_runner.py:120} INFO - ::group::Pre task execution logs
[2026-06-15T07:21:14.986+0000] {taskinstance.py:2076} INFO - Dependencies all met for dep_context=non-requeueable deps ti=<TaskInstance: bi_masan_revenue_pipeline.silver_sales_dim scheduled__2026-06-14T00:00:00+00:00 [queued]>
[2026-06-15T07:21:14.989+0000] {taskinstance.py:2076} INFO - Dependencies all met for dep_context=requeueable deps ti=<TaskInstance: bi_masan_revenue_pipeline.silver_sales_dim scheduled__2026-06-14T00:00:00+00:00 [queued]>
[2026-06-15T07:21:14.989+0000] {taskinstance.py:2306} INFO - Starting attempt 3 of 4
[2026-06-15T07:21:14.996+0000] {taskinstance.py:2330} INFO - Executing <Task(BashOperator): silver_sales_dim> on 2026-06-14 00:00:00+00:00
[2026-06-15T07:21:14.999+0000] {standard_task_runner.py:64} INFO - Started process 2850 to run task
[2026-06-15T07:21:15.002+0000] {standard_task_runner.py:90} INFO - Running: ['airflow', 'tasks', 'run', 'bi_masan_revenue_pipeline', 'silver_sales_dim', 'scheduled__2026-06-14T00:00:00+00:00', '--job-id', '13', '--raw', '--subdir', 'DAGS_FOLDER/bi_masan_pipeline.py', '--cfg-path', '/tmp/tmp9diy4d4x']
[2026-06-15T07:21:15.003+0000] {standard_task_runner.py:91} INFO - Job 13: Subtask silver_sales_dim
[2026-06-15T07:21:15.025+0000] {task_command.py:426} INFO - Running <TaskInstance: bi_masan_revenue_pipeline.silver_sales_dim scheduled__2026-06-14T00:00:00+00:00 [running]> on host 6d0d47d20a89
[2026-06-15T07:21:15.052+0000] {taskinstance.py:2648} INFO - Exporting env vars: AIRFLOW_CTX_DAG_OWNER='airflow' AIRFLOW_CTX_DAG_ID='bi_masan_revenue_pipeline' AIRFLOW_CTX_TASK_ID='silver_sales_dim' AIRFLOW_CTX_EXECUTION_DATE='2026-06-14T00:00:00+00:00' AIRFLOW_CTX_TRY_NUMBER='3' AIRFLOW_CTX_DAG_RUN_ID='scheduled__2026-06-14T00:00:00+00:00'
[2026-06-15T07:21:15.052+0000] {taskinstance.py:430} INFO - ::endgroup::
[2026-06-15T07:21:15.058+0000] {subprocess.py:63} INFO - Tmp dir root location: /tmp
[2026-06-15T07:21:15.059+0000] {subprocess.py:75} INFO - Running command: ['/usr/bin/bash', '-c', 'cd /opt/airflow/project && python src/spark_jobs/silver_jobs/2a_bronze_to_silver_dim.py']
[2026-06-15T07:21:15.065+0000] {subprocess.py:86} INFO - Output:
[2026-06-15T07:21:15.429+0000] {subprocess.py:93} INFO - /home/airflow/.local/lib/python3.11/site-packages/pyspark/bin/load-spark-env.sh: line 68: ps: command not found
[2026-06-15T07:21:16.263+0000] {subprocess.py:93} INFO - Setting default log level to "WARN".
[2026-06-15T07:21:16.264+0000] {subprocess.py:93} INFO - To adjust logging level use sc.setLogLevel(newLevel). For SparkR, use setLogLevel(newLevel).
[2026-06-15T07:21:16.385+0000] {subprocess.py:93} INFO - 26/06/15 07:21:16 WARN NativeCodeLoader: Unable to load native-hadoop library for your platform... using builtin-java classes where applicable
[2026-06-15T07:21:20.862+0000] {subprocess.py:93} INFO - ⚙️ Đang khởi tạo Spark [SILVER - DIMENSIONS]...
[2026-06-15T07:21:20.862+0000] {subprocess.py:93} INFO - 
[2026-06-15T07:21:20.863+0000] {subprocess.py:93} INFO - ✨ [DIM] Đang làm sạch bảng CATEGORIES...
[2026-06-15T07:21:20.863+0000] {subprocess.py:93} INFO - 📊 Raw: 4 | Clean: 4 | Dropped: 0
[2026-06-15T07:21:20.864+0000] {subprocess.py:93} INFO - 💾 [SILVER] Đã ghi tại: /opt/airflow/project/datalake/silver/sales_db/categories
[2026-06-15T07:21:20.864+0000] {subprocess.py:93} INFO - 
[2026-06-15T07:21:20.865+0000] {subprocess.py:93} INFO - ✨ [DIM] Đang làm sạch bảng PRODUCTS...
[2026-06-15T07:21:20.865+0000] {subprocess.py:93} INFO - 📊 Raw: 8 | Clean: 8 | Dropped: 0
[2026-06-15T07:21:20.865+0000] {subprocess.py:93} INFO - 💾 [SILVER] Đã ghi tại: /opt/airflow/project/datalake/silver/sales_db/products
[2026-06-15T07:21:20.865+0000] {subprocess.py:93} INFO - 
[2026-06-15T07:21:20.865+0000] {subprocess.py:93} INFO - ✨ [DIM] Đang làm sạch bảng BRANCHES...
[2026-06-15T07:21:20.865+0000] {subprocess.py:93} INFO - 📊 Raw: 9 | Clean: 9 | Dropped: 0
[2026-06-15T07:21:20.865+0000] {subprocess.py:93} INFO - 💾 [SILVER] Đã ghi tại: /opt/airflow/project/datalake/silver/sales_db/branches
[2026-06-15T07:21:20.865+0000] {subprocess.py:93} INFO - 
[2026-06-15T07:21:20.866+0000] {subprocess.py:93} INFO - ✅ Hoàn tất Transformation Dimensions!
[2026-06-15T07:21:21.280+0000] {subprocess.py:97} INFO - Command exited with return code 0
[2026-06-15T07:21:21.281+0000] {taskinstance.py:441} INFO - ::group::Post task execution logs
[2026-06-15T07:21:21.288+0000] {taskinstance.py:1206} INFO - Marking task as SUCCESS. dag_id=bi_masan_revenue_pipeline, task_id=silver_sales_dim, run_id=scheduled__2026-06-14T00:00:00+00:00, execution_date=20260614T000000, start_date=20260615T072114, end_date=20260615T072121
[2026-06-15T07:21:21.334+0000] {local_task_job_runner.py:243} INFO - Task exited with return code 0
[2026-06-15T07:21:21.347+0000] {taskinstance.py:3503} INFO - 1 downstream tasks scheduled from follow-on schedule check
[2026-06-15T07:21:21.350+0000] {local_task_job_runner.py:222} INFO - ::endgroup::
