[2026-06-15T08:04:03.199+0000] {local_task_job_runner.py:120} INFO - ::group::Pre task execution logs
[2026-06-15T08:04:03.210+0000] {taskinstance.py:2076} INFO - Dependencies all met for dep_context=non-requeueable deps ti=<TaskInstance: bi_masan_revenue_pipeline.silver_mysql_dim manual__2026-06-15T07:12:06.551380+00:00 [queued]>
[2026-06-15T08:04:03.213+0000] {taskinstance.py:2076} INFO - Dependencies all met for dep_context=requeueable deps ti=<TaskInstance: bi_masan_revenue_pipeline.silver_mysql_dim manual__2026-06-15T07:12:06.551380+00:00 [queued]>
[2026-06-15T08:04:03.213+0000] {taskinstance.py:2306} INFO - Starting attempt 2 of 3
[2026-06-15T08:04:03.219+0000] {taskinstance.py:2330} INFO - Executing <Task(BashOperator): silver_mysql_dim> on 2026-06-15 07:12:06.551380+00:00
[2026-06-15T08:04:03.224+0000] {standard_task_runner.py:64} INFO - Started process 17269 to run task
[2026-06-15T08:04:03.226+0000] {standard_task_runner.py:90} INFO - Running: ['airflow', 'tasks', 'run', 'bi_masan_revenue_pipeline', 'silver_mysql_dim', 'manual__2026-06-15T07:12:06.551380+00:00', '--job-id', '47', '--raw', '--subdir', 'DAGS_FOLDER/bi_masan_pipeline.py', '--cfg-path', '/tmp/tmpk6nicei4']
[2026-06-15T08:04:03.227+0000] {standard_task_runner.py:91} INFO - Job 47: Subtask silver_mysql_dim
[2026-06-15T08:04:03.249+0000] {task_command.py:426} INFO - Running <TaskInstance: bi_masan_revenue_pipeline.silver_mysql_dim manual__2026-06-15T07:12:06.551380+00:00 [running]> on host 6d0d47d20a89
[2026-06-15T08:04:03.281+0000] {taskinstance.py:2648} INFO - Exporting env vars: AIRFLOW_CTX_DAG_OWNER='airflow' AIRFLOW_CTX_DAG_ID='bi_masan_revenue_pipeline' AIRFLOW_CTX_TASK_ID='silver_mysql_dim' AIRFLOW_CTX_EXECUTION_DATE='2026-06-15T07:12:06.551380+00:00' AIRFLOW_CTX_TRY_NUMBER='2' AIRFLOW_CTX_DAG_RUN_ID='manual__2026-06-15T07:12:06.551380+00:00'
[2026-06-15T08:04:03.281+0000] {taskinstance.py:430} INFO - ::endgroup::
[2026-06-15T08:04:03.288+0000] {subprocess.py:63} INFO - Tmp dir root location: /tmp
[2026-06-15T08:04:03.288+0000] {subprocess.py:75} INFO - Running command: ['/usr/bin/bash', '-c', 'cd /opt/airflow/project && python src/spark_jobs/silver_jobs/2c_bronze_to_silver_mysql_dim.py']
[2026-06-15T08:04:03.297+0000] {subprocess.py:86} INFO - Output:
[2026-06-15T08:04:03.631+0000] {subprocess.py:93} INFO - /home/airflow/.local/lib/python3.11/site-packages/pyspark/bin/load-spark-env.sh: line 68: ps: command not found
[2026-06-15T08:04:04.451+0000] {subprocess.py:93} INFO - Setting default log level to "WARN".
[2026-06-15T08:04:04.451+0000] {subprocess.py:93} INFO - To adjust logging level use sc.setLogLevel(newLevel). For SparkR, use setLogLevel(newLevel).
[2026-06-15T08:04:04.594+0000] {subprocess.py:93} INFO - 26/06/15 08:04:04 WARN NativeCodeLoader: Unable to load native-hadoop library for your platform... using builtin-java classes where applicable
[2026-06-15T08:04:08.151+0000] {subprocess.py:93} INFO - Starting Spark [SILVER - MYSQL DIMENSIONS]...
[2026-06-15T08:04:08.151+0000] {subprocess.py:93} INFO - 
[2026-06-15T08:04:08.151+0000] {subprocess.py:93} INFO - [DIM] Cleaning MARKETING_CAMPAIGNS...
[2026-06-15T08:04:08.151+0000] {subprocess.py:93} INFO - Raw: 6 | Clean: 6 | Dropped: 0
[2026-06-15T08:04:08.151+0000] {subprocess.py:93} INFO - [SILVER] Saved to: /opt/airflow/project/datalake/silver/finance_db/marketing_campaigns
[2026-06-15T08:04:08.152+0000] {subprocess.py:93} INFO - 
[2026-06-15T08:04:08.152+0000] {subprocess.py:93} INFO - Finished MySQL Dimension Transformation!
[2026-06-15T08:04:08.537+0000] {subprocess.py:97} INFO - Command exited with return code 0
[2026-06-15T08:04:08.537+0000] {taskinstance.py:441} INFO - ::group::Post task execution logs
[2026-06-15T08:04:08.551+0000] {taskinstance.py:1206} INFO - Marking task as SUCCESS. dag_id=bi_masan_revenue_pipeline, task_id=silver_mysql_dim, run_id=manual__2026-06-15T07:12:06.551380+00:00, execution_date=20260615T071206, start_date=20260615T080403, end_date=20260615T080408
[2026-06-15T08:04:08.571+0000] {local_task_job_runner.py:243} INFO - Task exited with return code 0
[2026-06-15T08:04:08.588+0000] {taskinstance.py:3503} INFO - 1 downstream tasks scheduled from follow-on schedule check
[2026-06-15T08:04:08.590+0000] {local_task_job_runner.py:222} INFO - ::endgroup::
