[2026-06-15T07:21:31.128+0000] {local_task_job_runner.py:120} INFO - ::group::Pre task execution logs
[2026-06-15T07:21:31.139+0000] {taskinstance.py:2076} INFO - Dependencies all met for dep_context=non-requeueable deps ti=<TaskInstance: bi_masan_revenue_pipeline.gold_sales scheduled__2026-06-14T00:00:00+00:00 [queued]>
[2026-06-15T07:21:31.142+0000] {taskinstance.py:2076} INFO - Dependencies all met for dep_context=requeueable deps ti=<TaskInstance: bi_masan_revenue_pipeline.gold_sales scheduled__2026-06-14T00:00:00+00:00 [queued]>
[2026-06-15T07:21:31.142+0000] {taskinstance.py:2306} INFO - Starting attempt 1 of 2
[2026-06-15T07:21:31.148+0000] {taskinstance.py:2330} INFO - Executing <Task(BashOperator): gold_sales> on 2026-06-14 00:00:00+00:00
[2026-06-15T07:21:31.151+0000] {standard_task_runner.py:64} INFO - Started process 3744 to run task
[2026-06-15T07:21:31.153+0000] {standard_task_runner.py:90} INFO - Running: ['airflow', 'tasks', 'run', 'bi_masan_revenue_pipeline', 'gold_sales', 'scheduled__2026-06-14T00:00:00+00:00', '--job-id', '15', '--raw', '--subdir', 'DAGS_FOLDER/bi_masan_pipeline.py', '--cfg-path', '/tmp/tmpyt771e0f']
[2026-06-15T07:21:31.155+0000] {standard_task_runner.py:91} INFO - Job 15: Subtask gold_sales
[2026-06-15T07:21:31.171+0000] {task_command.py:426} INFO - Running <TaskInstance: bi_masan_revenue_pipeline.gold_sales scheduled__2026-06-14T00:00:00+00:00 [running]> on host 6d0d47d20a89
[2026-06-15T07:21:31.197+0000] {taskinstance.py:2648} INFO - Exporting env vars: AIRFLOW_CTX_DAG_OWNER='airflow' AIRFLOW_CTX_DAG_ID='bi_masan_revenue_pipeline' AIRFLOW_CTX_TASK_ID='gold_sales' AIRFLOW_CTX_EXECUTION_DATE='2026-06-14T00:00:00+00:00' AIRFLOW_CTX_TRY_NUMBER='1' AIRFLOW_CTX_DAG_RUN_ID='scheduled__2026-06-14T00:00:00+00:00'
[2026-06-15T07:21:31.197+0000] {taskinstance.py:430} INFO - ::endgroup::
[2026-06-15T07:21:31.203+0000] {subprocess.py:63} INFO - Tmp dir root location: /tmp
[2026-06-15T07:21:31.203+0000] {subprocess.py:75} INFO - Running command: ['/usr/bin/bash', '-c', 'cd /opt/airflow/project && python src/spark_jobs/gold_jobs/3_silver_to_gold_sales.py']
[2026-06-15T07:21:31.210+0000] {subprocess.py:86} INFO - Output:
[2026-06-15T07:21:31.534+0000] {subprocess.py:93} INFO - /home/airflow/.local/lib/python3.11/site-packages/pyspark/bin/load-spark-env.sh: line 68: ps: command not found
[2026-06-15T07:21:32.275+0000] {subprocess.py:93} INFO - 26/06/15 07:21:32 WARN NativeCodeLoader: Unable to load native-hadoop library for your platform... using builtin-java classes where applicable
[2026-06-15T07:21:32.353+0000] {subprocess.py:93} INFO - Setting default log level to "WARN".
[2026-06-15T07:21:32.353+0000] {subprocess.py:93} INFO - To adjust logging level use sc.setLogLevel(newLevel). For SparkR, use setLogLevel(newLevel).
[2026-06-15T07:21:37.945+0000] {subprocess.py:93} INFO - Starting Spark [GOLD - SALES DATA WAREHOUSE]...
[2026-06-15T07:21:37.946+0000] {subprocess.py:93} INFO - 
[2026-06-15T07:21:37.946+0000] {subprocess.py:93} INFO - Initializing Sales staging tables...
[2026-06-15T07:21:37.947+0000] {subprocess.py:93} INFO -    => Sales staging tables are ready.
[2026-06-15T07:21:37.947+0000] {subprocess.py:93} INFO - 
[2026-06-15T07:21:37.948+0000] {subprocess.py:93} INFO - [DIM_DATE] Checking and loading...
[2026-06-15T07:21:37.948+0000] {subprocess.py:93} INFO -    => Dim Date already has data. Skipping.
[2026-06-15T07:21:37.948+0000] {subprocess.py:93} INFO - 
[2026-06-15T07:21:37.949+0000] {subprocess.py:93} INFO - [DIM_BRANCH] Loading...
[2026-06-15T07:21:37.949+0000] {subprocess.py:93} INFO -    => Wrote 9 rows to staging: gold.stg_dim_branch
[2026-06-15T07:21:37.949+0000] {subprocess.py:93} INFO -    => Upserted into gold.dim_branch (9 rows affected)
[2026-06-15T07:21:37.950+0000] {subprocess.py:93} INFO - 
[2026-06-15T07:21:37.950+0000] {subprocess.py:93} INFO - [DIM_PRODUCT] Loading...
[2026-06-15T07:21:37.951+0000] {subprocess.py:93} INFO -    => No new products.
[2026-06-15T07:21:37.951+0000] {subprocess.py:93} INFO - 
[2026-06-15T07:21:37.951+0000] {subprocess.py:93} INFO - [FACT_SALES] Processing and loading...
[2026-06-15T07:21:37.952+0000] {subprocess.py:93} INFO -    => Wrote 2941 rows to staging: gold.stg_fact_sales
[2026-06-15T07:21:37.952+0000] {subprocess.py:93} INFO -    => Upserted into gold.fact_sales (2941 rows affected)
[2026-06-15T07:21:37.952+0000] {subprocess.py:93} INFO - 
[2026-06-15T07:21:37.952+0000] {subprocess.py:93} INFO - Finished Silver to Gold Sales!
[2026-06-15T07:21:38.357+0000] {subprocess.py:97} INFO - Command exited with return code 0
[2026-06-15T07:21:38.357+0000] {taskinstance.py:441} INFO - ::group::Post task execution logs
[2026-06-15T07:21:38.365+0000] {taskinstance.py:1206} INFO - Marking task as SUCCESS. dag_id=bi_masan_revenue_pipeline, task_id=gold_sales, run_id=scheduled__2026-06-14T00:00:00+00:00, execution_date=20260614T000000, start_date=20260615T072131, end_date=20260615T072138
[2026-06-15T07:21:38.406+0000] {local_task_job_runner.py:243} INFO - Task exited with return code 0
[2026-06-15T07:21:38.416+0000] {taskinstance.py:3503} INFO - 1 downstream tasks scheduled from follow-on schedule check
[2026-06-15T07:21:38.419+0000] {local_task_job_runner.py:222} INFO - ::endgroup::
