[2026-06-15T07:17:44.592+0000] {local_task_job_runner.py:120} INFO - ::group::Pre task execution logs
[2026-06-15T07:17:44.602+0000] {taskinstance.py:2076} INFO - Dependencies all met for dep_context=non-requeueable deps ti=<TaskInstance: bi_masan_revenue_pipeline.silver_sales_dim manual__2026-06-15T07:12:06.551380+00:00 [queued]>
[2026-06-15T07:17:44.605+0000] {taskinstance.py:2076} INFO - Dependencies all met for dep_context=requeueable deps ti=<TaskInstance: bi_masan_revenue_pipeline.silver_sales_dim manual__2026-06-15T07:12:06.551380+00:00 [queued]>
[2026-06-15T07:17:44.605+0000] {taskinstance.py:2306} INFO - Starting attempt 2 of 2
[2026-06-15T07:17:44.611+0000] {taskinstance.py:2330} INFO - Executing <Task(BashOperator): silver_sales_dim> on 2026-06-15 07:12:06.551380+00:00
[2026-06-15T07:17:44.614+0000] {standard_task_runner.py:64} INFO - Started process 1984 to run task
[2026-06-15T07:17:44.616+0000] {standard_task_runner.py:90} INFO - Running: ['airflow', 'tasks', 'run', 'bi_masan_revenue_pipeline', 'silver_sales_dim', 'manual__2026-06-15T07:12:06.551380+00:00', '--job-id', '10', '--raw', '--subdir', 'DAGS_FOLDER/bi_masan_pipeline.py', '--cfg-path', '/tmp/tmpt2vchj0i']
[2026-06-15T07:17:44.617+0000] {standard_task_runner.py:91} INFO - Job 10: Subtask silver_sales_dim
[2026-06-15T07:17:44.636+0000] {task_command.py:426} INFO - Running <TaskInstance: bi_masan_revenue_pipeline.silver_sales_dim manual__2026-06-15T07:12:06.551380+00:00 [running]> on host 6d0d47d20a89
[2026-06-15T07:17:44.661+0000] {taskinstance.py:2648} INFO - Exporting env vars: AIRFLOW_CTX_DAG_OWNER='airflow' AIRFLOW_CTX_DAG_ID='bi_masan_revenue_pipeline' AIRFLOW_CTX_TASK_ID='silver_sales_dim' AIRFLOW_CTX_EXECUTION_DATE='2026-06-15T07:12:06.551380+00:00' AIRFLOW_CTX_TRY_NUMBER='2' AIRFLOW_CTX_DAG_RUN_ID='manual__2026-06-15T07:12:06.551380+00:00'
[2026-06-15T07:17:44.661+0000] {taskinstance.py:430} INFO - ::endgroup::
[2026-06-15T07:17:44.667+0000] {subprocess.py:63} INFO - Tmp dir root location: /tmp
[2026-06-15T07:17:44.668+0000] {subprocess.py:75} INFO - Running command: ['/usr/bin/bash', '-c', 'cd /opt/airflow/project && python src/spark_jobs/silver_jobs/2a_bronze_to_silver_dim.py']
[2026-06-15T07:17:44.673+0000] {subprocess.py:86} INFO - Output:
[2026-06-15T07:17:44.971+0000] {subprocess.py:93} INFO - /home/airflow/.local/lib/python3.11/site-packages/pyspark/bin/load-spark-env.sh: line 68: ps: command not found
[2026-06-15T07:17:45.696+0000] {subprocess.py:93} INFO - Setting default log level to "WARN".
[2026-06-15T07:17:45.696+0000] {subprocess.py:93} INFO - To adjust logging level use sc.setLogLevel(newLevel). For SparkR, use setLogLevel(newLevel).
[2026-06-15T07:17:45.846+0000] {subprocess.py:93} INFO - 26/06/15 07:17:45 WARN NativeCodeLoader: Unable to load native-hadoop library for your platform... using builtin-java classes where applicable
[2026-06-15T07:17:47.469+0000] {subprocess.py:93} INFO - ⚙️ Đang khởi tạo Spark [SILVER - DIMENSIONS]...
[2026-06-15T07:17:47.470+0000] {subprocess.py:93} INFO - 
[2026-06-15T07:17:47.470+0000] {subprocess.py:93} INFO - ✨ [DIM] Đang làm sạch bảng CATEGORIES...
[2026-06-15T07:17:47.470+0000] {subprocess.py:93} INFO - ❌ Lỗi khi xử lý CATEGORIES: [UNABLE_TO_INFER_SCHEMA] Unable to infer schema for Parquet. It must be specified manually.
[2026-06-15T07:17:47.470+0000] {subprocess.py:93} INFO - Traceback (most recent call last):
[2026-06-15T07:17:47.470+0000] {subprocess.py:93} INFO -   File "/opt/airflow/project/src/spark_jobs/silver_jobs/2a_bronze_to_silver_dim.py", line 101, in <module>
[2026-06-15T07:17:47.470+0000] {subprocess.py:93} INFO -     transform_dimensions()
[2026-06-15T07:17:47.470+0000] {subprocess.py:93} INFO -   File "/opt/airflow/project/src/spark_jobs/silver_jobs/2a_bronze_to_silver_dim.py", line 62, in transform_dimensions
[2026-06-15T07:17:47.470+0000] {subprocess.py:93} INFO -     df_raw   = spark.read.parquet(input_path)
[2026-06-15T07:17:47.470+0000] {subprocess.py:93} INFO -                ^^^^^^^^^^^^^^^^^^^^^^^^^^^^^^
[2026-06-15T07:17:47.470+0000] {subprocess.py:93} INFO -   File "/home/airflow/.local/lib/python3.11/site-packages/pyspark/sql/readwriter.py", line 544, in parquet
[2026-06-15T07:17:47.470+0000] {subprocess.py:93} INFO -     return self._df(self._jreader.parquet(_to_seq(self._spark._sc, paths)))
[2026-06-15T07:17:47.470+0000] {subprocess.py:93} INFO -                     ^^^^^^^^^^^^^^^^^^^^^^^^^^^^^^^^^^^^^^^^^^^^^^^^^^^^^^
[2026-06-15T07:17:47.470+0000] {subprocess.py:93} INFO -   File "/home/airflow/.local/lib/python3.11/site-packages/py4j/java_gateway.py", line 1322, in __call__
[2026-06-15T07:17:47.470+0000] {subprocess.py:93} INFO -     return_value = get_return_value(
[2026-06-15T07:17:47.470+0000] {subprocess.py:93} INFO -                    ^^^^^^^^^^^^^^^^^
[2026-06-15T07:17:47.470+0000] {subprocess.py:93} INFO -   File "/home/airflow/.local/lib/python3.11/site-packages/pyspark/errors/exceptions/captured.py", line 185, in deco
[2026-06-15T07:17:47.470+0000] {subprocess.py:93} INFO -     raise converted from None
[2026-06-15T07:17:47.471+0000] {subprocess.py:93} INFO - pyspark.errors.exceptions.captured.AnalysisException: [UNABLE_TO_INFER_SCHEMA] Unable to infer schema for Parquet. It must be specified manually.
[2026-06-15T07:17:47.885+0000] {subprocess.py:97} INFO - Command exited with return code 1
[2026-06-15T07:17:47.885+0000] {taskinstance.py:441} INFO - ::group::Post task execution logs
[2026-06-15T07:17:47.890+0000] {taskinstance.py:2905} ERROR - Task failed with exception
Traceback (most recent call last):
  File "/home/airflow/.local/lib/python3.11/site-packages/airflow/models/taskinstance.py", line 465, in _execute_task
    result = _execute_callable(context=context, **execute_callable_kwargs)
             ^^^^^^^^^^^^^^^^^^^^^^^^^^^^^^^^^^^^^^^^^^^^^^^^^^^^^^^^^^^^^
  File "/home/airflow/.local/lib/python3.11/site-packages/airflow/models/taskinstance.py", line 432, in _execute_callable
    return execute_callable(context=context, **execute_callable_kwargs)
           ^^^^^^^^^^^^^^^^^^^^^^^^^^^^^^^^^^^^^^^^^^^^^^^^^^^^^^^^^^^^
  File "/home/airflow/.local/lib/python3.11/site-packages/airflow/models/baseoperator.py", line 401, in wrapper
    return func(self, *args, **kwargs)
           ^^^^^^^^^^^^^^^^^^^^^^^^^^^
  File "/home/airflow/.local/lib/python3.11/site-packages/airflow/operators/bash.py", line 243, in execute
    raise AirflowException(
airflow.exceptions.AirflowException: Bash command failed. The command returned a non-zero exit code 1.
[2026-06-15T07:17:47.893+0000] {taskinstance.py:1206} INFO - Marking task as FAILED. dag_id=bi_masan_revenue_pipeline, task_id=silver_sales_dim, run_id=manual__2026-06-15T07:12:06.551380+00:00, execution_date=20260615T071206, start_date=20260615T071744, end_date=20260615T071747
[2026-06-15T07:17:47.902+0000] {standard_task_runner.py:110} ERROR - Failed to execute job 10 for task silver_sales_dim (Bash command failed. The command returned a non-zero exit code 1.; 1984)
[2026-06-15T07:17:47.915+0000] {local_task_job_runner.py:243} INFO - Task exited with return code 1
[2026-06-15T07:17:47.933+0000] {taskinstance.py:3503} INFO - 0 downstream tasks scheduled from follow-on schedule check
[2026-06-15T07:17:47.938+0000] {local_task_job_runner.py:222} INFO - ::endgroup::
