[2026-06-15T08:04:10.179+0000] {local_task_job_runner.py:120} INFO - ::group::Pre task execution logs
[2026-06-15T08:04:10.192+0000] {taskinstance.py:2076} INFO - Dependencies all met for dep_context=non-requeueable deps ti=<TaskInstance: bi_masan_revenue_pipeline.silver_mysql_fact manual__2026-06-15T07:12:06.551380+00:00 [queued]>
[2026-06-15T08:04:10.195+0000] {taskinstance.py:2076} INFO - Dependencies all met for dep_context=requeueable deps ti=<TaskInstance: bi_masan_revenue_pipeline.silver_mysql_fact manual__2026-06-15T07:12:06.551380+00:00 [queued]>
[2026-06-15T08:04:10.195+0000] {taskinstance.py:2306} INFO - Starting attempt 2 of 3
[2026-06-15T08:04:10.201+0000] {taskinstance.py:2330} INFO - Executing <Task(BashOperator): silver_mysql_fact> on 2026-06-15 07:12:06.551380+00:00
[2026-06-15T08:04:10.204+0000] {standard_task_runner.py:64} INFO - Started process 17584 to run task
[2026-06-15T08:04:10.206+0000] {standard_task_runner.py:90} INFO - Running: ['airflow', 'tasks', 'run', 'bi_masan_revenue_pipeline', 'silver_mysql_fact', 'manual__2026-06-15T07:12:06.551380+00:00', '--job-id', '48', '--raw', '--subdir', 'DAGS_FOLDER/bi_masan_pipeline.py', '--cfg-path', '/tmp/tmpjxwr37qx']
[2026-06-15T08:04:10.207+0000] {standard_task_runner.py:91} INFO - Job 48: Subtask silver_mysql_fact
[2026-06-15T08:04:10.233+0000] {task_command.py:426} INFO - Running <TaskInstance: bi_masan_revenue_pipeline.silver_mysql_fact manual__2026-06-15T07:12:06.551380+00:00 [running]> on host 6d0d47d20a89
[2026-06-15T08:04:10.268+0000] {taskinstance.py:2648} INFO - Exporting env vars: AIRFLOW_CTX_DAG_OWNER='airflow' AIRFLOW_CTX_DAG_ID='bi_masan_revenue_pipeline' AIRFLOW_CTX_TASK_ID='silver_mysql_fact' AIRFLOW_CTX_EXECUTION_DATE='2026-06-15T07:12:06.551380+00:00' AIRFLOW_CTX_TRY_NUMBER='2' AIRFLOW_CTX_DAG_RUN_ID='manual__2026-06-15T07:12:06.551380+00:00'
[2026-06-15T08:04:10.268+0000] {taskinstance.py:430} INFO - ::endgroup::
[2026-06-15T08:04:10.274+0000] {subprocess.py:63} INFO - Tmp dir root location: /tmp
[2026-06-15T08:04:10.275+0000] {subprocess.py:75} INFO - Running command: ['/usr/bin/bash', '-c', 'cd /opt/airflow/project && python src/spark_jobs/silver_jobs/2d_bronze_to_silver_mysql_fact.py']
[2026-06-15T08:04:10.283+0000] {subprocess.py:86} INFO - Output:
[2026-06-15T08:04:10.624+0000] {subprocess.py:93} INFO - /home/airflow/.local/lib/python3.11/site-packages/pyspark/bin/load-spark-env.sh: line 68: ps: command not found
[2026-06-15T08:04:11.476+0000] {subprocess.py:93} INFO - Setting default log level to "WARN".
[2026-06-15T08:04:11.476+0000] {subprocess.py:93} INFO - To adjust logging level use sc.setLogLevel(newLevel). For SparkR, use setLogLevel(newLevel).
[2026-06-15T08:04:11.585+0000] {subprocess.py:93} INFO - 26/06/15 08:04:11 WARN NativeCodeLoader: Unable to load native-hadoop library for your platform... using builtin-java classes where applicable
[2026-06-15T08:04:17.667+0000] {subprocess.py:93} INFO - Starting Spark [SILVER - MYSQL FACTS]...
[2026-06-15T08:04:17.668+0000] {subprocess.py:93} INFO - 
[2026-06-15T08:04:17.668+0000] {subprocess.py:93} INFO - FULL LOAD
[2026-06-15T08:04:17.669+0000] {subprocess.py:93} INFO - 
[2026-06-15T08:04:17.669+0000] {subprocess.py:93} INFO - [FACT] Cleaning DAILY_MARKETING_SPEND...
[2026-06-15T08:04:17.669+0000] {subprocess.py:93} INFO - Raw: 2964 | Clean: 2955 | Dropped: 9
[2026-06-15T08:04:17.670+0000] {subprocess.py:93} INFO - [SILVER] Daily Marketing Spend saved to: /opt/airflow/project/datalake/silver/finance_db/daily_marketing_spend
[2026-06-15T08:04:17.670+0000] {subprocess.py:93} INFO - 
[2026-06-15T08:04:17.670+0000] {subprocess.py:93} INFO - [FACT] Cleaning MONTHLY_BUDGETS...
[2026-06-15T08:04:17.670+0000] {subprocess.py:93} INFO - Raw: 147 | Clean: 144 | Dropped: 3
[2026-06-15T08:04:17.671+0000] {subprocess.py:93} INFO - [SILVER] Monthly Budgets saved to: /opt/airflow/project/datalake/silver/finance_db/monthly_budgets
[2026-06-15T08:04:17.671+0000] {subprocess.py:93} INFO - 
[2026-06-15T08:04:17.671+0000] {subprocess.py:93} INFO - Finished MySQL Fact Transformation!
[2026-06-15T08:04:18.072+0000] {subprocess.py:97} INFO - Command exited with return code 0
[2026-06-15T08:04:18.072+0000] {taskinstance.py:441} INFO - ::group::Post task execution logs
[2026-06-15T08:04:18.081+0000] {taskinstance.py:1206} INFO - Marking task as SUCCESS. dag_id=bi_masan_revenue_pipeline, task_id=silver_mysql_fact, run_id=manual__2026-06-15T07:12:06.551380+00:00, execution_date=20260615T071206, start_date=20260615T080410, end_date=20260615T080418
[2026-06-15T08:04:18.103+0000] {local_task_job_runner.py:243} INFO - Task exited with return code 0
[2026-06-15T08:04:18.126+0000] {taskinstance.py:3503} INFO - 1 downstream tasks scheduled from follow-on schedule check
[2026-06-15T08:04:18.129+0000] {local_task_job_runner.py:222} INFO - ::endgroup::
