[2026-06-15T07:37:39.689+0000] {local_task_job_runner.py:120} INFO - ::group::Pre task execution logs
[2026-06-15T07:37:39.700+0000] {taskinstance.py:2076} INFO - Dependencies all met for dep_context=non-requeueable deps ti=<TaskInstance: bi_masan_revenue_pipeline.silver_mongo_fact scheduled__2026-06-14T00:00:00+00:00 [queued]>
[2026-06-15T07:37:39.703+0000] {taskinstance.py:2076} INFO - Dependencies all met for dep_context=requeueable deps ti=<TaskInstance: bi_masan_revenue_pipeline.silver_mongo_fact scheduled__2026-06-14T00:00:00+00:00 [queued]>
[2026-06-15T07:37:39.703+0000] {taskinstance.py:2306} INFO - Starting attempt 1 of 2
[2026-06-15T07:37:39.709+0000] {taskinstance.py:2330} INFO - Executing <Task(BashOperator): silver_mongo_fact> on 2026-06-14 00:00:00+00:00
[2026-06-15T07:37:39.712+0000] {standard_task_runner.py:64} INFO - Started process 8581 to run task
[2026-06-15T07:37:39.714+0000] {standard_task_runner.py:90} INFO - Running: ['airflow', 'tasks', 'run', 'bi_masan_revenue_pipeline', 'silver_mongo_fact', 'scheduled__2026-06-14T00:00:00+00:00', '--job-id', '27', '--raw', '--subdir', 'DAGS_FOLDER/bi_masan_pipeline.py', '--cfg-path', '/tmp/tmp80wpfjo6']
[2026-06-15T07:37:39.715+0000] {standard_task_runner.py:91} INFO - Job 27: Subtask silver_mongo_fact
[2026-06-15T07:37:39.733+0000] {task_command.py:426} INFO - Running <TaskInstance: bi_masan_revenue_pipeline.silver_mongo_fact scheduled__2026-06-14T00:00:00+00:00 [running]> on host 6d0d47d20a89
[2026-06-15T07:37:39.759+0000] {taskinstance.py:2648} INFO - Exporting env vars: AIRFLOW_CTX_DAG_OWNER='airflow' AIRFLOW_CTX_DAG_ID='bi_masan_revenue_pipeline' AIRFLOW_CTX_TASK_ID='silver_mongo_fact' AIRFLOW_CTX_EXECUTION_DATE='2026-06-14T00:00:00+00:00' AIRFLOW_CTX_TRY_NUMBER='1' AIRFLOW_CTX_DAG_RUN_ID='scheduled__2026-06-14T00:00:00+00:00'
[2026-06-15T07:37:39.759+0000] {taskinstance.py:430} INFO - ::endgroup::
[2026-06-15T07:37:39.765+0000] {subprocess.py:63} INFO - Tmp dir root location: /tmp
[2026-06-15T07:37:39.765+0000] {subprocess.py:75} INFO - Running command: ['/usr/bin/bash', '-c', 'cd /opt/airflow/project && python src/spark_jobs/silver_jobs/2f_bronze_to_silver_mongo_fact.py']
[2026-06-15T07:37:39.771+0000] {subprocess.py:86} INFO - Output:
[2026-06-15T07:37:40.079+0000] {subprocess.py:93} INFO - /home/airflow/.local/lib/python3.11/site-packages/pyspark/bin/load-spark-env.sh: line 68: ps: command not found
[2026-06-15T07:37:40.850+0000] {subprocess.py:93} INFO - Setting default log level to "WARN".
[2026-06-15T07:37:40.850+0000] {subprocess.py:93} INFO - To adjust logging level use sc.setLogLevel(newLevel). For SparkR, use setLogLevel(newLevel).
[2026-06-15T07:37:40.939+0000] {subprocess.py:93} INFO - 26/06/15 07:37:40 WARN NativeCodeLoader: Unable to load native-hadoop library for your platform... using builtin-java classes where applicable
[2026-06-15T07:37:45.445+0000] {subprocess.py:93} INFO - Starting Spark [SILVER - MONGO FACTS]...
[2026-06-15T07:37:45.446+0000] {subprocess.py:93} INFO - 
[2026-06-15T07:37:45.446+0000] {subprocess.py:93} INFO - FULL LOAD
[2026-06-15T07:37:45.446+0000] {subprocess.py:93} INFO - 
[2026-06-15T07:37:45.446+0000] {subprocess.py:93} INFO - [FACT] Cleaning PRODUCTION_LOGS...
[2026-06-15T07:37:45.446+0000] {subprocess.py:93} INFO - Raw: 2954 | Clean: 2946 | Dropped: 8
[2026-06-15T07:37:45.446+0000] {subprocess.py:93} INFO - [SILVER] Production Logs saved to: /opt/airflow/project/datalake/silver/production_db/production_logs
[2026-06-15T07:37:45.446+0000] {subprocess.py:93} INFO - 
[2026-06-15T07:37:45.446+0000] {subprocess.py:93} INFO - [FACT] Cleaning LOGISTICS_COSTS...
[2026-06-15T07:37:45.446+0000] {subprocess.py:93} INFO - Raw: 2964 | Clean: 2955 | Dropped: 9
[2026-06-15T07:37:45.446+0000] {subprocess.py:93} INFO - [SILVER] Logistics Costs saved to: /opt/airflow/project/datalake/silver/production_db/logistics_costs
[2026-06-15T07:37:45.446+0000] {subprocess.py:93} INFO - 
[2026-06-15T07:37:45.446+0000] {subprocess.py:93} INFO - Finished MongoDB Fact Transformation!
[2026-06-15T07:37:45.836+0000] {subprocess.py:97} INFO - Command exited with return code 0
[2026-06-15T07:37:45.836+0000] {taskinstance.py:441} INFO - ::group::Post task execution logs
[2026-06-15T07:37:45.844+0000] {taskinstance.py:1206} INFO - Marking task as SUCCESS. dag_id=bi_masan_revenue_pipeline, task_id=silver_mongo_fact, run_id=scheduled__2026-06-14T00:00:00+00:00, execution_date=20260614T000000, start_date=20260615T073739, end_date=20260615T073745
[2026-06-15T07:37:45.885+0000] {local_task_job_runner.py:243} INFO - Task exited with return code 0
[2026-06-15T07:37:45.900+0000] {taskinstance.py:3503} INFO - 1 downstream tasks scheduled from follow-on schedule check
[2026-06-15T07:37:45.902+0000] {local_task_job_runner.py:222} INFO - ::endgroup::
