[2026-06-15T08:00:59.905+0000] {local_task_job_runner.py:120} INFO - ::group::Pre task execution logs
[2026-06-15T08:00:59.916+0000] {taskinstance.py:2076} INFO - Dependencies all met for dep_context=non-requeueable deps ti=<TaskInstance: bi_masan_revenue_pipeline.bronze_mysql_fact manual__2026-06-15T07:12:06.551380+00:00 [queued]>
[2026-06-15T08:00:59.919+0000] {taskinstance.py:2076} INFO - Dependencies all met for dep_context=requeueable deps ti=<TaskInstance: bi_masan_revenue_pipeline.bronze_mysql_fact manual__2026-06-15T07:12:06.551380+00:00 [queued]>
[2026-06-15T08:00:59.919+0000] {taskinstance.py:2306} INFO - Starting attempt 1 of 2
[2026-06-15T08:00:59.925+0000] {taskinstance.py:2330} INFO - Executing <Task(BashOperator): bronze_mysql_fact> on 2026-06-15 07:12:06.551380+00:00
[2026-06-15T08:00:59.928+0000] {standard_task_runner.py:64} INFO - Started process 12257 to run task
[2026-06-15T08:00:59.930+0000] {standard_task_runner.py:90} INFO - Running: ['airflow', 'tasks', 'run', 'bi_masan_revenue_pipeline', 'bronze_mysql_fact', 'manual__2026-06-15T07:12:06.551380+00:00', '--job-id', '36', '--raw', '--subdir', 'DAGS_FOLDER/bi_masan_pipeline.py', '--cfg-path', '/tmp/tmpr3u3mpt9']
[2026-06-15T08:00:59.931+0000] {standard_task_runner.py:91} INFO - Job 36: Subtask bronze_mysql_fact
[2026-06-15T08:00:59.946+0000] {task_command.py:426} INFO - Running <TaskInstance: bi_masan_revenue_pipeline.bronze_mysql_fact manual__2026-06-15T07:12:06.551380+00:00 [running]> on host 6d0d47d20a89
[2026-06-15T08:00:59.970+0000] {taskinstance.py:2648} INFO - Exporting env vars: AIRFLOW_CTX_DAG_OWNER='airflow' AIRFLOW_CTX_DAG_ID='bi_masan_revenue_pipeline' AIRFLOW_CTX_TASK_ID='bronze_mysql_fact' AIRFLOW_CTX_EXECUTION_DATE='2026-06-15T07:12:06.551380+00:00' AIRFLOW_CTX_TRY_NUMBER='1' AIRFLOW_CTX_DAG_RUN_ID='manual__2026-06-15T07:12:06.551380+00:00'
[2026-06-15T08:00:59.970+0000] {taskinstance.py:430} INFO - ::endgroup::
[2026-06-15T08:00:59.977+0000] {subprocess.py:63} INFO - Tmp dir root location: /tmp
[2026-06-15T08:00:59.977+0000] {subprocess.py:75} INFO - Running command: ['/usr/bin/bash', '-c', 'cd /opt/airflow/project && python src/spark_jobs/bronze_jobs/1d_mysql_to_bronze_fact.py']
[2026-06-15T08:00:59.984+0000] {subprocess.py:86} INFO - Output:
[2026-06-15T08:01:00.511+0000] {subprocess.py:93} INFO - /home/airflow/.local/lib/python3.11/site-packages/pyspark/bin/load-spark-env.sh: line 68: ps: command not found
[2026-06-15T08:01:01.225+0000] {subprocess.py:93} INFO - Setting default log level to "WARN".
[2026-06-15T08:01:01.225+0000] {subprocess.py:93} INFO - To adjust logging level use sc.setLogLevel(newLevel). For SparkR, use setLogLevel(newLevel).
[2026-06-15T08:01:01.363+0000] {subprocess.py:93} INFO - 26/06/15 08:01:01 WARN NativeCodeLoader: Unable to load native-hadoop library for your platform... using builtin-java classes where applicable
[2026-06-15T08:01:08.108+0000] {subprocess.py:93} INFO - [Stage 0:>                                                        (0 + 20) / 20][Stage 0:======================================================>  (19 + 1) / 20]                                                                                [Stage 3:>                                                          (0 + 1) / 1]                                                                                [Stage 7:>                                                          (0 + 1) / 1]                                                                                Starting Spark [BRONZE - MYSQL FACTS]...
[2026-06-15T08:01:08.109+0000] {subprocess.py:93} INFO - 
[2026-06-15T08:01:08.109+0000] {subprocess.py:93} INFO - INGEST DATE: 2026-06-15
[2026-06-15T08:01:08.109+0000] {subprocess.py:93} INFO - RUN MODE: FULL LOAD
[2026-06-15T08:01:08.109+0000] {subprocess.py:93} INFO - 
[2026-06-15T08:01:08.109+0000] {subprocess.py:93} INFO - [FACT] Reading DAILY_MARKETING_SPEND...
[2026-06-15T08:01:08.109+0000] {subprocess.py:93} INFO - Saved 2964 rows to: /opt/airflow/project/datalake/bronze/finance_db/daily_marketing_spend/ingest_date=2026-06-15
[2026-06-15T08:01:08.109+0000] {subprocess.py:93} INFO - 
[2026-06-15T08:01:08.109+0000] {subprocess.py:93} INFO - [FACT] Reading MONTHLY_BUDGETS...
[2026-06-15T08:01:08.110+0000] {subprocess.py:93} INFO - Saved 147 rows to: /opt/airflow/project/datalake/bronze/finance_db/monthly_budgets/ingest_date=2026-06-15
[2026-06-15T08:01:08.110+0000] {subprocess.py:93} INFO - 
[2026-06-15T08:01:08.110+0000] {subprocess.py:93} INFO - Finished MySQL Fact Ingestion!
[2026-06-15T08:01:08.588+0000] {subprocess.py:97} INFO - Command exited with return code 0
[2026-06-15T08:01:08.589+0000] {taskinstance.py:441} INFO - ::group::Post task execution logs
[2026-06-15T08:01:08.598+0000] {taskinstance.py:1206} INFO - Marking task as SUCCESS. dag_id=bi_masan_revenue_pipeline, task_id=bronze_mysql_fact, run_id=manual__2026-06-15T07:12:06.551380+00:00, execution_date=20260615T071206, start_date=20260615T080059, end_date=20260615T080108
[2026-06-15T08:01:08.642+0000] {local_task_job_runner.py:243} INFO - Task exited with return code 0
[2026-06-15T08:01:08.662+0000] {taskinstance.py:3503} INFO - 1 downstream tasks scheduled from follow-on schedule check
[2026-06-15T08:01:08.665+0000] {local_task_job_runner.py:222} INFO - ::endgroup::
