[2026-06-15T08:00:50.610+0000] {local_task_job_runner.py:120} INFO - ::group::Pre task execution logs
[2026-06-15T08:00:50.622+0000] {taskinstance.py:2076} INFO - Dependencies all met for dep_context=non-requeueable deps ti=<TaskInstance: bi_masan_revenue_pipeline.bronze_mysql_dim manual__2026-06-15T07:12:06.551380+00:00 [queued]>
[2026-06-15T08:00:50.625+0000] {taskinstance.py:2076} INFO - Dependencies all met for dep_context=requeueable deps ti=<TaskInstance: bi_masan_revenue_pipeline.bronze_mysql_dim manual__2026-06-15T07:12:06.551380+00:00 [queued]>
[2026-06-15T08:00:50.625+0000] {taskinstance.py:2306} INFO - Starting attempt 1 of 2
[2026-06-15T08:00:50.631+0000] {taskinstance.py:2330} INFO - Executing <Task(BashOperator): bronze_mysql_dim> on 2026-06-15 07:12:06.551380+00:00
[2026-06-15T08:00:50.634+0000] {standard_task_runner.py:64} INFO - Started process 11823 to run task
[2026-06-15T08:00:50.636+0000] {standard_task_runner.py:90} INFO - Running: ['airflow', 'tasks', 'run', 'bi_masan_revenue_pipeline', 'bronze_mysql_dim', 'manual__2026-06-15T07:12:06.551380+00:00', '--job-id', '35', '--raw', '--subdir', 'DAGS_FOLDER/bi_masan_pipeline.py', '--cfg-path', '/tmp/tmpj5nrwdfy']
[2026-06-15T08:00:50.637+0000] {standard_task_runner.py:91} INFO - Job 35: Subtask bronze_mysql_dim
[2026-06-15T08:00:50.653+0000] {task_command.py:426} INFO - Running <TaskInstance: bi_masan_revenue_pipeline.bronze_mysql_dim manual__2026-06-15T07:12:06.551380+00:00 [running]> on host 6d0d47d20a89
[2026-06-15T08:00:50.679+0000] {taskinstance.py:2648} INFO - Exporting env vars: AIRFLOW_CTX_DAG_OWNER='airflow' AIRFLOW_CTX_DAG_ID='bi_masan_revenue_pipeline' AIRFLOW_CTX_TASK_ID='bronze_mysql_dim' AIRFLOW_CTX_EXECUTION_DATE='2026-06-15T07:12:06.551380+00:00' AIRFLOW_CTX_TRY_NUMBER='1' AIRFLOW_CTX_DAG_RUN_ID='manual__2026-06-15T07:12:06.551380+00:00'
[2026-06-15T08:00:50.679+0000] {taskinstance.py:430} INFO - ::endgroup::
[2026-06-15T08:00:50.686+0000] {subprocess.py:63} INFO - Tmp dir root location: /tmp
[2026-06-15T08:00:50.686+0000] {subprocess.py:75} INFO - Running command: ['/usr/bin/bash', '-c', 'cd /opt/airflow/project && python src/spark_jobs/bronze_jobs/1c_mysql_to_bronze_dim.py']
[2026-06-15T08:00:50.694+0000] {subprocess.py:86} INFO - Output:
[2026-06-15T08:00:51.223+0000] {subprocess.py:93} INFO - /home/airflow/.local/lib/python3.11/site-packages/pyspark/bin/load-spark-env.sh: line 68: ps: command not found
[2026-06-15T08:00:51.946+0000] {subprocess.py:93} INFO - Setting default log level to "WARN".
[2026-06-15T08:00:51.946+0000] {subprocess.py:93} INFO - To adjust logging level use sc.setLogLevel(newLevel). For SparkR, use setLogLevel(newLevel).
[2026-06-15T08:00:52.077+0000] {subprocess.py:93} INFO - 26/06/15 08:00:52 WARN NativeCodeLoader: Unable to load native-hadoop library for your platform... using builtin-java classes where applicable
[2026-06-15T08:00:57.901+0000] {subprocess.py:93} INFO - [Stage 0:>                                                        (0 + 20) / 20]                                                                                [Stage 3:>                                                          (0 + 1) / 1]                                                                                project_root : /opt/airflow/project
[2026-06-15T08:00:57.901+0000] {subprocess.py:93} INFO - bronze_dir   : /opt/airflow/project/datalake/bronze/finance_db
[2026-06-15T08:00:57.902+0000] {subprocess.py:93} INFO - 
[2026-06-15T08:00:57.902+0000] {subprocess.py:93} INFO - Starting Spark [BRONZE - MYSQL DIMENSIONS]...
[2026-06-15T08:00:57.902+0000] {subprocess.py:93} INFO - 
[2026-06-15T08:00:57.902+0000] {subprocess.py:93} INFO - INGEST DATE: 2026-06-15
[2026-06-15T08:00:57.903+0000] {subprocess.py:93} INFO - Tables: ['marketing_campaigns']
[2026-06-15T08:00:57.903+0000] {subprocess.py:93} INFO - 
[2026-06-15T08:00:57.903+0000] {subprocess.py:93} INFO - [DIM] Reading MARKETING_CAMPAIGNS...
[2026-06-15T08:00:57.903+0000] {subprocess.py:93} INFO - Saved 6 rows to: /opt/airflow/project/datalake/bronze/finance_db/marketing_campaigns/ingest_date=2026-06-15
[2026-06-15T08:00:57.903+0000] {subprocess.py:93} INFO - 
[2026-06-15T08:00:57.904+0000] {subprocess.py:93} INFO - ==================================================
[2026-06-15T08:00:57.904+0000] {subprocess.py:93} INFO - Success: ['marketing_campaigns']
[2026-06-15T08:00:57.904+0000] {subprocess.py:93} INFO - 
[2026-06-15T08:00:57.904+0000] {subprocess.py:93} INFO - Finished MySQL Dimension Ingestion!
[2026-06-15T08:00:58.354+0000] {subprocess.py:97} INFO - Command exited with return code 0
[2026-06-15T08:00:58.354+0000] {taskinstance.py:441} INFO - ::group::Post task execution logs
[2026-06-15T08:00:58.362+0000] {taskinstance.py:1206} INFO - Marking task as SUCCESS. dag_id=bi_masan_revenue_pipeline, task_id=bronze_mysql_dim, run_id=manual__2026-06-15T07:12:06.551380+00:00, execution_date=20260615T071206, start_date=20260615T080050, end_date=20260615T080058
[2026-06-15T08:00:58.380+0000] {local_task_job_runner.py:243} INFO - Task exited with return code 0
[2026-06-15T08:00:58.391+0000] {taskinstance.py:3503} INFO - 1 downstream tasks scheduled from follow-on schedule check
[2026-06-15T08:00:58.393+0000] {local_task_job_runner.py:222} INFO - ::endgroup::
