[2026-06-15T07:37:03.948+0000] {local_task_job_runner.py:120} INFO - ::group::Pre task execution logs
[2026-06-15T07:37:03.959+0000] {taskinstance.py:2076} INFO - Dependencies all met for dep_context=non-requeueable deps ti=<TaskInstance: bi_masan_revenue_pipeline.gold_mysql scheduled__2026-06-14T00:00:00+00:00 [queued]>
[2026-06-15T07:37:03.962+0000] {taskinstance.py:2076} INFO - Dependencies all met for dep_context=requeueable deps ti=<TaskInstance: bi_masan_revenue_pipeline.gold_mysql scheduled__2026-06-14T00:00:00+00:00 [queued]>
[2026-06-15T07:37:03.962+0000] {taskinstance.py:2306} INFO - Starting attempt 4 of 5
[2026-06-15T07:37:03.968+0000] {taskinstance.py:2330} INFO - Executing <Task(BashOperator): gold_mysql> on 2026-06-14 00:00:00+00:00
[2026-06-15T07:37:03.972+0000] {standard_task_runner.py:64} INFO - Started process 6762 to run task
[2026-06-15T07:37:03.973+0000] {standard_task_runner.py:90} INFO - Running: ['airflow', 'tasks', 'run', 'bi_masan_revenue_pipeline', 'gold_mysql', 'scheduled__2026-06-14T00:00:00+00:00', '--job-id', '23', '--raw', '--subdir', 'DAGS_FOLDER/bi_masan_pipeline.py', '--cfg-path', '/tmp/tmpnzf3h88q']
[2026-06-15T07:37:03.974+0000] {standard_task_runner.py:91} INFO - Job 23: Subtask gold_mysql
[2026-06-15T07:37:03.990+0000] {task_command.py:426} INFO - Running <TaskInstance: bi_masan_revenue_pipeline.gold_mysql scheduled__2026-06-14T00:00:00+00:00 [running]> on host 6d0d47d20a89
[2026-06-15T07:37:04.015+0000] {taskinstance.py:2648} INFO - Exporting env vars: AIRFLOW_CTX_DAG_OWNER='airflow' AIRFLOW_CTX_DAG_ID='bi_masan_revenue_pipeline' AIRFLOW_CTX_TASK_ID='gold_mysql' AIRFLOW_CTX_EXECUTION_DATE='2026-06-14T00:00:00+00:00' AIRFLOW_CTX_TRY_NUMBER='4' AIRFLOW_CTX_DAG_RUN_ID='scheduled__2026-06-14T00:00:00+00:00'
[2026-06-15T07:37:04.015+0000] {taskinstance.py:430} INFO - ::endgroup::
[2026-06-15T07:37:04.021+0000] {subprocess.py:63} INFO - Tmp dir root location: /tmp
[2026-06-15T07:37:04.021+0000] {subprocess.py:75} INFO - Running command: ['/usr/bin/bash', '-c', 'cd /opt/airflow/project && python src/spark_jobs/gold_jobs/3_silver_to_gold_mysql.py']
[2026-06-15T07:37:04.030+0000] {subprocess.py:86} INFO - Output:
[2026-06-15T07:37:04.363+0000] {subprocess.py:93} INFO - /home/airflow/.local/lib/python3.11/site-packages/pyspark/bin/load-spark-env.sh: line 68: ps: command not found
[2026-06-15T07:37:05.130+0000] {subprocess.py:93} INFO - 26/06/15 07:37:05 WARN NativeCodeLoader: Unable to load native-hadoop library for your platform... using builtin-java classes where applicable
[2026-06-15T07:37:05.220+0000] {subprocess.py:93} INFO - Setting default log level to "WARN".
[2026-06-15T07:37:05.220+0000] {subprocess.py:93} INFO - To adjust logging level use sc.setLogLevel(newLevel). For SparkR, use setLogLevel(newLevel).
[2026-06-15T07:37:11.318+0000] {subprocess.py:93} INFO - Starting Spark [GOLD - MYSQL FINANCE/MARKETING]...
[2026-06-15T07:37:11.319+0000] {subprocess.py:93} INFO - 
[2026-06-15T07:37:11.319+0000] {subprocess.py:93} INFO - Initializing MySQL staging tables...
[2026-06-15T07:37:11.319+0000] {subprocess.py:93} INFO -    => MySQL staging tables are ready.
[2026-06-15T07:37:11.319+0000] {subprocess.py:93} INFO - 
[2026-06-15T07:37:11.319+0000] {subprocess.py:93} INFO - [DIM_DATE] Checking and loading...
[2026-06-15T07:37:11.319+0000] {subprocess.py:93} INFO -    => Wrote 4018 rows to staging: gold.stg_dim_date
[2026-06-15T07:37:11.319+0000] {subprocess.py:93} INFO -    => Upserted into gold.dim_date (4018 rows affected)
[2026-06-15T07:37:11.319+0000] {subprocess.py:93} INFO - 
[2026-06-15T07:37:11.320+0000] {subprocess.py:93} INFO - [DIM_CAMPAIGN] Loading...
[2026-06-15T07:37:11.320+0000] {subprocess.py:93} INFO -    => Wrote 6 rows to staging: gold.stg_dim_campaign
[2026-06-15T07:37:11.320+0000] {subprocess.py:93} INFO -    => Upserted into gold.dim_campaign (6 rows affected)
[2026-06-15T07:37:11.320+0000] {subprocess.py:93} INFO - 
[2026-06-15T07:37:11.320+0000] {subprocess.py:93} INFO - [FACT_MARKETING_SPEND] Processing and loading...
[2026-06-15T07:37:11.320+0000] {subprocess.py:93} INFO -    => Wrote 2164 rows to staging: gold.stg_fact_marketing_spend
[2026-06-15T07:37:11.320+0000] {subprocess.py:93} INFO -    => Upserted into gold.fact_marketing_spend (2164 rows affected)
[2026-06-15T07:37:11.320+0000] {subprocess.py:93} INFO - 
[2026-06-15T07:37:11.320+0000] {subprocess.py:93} INFO - [FACT_MONTHLY_BUDGET] Processing and loading...
[2026-06-15T07:37:11.320+0000] {subprocess.py:93} INFO -    => Wrote 144 rows to staging: gold.stg_fact_monthly_budget
[2026-06-15T07:37:11.320+0000] {subprocess.py:93} INFO -    => Upserted into gold.fact_monthly_budget (144 rows affected)
[2026-06-15T07:37:11.321+0000] {subprocess.py:93} INFO - 
[2026-06-15T07:37:11.321+0000] {subprocess.py:93} INFO - Finished Silver to Gold MySQL Finance/Marketing!
[2026-06-15T07:37:11.705+0000] {subprocess.py:97} INFO - Command exited with return code 0
[2026-06-15T07:37:11.706+0000] {taskinstance.py:441} INFO - ::group::Post task execution logs
[2026-06-15T07:37:11.717+0000] {taskinstance.py:1206} INFO - Marking task as SUCCESS. dag_id=bi_masan_revenue_pipeline, task_id=gold_mysql, run_id=scheduled__2026-06-14T00:00:00+00:00, execution_date=20260614T000000, start_date=20260615T073703, end_date=20260615T073711
[2026-06-15T07:37:11.754+0000] {local_task_job_runner.py:243} INFO - Task exited with return code 0
[2026-06-15T07:37:11.762+0000] {taskinstance.py:3503} INFO - 1 downstream tasks scheduled from follow-on schedule check
[2026-06-15T07:37:11.764+0000] {local_task_job_runner.py:222} INFO - ::endgroup::
