[2026-06-15T07:37:32.845+0000] {local_task_job_runner.py:120} INFO - ::group::Pre task execution logs
[2026-06-15T07:37:32.856+0000] {taskinstance.py:2076} INFO - Dependencies all met for dep_context=non-requeueable deps ti=<TaskInstance: bi_masan_revenue_pipeline.silver_mongo_dim scheduled__2026-06-14T00:00:00+00:00 [queued]>
[2026-06-15T07:37:32.859+0000] {taskinstance.py:2076} INFO - Dependencies all met for dep_context=requeueable deps ti=<TaskInstance: bi_masan_revenue_pipeline.silver_mongo_dim scheduled__2026-06-14T00:00:00+00:00 [queued]>
[2026-06-15T07:37:32.859+0000] {taskinstance.py:2306} INFO - Starting attempt 1 of 2
[2026-06-15T07:37:32.866+0000] {taskinstance.py:2330} INFO - Executing <Task(BashOperator): silver_mongo_dim> on 2026-06-14 00:00:00+00:00
[2026-06-15T07:37:32.868+0000] {standard_task_runner.py:64} INFO - Started process 8265 to run task
[2026-06-15T07:37:32.870+0000] {standard_task_runner.py:90} INFO - Running: ['airflow', 'tasks', 'run', 'bi_masan_revenue_pipeline', 'silver_mongo_dim', 'scheduled__2026-06-14T00:00:00+00:00', '--job-id', '26', '--raw', '--subdir', 'DAGS_FOLDER/bi_masan_pipeline.py', '--cfg-path', '/tmp/tmpzmucbvx2']
[2026-06-15T07:37:32.871+0000] {standard_task_runner.py:91} INFO - Job 26: Subtask silver_mongo_dim
[2026-06-15T07:37:32.888+0000] {task_command.py:426} INFO - Running <TaskInstance: bi_masan_revenue_pipeline.silver_mongo_dim scheduled__2026-06-14T00:00:00+00:00 [running]> on host 6d0d47d20a89
[2026-06-15T07:37:32.914+0000] {taskinstance.py:2648} INFO - Exporting env vars: AIRFLOW_CTX_DAG_OWNER='airflow' AIRFLOW_CTX_DAG_ID='bi_masan_revenue_pipeline' AIRFLOW_CTX_TASK_ID='silver_mongo_dim' AIRFLOW_CTX_EXECUTION_DATE='2026-06-14T00:00:00+00:00' AIRFLOW_CTX_TRY_NUMBER='1' AIRFLOW_CTX_DAG_RUN_ID='scheduled__2026-06-14T00:00:00+00:00'
[2026-06-15T07:37:32.914+0000] {taskinstance.py:430} INFO - ::endgroup::
[2026-06-15T07:37:32.920+0000] {subprocess.py:63} INFO - Tmp dir root location: /tmp
[2026-06-15T07:37:32.920+0000] {subprocess.py:75} INFO - Running command: ['/usr/bin/bash', '-c', 'cd /opt/airflow/project && python src/spark_jobs/silver_jobs/2e_bronze_to_silver_mongo_dim.py']
[2026-06-15T07:37:32.927+0000] {subprocess.py:86} INFO - Output:
[2026-06-15T07:37:33.242+0000] {subprocess.py:93} INFO - /home/airflow/.local/lib/python3.11/site-packages/pyspark/bin/load-spark-env.sh: line 68: ps: command not found
[2026-06-15T07:37:33.995+0000] {subprocess.py:93} INFO - Setting default log level to "WARN".
[2026-06-15T07:37:33.995+0000] {subprocess.py:93} INFO - To adjust logging level use sc.setLogLevel(newLevel). For SparkR, use setLogLevel(newLevel).
[2026-06-15T07:37:34.096+0000] {subprocess.py:93} INFO - 26/06/15 07:37:34 WARN NativeCodeLoader: Unable to load native-hadoop library for your platform... using builtin-java classes where applicable
[2026-06-15T07:37:37.587+0000] {subprocess.py:93} INFO - Starting Spark [SILVER - MONGO DIMENSIONS]...
[2026-06-15T07:37:37.588+0000] {subprocess.py:93} INFO - 
[2026-06-15T07:37:37.588+0000] {subprocess.py:93} INFO - [DIM] Cleaning DEPARTMENTS...
[2026-06-15T07:37:37.588+0000] {subprocess.py:93} INFO - Raw: 6 | Clean: 6 | Dropped: 0
[2026-06-15T07:37:37.588+0000] {subprocess.py:93} INFO - [SILVER] Saved to: /opt/airflow/project/datalake/silver/production_db/departments
[2026-06-15T07:37:37.588+0000] {subprocess.py:93} INFO - 
[2026-06-15T07:37:37.588+0000] {subprocess.py:93} INFO - Finished MongoDB Dimension Transformation!
[2026-06-15T07:37:37.968+0000] {subprocess.py:97} INFO - Command exited with return code 0
[2026-06-15T07:37:37.968+0000] {taskinstance.py:441} INFO - ::group::Post task execution logs
[2026-06-15T07:37:37.976+0000] {taskinstance.py:1206} INFO - Marking task as SUCCESS. dag_id=bi_masan_revenue_pipeline, task_id=silver_mongo_dim, run_id=scheduled__2026-06-14T00:00:00+00:00, execution_date=20260614T000000, start_date=20260615T073732, end_date=20260615T073737
[2026-06-15T07:37:37.995+0000] {local_task_job_runner.py:243} INFO - Task exited with return code 0
[2026-06-15T07:37:38.004+0000] {taskinstance.py:3503} INFO - 1 downstream tasks scheduled from follow-on schedule check
[2026-06-15T07:37:38.006+0000] {local_task_job_runner.py:222} INFO - ::endgroup::
