[2026-06-15T08:00:10.619+0000] {local_task_job_runner.py:120} INFO - ::group::Pre task execution logs
[2026-06-15T08:00:10.630+0000] {taskinstance.py:2076} INFO - Dependencies all met for dep_context=non-requeueable deps ti=<TaskInstance: bi_masan_revenue_pipeline.bronze_sales_dim manual__2026-06-15T07:12:06.551380+00:00 [queued]>
[2026-06-15T08:00:10.632+0000] {taskinstance.py:2076} INFO - Dependencies all met for dep_context=requeueable deps ti=<TaskInstance: bi_masan_revenue_pipeline.bronze_sales_dim manual__2026-06-15T07:12:06.551380+00:00 [queued]>
[2026-06-15T08:00:10.632+0000] {taskinstance.py:2306} INFO - Starting attempt 2 of 3
[2026-06-15T08:00:10.638+0000] {taskinstance.py:2330} INFO - Executing <Task(BashOperator): bronze_sales_dim> on 2026-06-15 07:12:06.551380+00:00
[2026-06-15T08:00:10.642+0000] {standard_task_runner.py:64} INFO - Started process 9835 to run task
[2026-06-15T08:00:10.643+0000] {standard_task_runner.py:90} INFO - Running: ['airflow', 'tasks', 'run', 'bi_masan_revenue_pipeline', 'bronze_sales_dim', 'manual__2026-06-15T07:12:06.551380+00:00', '--job-id', '30', '--raw', '--subdir', 'DAGS_FOLDER/bi_masan_pipeline.py', '--cfg-path', '/tmp/tmpldc4i5en']
[2026-06-15T08:00:10.644+0000] {standard_task_runner.py:91} INFO - Job 30: Subtask bronze_sales_dim
[2026-06-15T08:00:10.662+0000] {task_command.py:426} INFO - Running <TaskInstance: bi_masan_revenue_pipeline.bronze_sales_dim manual__2026-06-15T07:12:06.551380+00:00 [running]> on host 6d0d47d20a89
[2026-06-15T08:00:10.687+0000] {taskinstance.py:2648} INFO - Exporting env vars: AIRFLOW_CTX_DAG_OWNER='airflow' AIRFLOW_CTX_DAG_ID='bi_masan_revenue_pipeline' AIRFLOW_CTX_TASK_ID='bronze_sales_dim' AIRFLOW_CTX_EXECUTION_DATE='2026-06-15T07:12:06.551380+00:00' AIRFLOW_CTX_TRY_NUMBER='2' AIRFLOW_CTX_DAG_RUN_ID='manual__2026-06-15T07:12:06.551380+00:00'
[2026-06-15T08:00:10.687+0000] {taskinstance.py:430} INFO - ::endgroup::
[2026-06-15T08:00:10.693+0000] {subprocess.py:63} INFO - Tmp dir root location: /tmp
[2026-06-15T08:00:10.694+0000] {subprocess.py:75} INFO - Running command: ['/usr/bin/bash', '-c', 'cd /opt/airflow/project && python src/spark_jobs/bronze_jobs/1a_postgres_to_bronze_dim.py']
[2026-06-15T08:00:10.702+0000] {subprocess.py:86} INFO - Output:
[2026-06-15T08:00:11.013+0000] {subprocess.py:93} INFO - /home/airflow/.local/lib/python3.11/site-packages/pyspark/bin/load-spark-env.sh: line 68: ps: command not found
[2026-06-15T08:00:11.769+0000] {subprocess.py:93} INFO - 26/06/15 08:00:11 WARN NativeCodeLoader: Unable to load native-hadoop library for your platform... using builtin-java classes where applicable
[2026-06-15T08:00:11.851+0000] {subprocess.py:93} INFO - Setting default log level to "WARN".
[2026-06-15T08:00:11.851+0000] {subprocess.py:93} INFO - To adjust logging level use sc.setLogLevel(newLevel). For SparkR, use setLogLevel(newLevel).
[2026-06-15T08:00:16.071+0000] {subprocess.py:93} INFO - 📁 project_root : /opt/airflow/project
[2026-06-15T08:00:16.072+0000] {subprocess.py:93} INFO - 📁 bronze_dir   : /opt/airflow/project/datalake/bronze/sales_db
[2026-06-15T08:00:16.072+0000] {subprocess.py:93} INFO - 📁 postgres_jar : /opt/airflow/project/jars/postgresql-42.7.3.jar
[2026-06-15T08:00:16.072+0000] {subprocess.py:93} INFO - ✅ Jar exists   : True
[2026-06-15T08:00:16.072+0000] {subprocess.py:93} INFO - 
[2026-06-15T08:00:16.073+0000] {subprocess.py:93} INFO - 🚀 Đang khởi tạo Spark [BRONZE - DIMENSIONS]...
[2026-06-15T08:00:16.073+0000] {subprocess.py:93} INFO - 
[2026-06-15T08:00:16.073+0000] {subprocess.py:93} INFO - 📅 NGÀY THỰC THI (INGEST DATE): 2026-06-15
[2026-06-15T08:00:16.073+0000] {subprocess.py:93} INFO - 📋 Danh sách bảng: ['categories', 'products', 'branches']
[2026-06-15T08:00:16.073+0000] {subprocess.py:93} INFO - 
[2026-06-15T08:00:16.073+0000] {subprocess.py:93} INFO - 📥 [DIM] Đang hút bảng CATEGORIES...
[2026-06-15T08:00:16.074+0000] {subprocess.py:93} INFO - 📂 Đã lưu 4 dòng tại: /opt/airflow/project/datalake/bronze/sales_db/categories/ingest_date=2026-06-15
[2026-06-15T08:00:16.074+0000] {subprocess.py:93} INFO - 
[2026-06-15T08:00:16.074+0000] {subprocess.py:93} INFO - 📥 [DIM] Đang hút bảng PRODUCTS...
[2026-06-15T08:00:16.074+0000] {subprocess.py:93} INFO - 📂 Đã lưu 8 dòng tại: /opt/airflow/project/datalake/bronze/sales_db/products/ingest_date=2026-06-15
[2026-06-15T08:00:16.074+0000] {subprocess.py:93} INFO - 
[2026-06-15T08:00:16.074+0000] {subprocess.py:93} INFO - 📥 [DIM] Đang hút bảng BRANCHES...
[2026-06-15T08:00:16.075+0000] {subprocess.py:93} INFO - 📂 Đã lưu 9 dòng tại: /opt/airflow/project/datalake/bronze/sales_db/branches/ingest_date=2026-06-15
[2026-06-15T08:00:16.075+0000] {subprocess.py:93} INFO - 
[2026-06-15T08:00:16.075+0000] {subprocess.py:93} INFO - ==================================================
[2026-06-15T08:00:16.075+0000] {subprocess.py:93} INFO - ✅ Thành công : ['categories', 'products', 'branches']
[2026-06-15T08:00:16.075+0000] {subprocess.py:93} INFO - 
[2026-06-15T08:00:16.075+0000] {subprocess.py:93} INFO - ✅ Hoàn tất Ingestion Dimensions!
[2026-06-15T08:00:16.460+0000] {subprocess.py:97} INFO - Command exited with return code 0
[2026-06-15T08:00:16.460+0000] {taskinstance.py:441} INFO - ::group::Post task execution logs
[2026-06-15T08:00:16.467+0000] {taskinstance.py:1206} INFO - Marking task as SUCCESS. dag_id=bi_masan_revenue_pipeline, task_id=bronze_sales_dim, run_id=manual__2026-06-15T07:12:06.551380+00:00, execution_date=20260615T071206, start_date=20260615T080010, end_date=20260615T080016
[2026-06-15T08:00:16.489+0000] {local_task_job_runner.py:243} INFO - Task exited with return code 0
[2026-06-15T08:00:16.503+0000] {taskinstance.py:3503} INFO - 1 downstream tasks scheduled from follow-on schedule check
[2026-06-15T08:00:16.506+0000] {local_task_job_runner.py:222} INFO - ::endgroup::
