[2026-06-15T08:01:42.899+0000] {local_task_job_runner.py:120} INFO - ::group::Pre task execution logs
[2026-06-15T08:01:42.911+0000] {taskinstance.py:2076} INFO - Dependencies all met for dep_context=non-requeueable deps ti=<TaskInstance: bi_masan_revenue_pipeline.bronze_mongo_fact manual__2026-06-15T07:12:06.551380+00:00 [queued]>
[2026-06-15T08:01:42.914+0000] {taskinstance.py:2076} INFO - Dependencies all met for dep_context=requeueable deps ti=<TaskInstance: bi_masan_revenue_pipeline.bronze_mongo_fact manual__2026-06-15T07:12:06.551380+00:00 [queued]>
[2026-06-15T08:01:42.914+0000] {taskinstance.py:2306} INFO - Starting attempt 1 of 2
[2026-06-15T08:01:42.920+0000] {taskinstance.py:2330} INFO - Executing <Task(BashOperator): bronze_mongo_fact> on 2026-06-15 07:12:06.551380+00:00
[2026-06-15T08:01:42.923+0000] {standard_task_runner.py:64} INFO - Started process 14453 to run task
[2026-06-15T08:01:42.925+0000] {standard_task_runner.py:90} INFO - Running: ['airflow', 'tasks', 'run', 'bi_masan_revenue_pipeline', 'bronze_mongo_fact', 'manual__2026-06-15T07:12:06.551380+00:00', '--job-id', '41', '--raw', '--subdir', 'DAGS_FOLDER/bi_masan_pipeline.py', '--cfg-path', '/tmp/tmp1tj4p3iq']
[2026-06-15T08:01:42.926+0000] {standard_task_runner.py:91} INFO - Job 41: Subtask bronze_mongo_fact
[2026-06-15T08:01:42.941+0000] {task_command.py:426} INFO - Running <TaskInstance: bi_masan_revenue_pipeline.bronze_mongo_fact manual__2026-06-15T07:12:06.551380+00:00 [running]> on host 6d0d47d20a89
[2026-06-15T08:01:42.968+0000] {taskinstance.py:2648} INFO - Exporting env vars: AIRFLOW_CTX_DAG_OWNER='airflow' AIRFLOW_CTX_DAG_ID='bi_masan_revenue_pipeline' AIRFLOW_CTX_TASK_ID='bronze_mongo_fact' AIRFLOW_CTX_EXECUTION_DATE='2026-06-15T07:12:06.551380+00:00' AIRFLOW_CTX_TRY_NUMBER='1' AIRFLOW_CTX_DAG_RUN_ID='manual__2026-06-15T07:12:06.551380+00:00'
[2026-06-15T08:01:42.968+0000] {taskinstance.py:430} INFO - ::endgroup::
[2026-06-15T08:01:42.974+0000] {subprocess.py:63} INFO - Tmp dir root location: /tmp
[2026-06-15T08:01:42.975+0000] {subprocess.py:75} INFO - Running command: ['/usr/bin/bash', '-c', 'cd /opt/airflow/project && python src/spark_jobs/bronze_jobs/1f_mongo_to_bronze_fact.py']
[2026-06-15T08:01:42.981+0000] {subprocess.py:86} INFO - Output:
[2026-06-15T08:01:43.514+0000] {subprocess.py:93} INFO - /home/airflow/.local/lib/python3.11/site-packages/pyspark/bin/load-spark-env.sh: line 68: ps: command not found
[2026-06-15T08:01:44.261+0000] {subprocess.py:93} INFO - Setting default log level to "WARN".
[2026-06-15T08:01:44.261+0000] {subprocess.py:93} INFO - To adjust logging level use sc.setLogLevel(newLevel). For SparkR, use setLogLevel(newLevel).
[2026-06-15T08:01:44.374+0000] {subprocess.py:93} INFO - 26/06/15 08:01:44 WARN NativeCodeLoader: Unable to load native-hadoop library for your platform... using builtin-java classes where applicable
[2026-06-15T08:01:51.516+0000] {subprocess.py:93} INFO - [Stage 0:>                                                        (0 + 20) / 20][Stage 0:======================================================>  (19 + 1) / 20]                                                                                [Stage 3:>                                                          (0 + 1) / 1]                                                                                [Stage 7:>                                                          (0 + 1) / 1]                                                                                Starting Spark [BRONZE - MONGO FACTS]...
[2026-06-15T08:01:51.517+0000] {subprocess.py:93} INFO - 
[2026-06-15T08:01:51.517+0000] {subprocess.py:93} INFO - INGEST DATE: 2026-06-15
[2026-06-15T08:01:51.518+0000] {subprocess.py:93} INFO - Collections: ['ProductionLogs', 'LogisticsCosts']
[2026-06-15T08:01:51.518+0000] {subprocess.py:93} INFO - 
[2026-06-15T08:01:51.518+0000] {subprocess.py:93} INFO - [FACT] Reading Mongo collection ProductionLogs...
[2026-06-15T08:01:51.519+0000] {subprocess.py:93} INFO - Saved 2954 rows to: /opt/airflow/project/datalake/bronze/production_db/production_logs/ingest_date=2026-06-15
[2026-06-15T08:01:51.519+0000] {subprocess.py:93} INFO - 
[2026-06-15T08:01:51.519+0000] {subprocess.py:93} INFO - [FACT] Reading Mongo collection LogisticsCosts...
[2026-06-15T08:01:51.520+0000] {subprocess.py:93} INFO - Saved 2964 rows to: /opt/airflow/project/datalake/bronze/production_db/logistics_costs/ingest_date=2026-06-15
[2026-06-15T08:01:51.520+0000] {subprocess.py:93} INFO - 
[2026-06-15T08:01:51.520+0000] {subprocess.py:93} INFO - Finished MongoDB Fact Ingestion!
[2026-06-15T08:01:51.983+0000] {subprocess.py:97} INFO - Command exited with return code 0
[2026-06-15T08:01:51.984+0000] {taskinstance.py:441} INFO - ::group::Post task execution logs
[2026-06-15T08:01:51.992+0000] {taskinstance.py:1206} INFO - Marking task as SUCCESS. dag_id=bi_masan_revenue_pipeline, task_id=bronze_mongo_fact, run_id=manual__2026-06-15T07:12:06.551380+00:00, execution_date=20260615T071206, start_date=20260615T080142, end_date=20260615T080151
[2026-06-15T08:01:52.029+0000] {local_task_job_runner.py:243} INFO - Task exited with return code 0
[2026-06-15T08:01:52.048+0000] {taskinstance.py:3503} INFO - 1 downstream tasks scheduled from follow-on schedule check
[2026-06-15T08:01:52.050+0000] {local_task_job_runner.py:222} INFO - ::endgroup::
