[2026-06-15T06:58:29.520+0000] {local_task_job_runner.py:120} INFO - ::group::Pre task execution logs
[2026-06-15T06:58:29.531+0000] {taskinstance.py:2076} INFO - Dependencies all met for dep_context=non-requeueable deps ti=<TaskInstance: bi_masan_revenue_pipeline.bronze_sales_dim manual__2026-06-15T06:58:22.841708+00:00 [queued]>
[2026-06-15T06:58:29.533+0000] {taskinstance.py:2076} INFO - Dependencies all met for dep_context=requeueable deps ti=<TaskInstance: bi_masan_revenue_pipeline.bronze_sales_dim manual__2026-06-15T06:58:22.841708+00:00 [queued]>
[2026-06-15T06:58:29.533+0000] {taskinstance.py:2306} INFO - Starting attempt 1 of 2
[2026-06-15T06:58:29.539+0000] {taskinstance.py:2330} INFO - Executing <Task(BashOperator): bronze_sales_dim> on 2026-06-15 06:58:22.841708+00:00
[2026-06-15T06:58:29.542+0000] {standard_task_runner.py:64} INFO - Started process 368 to run task
[2026-06-15T06:58:29.544+0000] {standard_task_runner.py:90} INFO - Running: ['airflow', 'tasks', 'run', 'bi_masan_revenue_pipeline', 'bronze_sales_dim', 'manual__2026-06-15T06:58:22.841708+00:00', '--job-id', '4', '--raw', '--subdir', 'DAGS_FOLDER/bi_masan_pipeline.py', '--cfg-path', '/tmp/tmpcsj0c5bc']
[2026-06-15T06:58:29.545+0000] {standard_task_runner.py:91} INFO - Job 4: Subtask bronze_sales_dim
[2026-06-15T06:58:29.561+0000] {task_command.py:426} INFO - Running <TaskInstance: bi_masan_revenue_pipeline.bronze_sales_dim manual__2026-06-15T06:58:22.841708+00:00 [running]> on host fc65d4a3bb5a
[2026-06-15T06:58:29.586+0000] {taskinstance.py:2648} INFO - Exporting env vars: AIRFLOW_CTX_DAG_OWNER='airflow' AIRFLOW_CTX_DAG_ID='bi_masan_revenue_pipeline' AIRFLOW_CTX_TASK_ID='bronze_sales_dim' AIRFLOW_CTX_EXECUTION_DATE='2026-06-15T06:58:22.841708+00:00' AIRFLOW_CTX_TRY_NUMBER='1' AIRFLOW_CTX_DAG_RUN_ID='manual__2026-06-15T06:58:22.841708+00:00'
[2026-06-15T06:58:29.586+0000] {taskinstance.py:430} INFO - ::endgroup::
[2026-06-15T06:58:29.592+0000] {subprocess.py:63} INFO - Tmp dir root location: /tmp
[2026-06-15T06:58:29.592+0000] {subprocess.py:75} INFO - Running command: ['/usr/bin/bash', '-c', 'cd /opt/airflow/project && python src/spark_jobs/bronze_jobs/1a_postgres_to_bronze_dim.py']
[2026-06-15T06:58:29.598+0000] {subprocess.py:86} INFO - Output:
[2026-06-15T06:58:29.921+0000] {subprocess.py:93} INFO - /home/airflow/.local/lib/python3.11/site-packages/pyspark/bin/load-spark-env.sh: line 68: ps: command not found
[2026-06-15T06:58:30.806+0000] {subprocess.py:93} INFO - 26/06/15 06:58:30 WARN NativeCodeLoader: Unable to load native-hadoop library for your platform... using builtin-java classes where applicable
[2026-06-15T06:58:30.892+0000] {subprocess.py:93} INFO - Setting default log level to "WARN".
[2026-06-15T06:58:30.892+0000] {subprocess.py:93} INFO - To adjust logging level use sc.setLogLevel(newLevel). For SparkR, use setLogLevel(newLevel).
[2026-06-15T06:58:32.129+0000] {subprocess.py:93} INFO - 📁 project_root : /opt/airflow/project
[2026-06-15T06:58:32.129+0000] {subprocess.py:93} INFO - 📁 bronze_dir   : /opt/airflow/project/datalake/bronze/sales_db
[2026-06-15T06:58:32.129+0000] {subprocess.py:93} INFO - 📁 postgres_jar : /opt/airflow/project/jars/postgresql-42.7.3.jar
[2026-06-15T06:58:32.129+0000] {subprocess.py:93} INFO - ✅ Jar exists   : True
[2026-06-15T06:58:32.130+0000] {subprocess.py:93} INFO - 
[2026-06-15T06:58:32.130+0000] {subprocess.py:93} INFO - 🚀 Đang khởi tạo Spark [BRONZE - DIMENSIONS]...
[2026-06-15T06:58:32.130+0000] {subprocess.py:93} INFO - 
[2026-06-15T06:58:32.130+0000] {subprocess.py:93} INFO - 📅 NGÀY THỰC THI (INGEST DATE): 2026-06-15
[2026-06-15T06:58:32.130+0000] {subprocess.py:93} INFO - 📋 Danh sách bảng: ['categories', 'products', 'branches']
[2026-06-15T06:58:32.130+0000] {subprocess.py:93} INFO - 
[2026-06-15T06:58:32.130+0000] {subprocess.py:93} INFO - 📥 [DIM] Đang hút bảng CATEGORIES...
[2026-06-15T06:58:32.130+0000] {subprocess.py:93} INFO - ❌ Lỗi khi xử lý bảng CATEGORIES: An error occurred while calling o37.load.
[2026-06-15T06:58:32.130+0000] {subprocess.py:93} INFO - : org.postgresql.util.PSQLException: The connection attempt failed.
[2026-06-15T06:58:32.130+0000] {subprocess.py:93} INFO - 	at org.postgresql.core.v3.ConnectionFactoryImpl.openConnectionImpl(ConnectionFactoryImpl.java:358)
[2026-06-15T06:58:32.130+0000] {subprocess.py:93} INFO - 	at org.postgresql.core.ConnectionFactory.openConnection(ConnectionFactory.java:54)
[2026-06-15T06:58:32.130+0000] {subprocess.py:93} INFO - 	at org.postgresql.jdbc.PgConnection.<init>(PgConnection.java:273)
[2026-06-15T06:58:32.130+0000] {subprocess.py:93} INFO - 	at org.postgresql.Driver.makeConnection(Driver.java:446)
[2026-06-15T06:58:32.130+0000] {subprocess.py:93} INFO - 	at org.postgresql.Driver.connect(Driver.java:298)
[2026-06-15T06:58:32.130+0000] {subprocess.py:93} INFO - 	at org.apache.spark.sql.execution.datasources.jdbc.connection.BasicConnectionProvider.getConnection(BasicConnectionProvider.scala:49)
[2026-06-15T06:58:32.130+0000] {subprocess.py:93} INFO - 	at org.apache.spark.sql.execution.datasources.jdbc.connection.ConnectionProviderBase.create(ConnectionProvider.scala:102)
[2026-06-15T06:58:32.130+0000] {subprocess.py:93} INFO - 	at org.apache.spark.sql.jdbc.JdbcDialect.$anonfun$createConnectionFactory$1(JdbcDialects.scala:160)
[2026-06-15T06:58:32.130+0000] {subprocess.py:93} INFO - 	at org.apache.spark.sql.jdbc.JdbcDialect.$anonfun$createConnectionFactory$1$adapted(JdbcDialects.scala:156)
[2026-06-15T06:58:32.130+0000] {subprocess.py:93} INFO - 	at org.apache.spark.sql.execution.datasources.jdbc.JDBCRDD$.getQueryOutputSchema(JDBCRDD.scala:63)
[2026-06-15T06:58:32.130+0000] {subprocess.py:93} INFO - 	at org.apache.spark.sql.execution.datasources.jdbc.JDBCRDD$.resolveTable(JDBCRDD.scala:58)
[2026-06-15T06:58:32.130+0000] {subprocess.py:93} INFO - 	at org.apache.spark.sql.execution.datasources.jdbc.JDBCRelation$.getSchema(JDBCRelation.scala:241)
[2026-06-15T06:58:32.130+0000] {subprocess.py:93} INFO - 	at org.apache.spark.sql.execution.datasources.jdbc.JdbcRelationProvider.createRelation(JdbcRelationProvider.scala:37)
[2026-06-15T06:58:32.130+0000] {subprocess.py:93} INFO - 	at org.apache.spark.sql.execution.datasources.DataSource.resolveRelation(DataSource.scala:346)
[2026-06-15T06:58:32.130+0000] {subprocess.py:93} INFO - 	at org.apache.spark.sql.DataFrameReader.loadV1Source(DataFrameReader.scala:229)
[2026-06-15T06:58:32.130+0000] {subprocess.py:93} INFO - 	at org.apache.spark.sql.DataFrameReader.$anonfun$load$2(DataFrameReader.scala:211)
[2026-06-15T06:58:32.130+0000] {subprocess.py:93} INFO - 	at scala.Option.getOrElse(Option.scala:189)
[2026-06-15T06:58:32.130+0000] {subprocess.py:93} INFO - 	at org.apache.spark.sql.DataFrameReader.load(DataFrameReader.scala:211)
[2026-06-15T06:58:32.130+0000] {subprocess.py:93} INFO - 	at org.apache.spark.sql.DataFrameReader.load(DataFrameReader.scala:172)
[2026-06-15T06:58:32.130+0000] {subprocess.py:93} INFO - 	at java.base/jdk.internal.reflect.NativeMethodAccessorImpl.invoke0(Native Method)
[2026-06-15T06:58:32.130+0000] {subprocess.py:93} INFO - 	at java.base/jdk.internal.reflect.NativeMethodAccessorImpl.invoke(NativeMethodAccessorImpl.java:77)
[2026-06-15T06:58:32.131+0000] {subprocess.py:93} INFO - 	at java.base/jdk.internal.reflect.DelegatingMethodAccessorImpl.invoke(DelegatingMethodAccessorImpl.java:43)
[2026-06-15T06:58:32.131+0000] {subprocess.py:93} INFO - 	at java.base/java.lang.reflect.Method.invoke(Method.java:569)
[2026-06-15T06:58:32.131+0000] {subprocess.py:93} INFO - 	at py4j.reflection.MethodInvoker.invoke(MethodInvoker.java:244)
[2026-06-15T06:58:32.131+0000] {subprocess.py:93} INFO - 	at py4j.reflection.ReflectionEngine.invoke(ReflectionEngine.java:374)
[2026-06-15T06:58:32.131+0000] {subprocess.py:93} INFO - 	at py4j.Gateway.invoke(Gateway.java:282)
[2026-06-15T06:58:32.131+0000] {subprocess.py:93} INFO - 	at py4j.commands.AbstractCommand.invokeMethod(AbstractCommand.java:132)
[2026-06-15T06:58:32.131+0000] {subprocess.py:93} INFO - 	at py4j.commands.CallCommand.execute(CallCommand.java:79)
[2026-06-15T06:58:32.131+0000] {subprocess.py:93} INFO - 	at py4j.ClientServerConnection.waitForCommands(ClientServerConnection.java:182)
[2026-06-15T06:58:32.131+0000] {subprocess.py:93} INFO - 	at py4j.ClientServerConnection.run(ClientServerConnection.java:106)
[2026-06-15T06:58:32.131+0000] {subprocess.py:93} INFO - 	at java.base/java.lang.Thread.run(Thread.java:840)
[2026-06-15T06:58:32.131+0000] {subprocess.py:93} INFO - Caused by: java.net.UnknownHostException: stg_postgres_sales
[2026-06-15T06:58:32.131+0000] {subprocess.py:93} INFO - 	at java.base/sun.nio.ch.NioSocketImpl.connect(NioSocketImpl.java:572)
[2026-06-15T06:58:32.131+0000] {subprocess.py:93} INFO - 	at java.base/java.net.SocksSocketImpl.connect(SocksSocketImpl.java:327)
[2026-06-15T06:58:32.131+0000] {subprocess.py:93} INFO - 	at java.base/java.net.Socket.connect(Socket.java:633)
[2026-06-15T06:58:32.131+0000] {subprocess.py:93} INFO - 	at org.postgresql.core.PGStream.createSocket(PGStream.java:243)
[2026-06-15T06:58:32.131+0000] {subprocess.py:93} INFO - 	at org.postgresql.core.PGStream.<init>(PGStream.java:98)
[2026-06-15T06:58:32.131+0000] {subprocess.py:93} INFO - 	at org.postgresql.core.v3.ConnectionFactoryImpl.tryConnect(ConnectionFactoryImpl.java:136)
[2026-06-15T06:58:32.131+0000] {subprocess.py:93} INFO - 	at org.postgresql.core.v3.ConnectionFactoryImpl.openConnectionImpl(ConnectionFactoryImpl.java:262)
[2026-06-15T06:58:32.131+0000] {subprocess.py:93} INFO - 	... 30 more
[2026-06-15T06:58:32.131+0000] {subprocess.py:93} INFO - 
[2026-06-15T06:58:32.131+0000] {subprocess.py:93} INFO - 
[2026-06-15T06:58:32.131+0000] {subprocess.py:93} INFO - 📥 [DIM] Đang hút bảng PRODUCTS...
[2026-06-15T06:58:32.131+0000] {subprocess.py:93} INFO - ❌ Lỗi khi xử lý bảng PRODUCTS: An error occurred while calling o46.load.
[2026-06-15T06:58:32.131+0000] {subprocess.py:93} INFO - : org.postgresql.util.PSQLException: The connection attempt failed.
[2026-06-15T06:58:32.131+0000] {subprocess.py:93} INFO - 	at org.postgresql.core.v3.ConnectionFactoryImpl.openConnectionImpl(ConnectionFactoryImpl.java:358)
[2026-06-15T06:58:32.131+0000] {subprocess.py:93} INFO - 	at org.postgresql.core.ConnectionFactory.openConnection(ConnectionFactory.java:54)
[2026-06-15T06:58:32.131+0000] {subprocess.py:93} INFO - 	at org.postgresql.jdbc.PgConnection.<init>(PgConnection.java:273)
[2026-06-15T06:58:32.131+0000] {subprocess.py:93} INFO - 	at org.postgresql.Driver.makeConnection(Driver.java:446)
[2026-06-15T06:58:32.131+0000] {subprocess.py:93} INFO - 	at org.postgresql.Driver.connect(Driver.java:298)
[2026-06-15T06:58:32.131+0000] {subprocess.py:93} INFO - 	at org.apache.spark.sql.execution.datasources.jdbc.connection.BasicConnectionProvider.getConnection(BasicConnectionProvider.scala:49)
[2026-06-15T06:58:32.131+0000] {subprocess.py:93} INFO - 	at org.apache.spark.sql.execution.datasources.jdbc.connection.ConnectionProviderBase.create(ConnectionProvider.scala:102)
[2026-06-15T06:58:32.132+0000] {subprocess.py:93} INFO - 	at org.apache.spark.sql.jdbc.JdbcDialect.$anonfun$createConnectionFactory$1(JdbcDialects.scala:160)
[2026-06-15T06:58:32.132+0000] {subprocess.py:93} INFO - 	at org.apache.spark.sql.jdbc.JdbcDialect.$anonfun$createConnectionFactory$1$adapted(JdbcDialects.scala:156)
[2026-06-15T06:58:32.132+0000] {subprocess.py:93} INFO - 	at org.apache.spark.sql.execution.datasources.jdbc.JDBCRDD$.getQueryOutputSchema(JDBCRDD.scala:63)
[2026-06-15T06:58:32.132+0000] {subprocess.py:93} INFO - 	at org.apache.spark.sql.execution.datasources.jdbc.JDBCRDD$.resolveTable(JDBCRDD.scala:58)
[2026-06-15T06:58:32.132+0000] {subprocess.py:93} INFO - 	at org.apache.spark.sql.execution.datasources.jdbc.JDBCRelation$.getSchema(JDBCRelation.scala:241)
[2026-06-15T06:58:32.132+0000] {subprocess.py:93} INFO - 	at org.apache.spark.sql.execution.datasources.jdbc.JdbcRelationProvider.createRelation(JdbcRelationProvider.scala:37)
[2026-06-15T06:58:32.132+0000] {subprocess.py:93} INFO - 	at org.apache.spark.sql.execution.datasources.DataSource.resolveRelation(DataSource.scala:346)
[2026-06-15T06:58:32.132+0000] {subprocess.py:93} INFO - 	at org.apache.spark.sql.DataFrameReader.loadV1Source(DataFrameReader.scala:229)
[2026-06-15T06:58:32.132+0000] {subprocess.py:93} INFO - 	at org.apache.spark.sql.DataFrameReader.$anonfun$load$2(DataFrameReader.scala:211)
[2026-06-15T06:58:32.132+0000] {subprocess.py:93} INFO - 	at scala.Option.getOrElse(Option.scala:189)
[2026-06-15T06:58:32.132+0000] {subprocess.py:93} INFO - 	at org.apache.spark.sql.DataFrameReader.load(DataFrameReader.scala:211)
[2026-06-15T06:58:32.132+0000] {subprocess.py:93} INFO - 	at org.apache.spark.sql.DataFrameReader.load(DataFrameReader.scala:172)
[2026-06-15T06:58:32.132+0000] {subprocess.py:93} INFO - 	at java.base/jdk.internal.reflect.NativeMethodAccessorImpl.invoke0(Native Method)
[2026-06-15T06:58:32.132+0000] {subprocess.py:93} INFO - 	at java.base/jdk.internal.reflect.NativeMethodAccessorImpl.invoke(NativeMethodAccessorImpl.java:77)
[2026-06-15T06:58:32.132+0000] {subprocess.py:93} INFO - 	at java.base/jdk.internal.reflect.DelegatingMethodAccessorImpl.invoke(DelegatingMethodAccessorImpl.java:43)
[2026-06-15T06:58:32.132+0000] {subprocess.py:93} INFO - 	at java.base/java.lang.reflect.Method.invoke(Method.java:569)
[2026-06-15T06:58:32.132+0000] {subprocess.py:93} INFO - 	at py4j.reflection.MethodInvoker.invoke(MethodInvoker.java:244)
[2026-06-15T06:58:32.132+0000] {subprocess.py:93} INFO - 	at py4j.reflection.ReflectionEngine.invoke(ReflectionEngine.java:374)
[2026-06-15T06:58:32.132+0000] {subprocess.py:93} INFO - 	at py4j.Gateway.invoke(Gateway.java:282)
[2026-06-15T06:58:32.132+0000] {subprocess.py:93} INFO - 	at py4j.commands.AbstractCommand.invokeMethod(AbstractCommand.java:132)
[2026-06-15T06:58:32.132+0000] {subprocess.py:93} INFO - 	at py4j.commands.CallCommand.execute(CallCommand.java:79)
[2026-06-15T06:58:32.132+0000] {subprocess.py:93} INFO - 	at py4j.ClientServerConnection.waitForCommands(ClientServerConnection.java:182)
[2026-06-15T06:58:32.132+0000] {subprocess.py:93} INFO - 	at py4j.ClientServerConnection.run(ClientServerConnection.java:106)
[2026-06-15T06:58:32.132+0000] {subprocess.py:93} INFO - 	at java.base/java.lang.Thread.run(Thread.java:840)
[2026-06-15T06:58:32.132+0000] {subprocess.py:93} INFO - Caused by: java.net.UnknownHostException: stg_postgres_sales
[2026-06-15T06:58:32.133+0000] {subprocess.py:93} INFO - 	at java.base/sun.nio.ch.NioSocketImpl.connect(NioSocketImpl.java:572)
[2026-06-15T06:58:32.133+0000] {subprocess.py:93} INFO - 	at java.base/java.net.SocksSocketImpl.connect(SocksSocketImpl.java:327)
[2026-06-15T06:58:32.133+0000] {subprocess.py:93} INFO - 	at java.base/java.net.Socket.connect(Socket.java:633)
[2026-06-15T06:58:32.133+0000] {subprocess.py:93} INFO - 	at org.postgresql.core.PGStream.createSocket(PGStream.java:243)
[2026-06-15T06:58:32.133+0000] {subprocess.py:93} INFO - 	at org.postgresql.core.PGStream.<init>(PGStream.java:98)
[2026-06-15T06:58:32.133+0000] {subprocess.py:93} INFO - 	at org.postgresql.core.v3.ConnectionFactoryImpl.tryConnect(ConnectionFactoryImpl.java:136)
[2026-06-15T06:58:32.133+0000] {subprocess.py:93} INFO - 	at org.postgresql.core.v3.ConnectionFactoryImpl.openConnectionImpl(ConnectionFactoryImpl.java:262)
[2026-06-15T06:58:32.133+0000] {subprocess.py:93} INFO - 	... 30 more
[2026-06-15T06:58:32.133+0000] {subprocess.py:93} INFO - 
[2026-06-15T06:58:32.133+0000] {subprocess.py:93} INFO - 
[2026-06-15T06:58:32.133+0000] {subprocess.py:93} INFO - 📥 [DIM] Đang hút bảng BRANCHES...
[2026-06-15T06:58:32.133+0000] {subprocess.py:93} INFO - ❌ Lỗi khi xử lý bảng BRANCHES: An error occurred while calling o55.load.
[2026-06-15T06:58:32.133+0000] {subprocess.py:93} INFO - : org.postgresql.util.PSQLException: The connection attempt failed.
[2026-06-15T06:58:32.133+0000] {subprocess.py:93} INFO - 	at org.postgresql.core.v3.ConnectionFactoryImpl.openConnectionImpl(ConnectionFactoryImpl.java:358)
[2026-06-15T06:58:32.133+0000] {subprocess.py:93} INFO - 	at org.postgresql.core.ConnectionFactory.openConnection(ConnectionFactory.java:54)
[2026-06-15T06:58:32.133+0000] {subprocess.py:93} INFO - 	at org.postgresql.jdbc.PgConnection.<init>(PgConnection.java:273)
[2026-06-15T06:58:32.134+0000] {subprocess.py:93} INFO - 	at org.postgresql.Driver.makeConnection(Driver.java:446)
[2026-06-15T06:58:32.134+0000] {subprocess.py:93} INFO - 	at org.postgresql.Driver.connect(Driver.java:298)
[2026-06-15T06:58:32.134+0000] {subprocess.py:93} INFO - 	at org.apache.spark.sql.execution.datasources.jdbc.connection.BasicConnectionProvider.getConnection(BasicConnectionProvider.scala:49)
[2026-06-15T06:58:32.134+0000] {subprocess.py:93} INFO - 	at org.apache.spark.sql.execution.datasources.jdbc.connection.ConnectionProviderBase.create(ConnectionProvider.scala:102)
[2026-06-15T06:58:32.134+0000] {subprocess.py:93} INFO - 	at org.apache.spark.sql.jdbc.JdbcDialect.$anonfun$createConnectionFactory$1(JdbcDialects.scala:160)
[2026-06-15T06:58:32.134+0000] {subprocess.py:93} INFO - 	at org.apache.spark.sql.jdbc.JdbcDialect.$anonfun$createConnectionFactory$1$adapted(JdbcDialects.scala:156)
[2026-06-15T06:58:32.134+0000] {subprocess.py:93} INFO - 	at org.apache.spark.sql.execution.datasources.jdbc.JDBCRDD$.getQueryOutputSchema(JDBCRDD.scala:63)
[2026-06-15T06:58:32.134+0000] {subprocess.py:93} INFO - 	at org.apache.spark.sql.execution.datasources.jdbc.JDBCRDD$.resolveTable(JDBCRDD.scala:58)
[2026-06-15T06:58:32.134+0000] {subprocess.py:93} INFO - 	at org.apache.spark.sql.execution.datasources.jdbc.JDBCRelation$.getSchema(JDBCRelation.scala:241)
[2026-06-15T06:58:32.134+0000] {subprocess.py:93} INFO - 	at org.apache.spark.sql.execution.datasources.jdbc.JdbcRelationProvider.createRelation(JdbcRelationProvider.scala:37)
[2026-06-15T06:58:32.134+0000] {subprocess.py:93} INFO - 	at org.apache.spark.sql.execution.datasources.DataSource.resolveRelation(DataSource.scala:346)
[2026-06-15T06:58:32.134+0000] {subprocess.py:93} INFO - 	at org.apache.spark.sql.DataFrameReader.loadV1Source(DataFrameReader.scala:229)
[2026-06-15T06:58:32.134+0000] {subprocess.py:93} INFO - 	at org.apache.spark.sql.DataFrameReader.$anonfun$load$2(DataFrameReader.scala:211)
[2026-06-15T06:58:32.134+0000] {subprocess.py:93} INFO - 	at scala.Option.getOrElse(Option.scala:189)
[2026-06-15T06:58:32.134+0000] {subprocess.py:93} INFO - 	at org.apache.spark.sql.DataFrameReader.load(DataFrameReader.scala:211)
[2026-06-15T06:58:32.134+0000] {subprocess.py:93} INFO - 	at org.apache.spark.sql.DataFrameReader.load(DataFrameReader.scala:172)
[2026-06-15T06:58:32.134+0000] {subprocess.py:93} INFO - 	at java.base/jdk.internal.reflect.NativeMethodAccessorImpl.invoke0(Native Method)
[2026-06-15T06:58:32.134+0000] {subprocess.py:93} INFO - 	at java.base/jdk.internal.reflect.NativeMethodAccessorImpl.invoke(NativeMethodAccessorImpl.java:77)
[2026-06-15T06:58:32.134+0000] {subprocess.py:93} INFO - 	at java.base/jdk.internal.reflect.DelegatingMethodAccessorImpl.invoke(DelegatingMethodAccessorImpl.java:43)
[2026-06-15T06:58:32.134+0000] {subprocess.py:93} INFO - 	at java.base/java.lang.reflect.Method.invoke(Method.java:569)
[2026-06-15T06:58:32.134+0000] {subprocess.py:93} INFO - 	at py4j.reflection.MethodInvoker.invoke(MethodInvoker.java:244)
[2026-06-15T06:58:32.134+0000] {subprocess.py:93} INFO - 	at py4j.reflection.ReflectionEngine.invoke(ReflectionEngine.java:374)
[2026-06-15T06:58:32.134+0000] {subprocess.py:93} INFO - 	at py4j.Gateway.invoke(Gateway.java:282)
[2026-06-15T06:58:32.135+0000] {subprocess.py:93} INFO - 	at py4j.commands.AbstractCommand.invokeMethod(AbstractCommand.java:132)
[2026-06-15T06:58:32.135+0000] {subprocess.py:93} INFO - 	at py4j.commands.CallCommand.execute(CallCommand.java:79)
[2026-06-15T06:58:32.135+0000] {subprocess.py:93} INFO - 	at py4j.ClientServerConnection.waitForCommands(ClientServerConnection.java:182)
[2026-06-15T06:58:32.135+0000] {subprocess.py:93} INFO - 	at py4j.ClientServerConnection.run(ClientServerConnection.java:106)
[2026-06-15T06:58:32.135+0000] {subprocess.py:93} INFO - 	at java.base/java.lang.Thread.run(Thread.java:840)
[2026-06-15T06:58:32.135+0000] {subprocess.py:93} INFO - Caused by: java.net.UnknownHostException: stg_postgres_sales
[2026-06-15T06:58:32.135+0000] {subprocess.py:93} INFO - 	at java.base/sun.nio.ch.NioSocketImpl.connect(NioSocketImpl.java:572)
[2026-06-15T06:58:32.135+0000] {subprocess.py:93} INFO - 	at java.base/java.net.SocksSocketImpl.connect(SocksSocketImpl.java:327)
[2026-06-15T06:58:32.135+0000] {subprocess.py:93} INFO - 	at java.base/java.net.Socket.connect(Socket.java:633)
[2026-06-15T06:58:32.135+0000] {subprocess.py:93} INFO - 	at org.postgresql.core.PGStream.createSocket(PGStream.java:243)
[2026-06-15T06:58:32.135+0000] {subprocess.py:93} INFO - 	at org.postgresql.core.PGStream.<init>(PGStream.java:98)
[2026-06-15T06:58:32.135+0000] {subprocess.py:93} INFO - 	at org.postgresql.core.v3.ConnectionFactoryImpl.tryConnect(ConnectionFactoryImpl.java:136)
[2026-06-15T06:58:32.135+0000] {subprocess.py:93} INFO - 	at org.postgresql.core.v3.ConnectionFactoryImpl.openConnectionImpl(ConnectionFactoryImpl.java:262)
[2026-06-15T06:58:32.135+0000] {subprocess.py:93} INFO - 	... 30 more
[2026-06-15T06:58:32.135+0000] {subprocess.py:93} INFO - 
[2026-06-15T06:58:32.135+0000] {subprocess.py:93} INFO - 
[2026-06-15T06:58:32.135+0000] {subprocess.py:93} INFO - ==================================================
[2026-06-15T06:58:32.135+0000] {subprocess.py:93} INFO - ✅ Thành công : []
[2026-06-15T06:58:32.135+0000] {subprocess.py:93} INFO - ❌ Thất bại   : ['categories', 'products', 'branches']
[2026-06-15T06:58:32.135+0000] {subprocess.py:93} INFO - Traceback (most recent call last):
[2026-06-15T06:58:32.135+0000] {subprocess.py:93} INFO -   File "/opt/airflow/project/src/spark_jobs/bronze_jobs/1a_postgres_to_bronze_dim.py", line 114, in <module>
[2026-06-15T06:58:32.135+0000] {subprocess.py:93} INFO -     ingest_dimensions(ingest_date=run_date)
[2026-06-15T06:58:32.135+0000] {subprocess.py:93} INFO -   File "/opt/airflow/project/src/spark_jobs/bronze_jobs/1a_postgres_to_bronze_dim.py", line 107, in ingest_dimensions
[2026-06-15T06:58:32.135+0000] {subprocess.py:93} INFO -     raise RuntimeError(f"Một số bảng bị lỗi: {failed_tables}")
[2026-06-15T06:58:32.135+0000] {subprocess.py:93} INFO - RuntimeError: Một số bảng bị lỗi: ['categories', 'products', 'branches']
[2026-06-15T06:58:32.532+0000] {subprocess.py:97} INFO - Command exited with return code 1
[2026-06-15T06:58:32.532+0000] {taskinstance.py:441} INFO - ::group::Post task execution logs
[2026-06-15T06:58:32.535+0000] {taskinstance.py:2905} ERROR - Task failed with exception
Traceback (most recent call last):
  File "/home/airflow/.local/lib/python3.11/site-packages/airflow/models/taskinstance.py", line 465, in _execute_task
    result = _execute_callable(context=context, **execute_callable_kwargs)
             ^^^^^^^^^^^^^^^^^^^^^^^^^^^^^^^^^^^^^^^^^^^^^^^^^^^^^^^^^^^^^
  File "/home/airflow/.local/lib/python3.11/site-packages/airflow/models/taskinstance.py", line 432, in _execute_callable
    return execute_callable(context=context, **execute_callable_kwargs)
           ^^^^^^^^^^^^^^^^^^^^^^^^^^^^^^^^^^^^^^^^^^^^^^^^^^^^^^^^^^^^
  File "/home/airflow/.local/lib/python3.11/site-packages/airflow/models/baseoperator.py", line 401, in wrapper
    return func(self, *args, **kwargs)
           ^^^^^^^^^^^^^^^^^^^^^^^^^^^
  File "/home/airflow/.local/lib/python3.11/site-packages/airflow/operators/bash.py", line 243, in execute
    raise AirflowException(
airflow.exceptions.AirflowException: Bash command failed. The command returned a non-zero exit code 1.
[2026-06-15T06:58:32.537+0000] {taskinstance.py:1206} INFO - Marking task as UP_FOR_RETRY. dag_id=bi_masan_revenue_pipeline, task_id=bronze_sales_dim, run_id=manual__2026-06-15T06:58:22.841708+00:00, execution_date=20260615T065822, start_date=20260615T065829, end_date=20260615T065832
[2026-06-15T06:58:32.543+0000] {standard_task_runner.py:110} ERROR - Failed to execute job 4 for task bronze_sales_dim (Bash command failed. The command returned a non-zero exit code 1.; 368)
[2026-06-15T06:58:32.561+0000] {local_task_job_runner.py:243} INFO - Task exited with return code 1
[2026-06-15T06:58:32.577+0000] {taskinstance.py:3503} INFO - 0 downstream tasks scheduled from follow-on schedule check
[2026-06-15T06:58:32.577+0000] {local_task_job_runner.py:222} INFO - ::endgroup::
