[2026-06-15T07:03:29.545+0000] {local_task_job_runner.py:120} INFO - ::group::Pre task execution logs
[2026-06-15T07:03:29.563+0000] {taskinstance.py:2076} INFO - Dependencies all met for dep_context=non-requeueable deps ti=<TaskInstance: bi_masan_revenue_pipeline.bronze_sales_dim scheduled__2026-06-14T00:00:00+00:00 [queued]>
[2026-06-15T07:03:29.566+0000] {taskinstance.py:2076} INFO - Dependencies all met for dep_context=requeueable deps ti=<TaskInstance: bi_masan_revenue_pipeline.bronze_sales_dim scheduled__2026-06-14T00:00:00+00:00 [queued]>
[2026-06-15T07:03:29.567+0000] {taskinstance.py:2306} INFO - Starting attempt 2 of 2
[2026-06-15T07:03:29.576+0000] {taskinstance.py:2330} INFO - Executing <Task(BashOperator): bronze_sales_dim> on 2026-06-14 00:00:00+00:00
[2026-06-15T07:03:29.580+0000] {standard_task_runner.py:64} INFO - Started process 601 to run task
[2026-06-15T07:03:29.582+0000] {standard_task_runner.py:90} INFO - Running: ['airflow', 'tasks', 'run', 'bi_masan_revenue_pipeline', 'bronze_sales_dim', 'scheduled__2026-06-14T00:00:00+00:00', '--job-id', '5', '--raw', '--subdir', 'DAGS_FOLDER/bi_masan_pipeline.py', '--cfg-path', '/tmp/tmpxl77jbvk']
[2026-06-15T07:03:29.583+0000] {standard_task_runner.py:91} INFO - Job 5: Subtask bronze_sales_dim
[2026-06-15T07:03:29.601+0000] {task_command.py:426} INFO - Running <TaskInstance: bi_masan_revenue_pipeline.bronze_sales_dim scheduled__2026-06-14T00:00:00+00:00 [running]> on host fc65d4a3bb5a
[2026-06-15T07:03:29.629+0000] {taskinstance.py:2648} INFO - Exporting env vars: AIRFLOW_CTX_DAG_OWNER='airflow' AIRFLOW_CTX_DAG_ID='bi_masan_revenue_pipeline' AIRFLOW_CTX_TASK_ID='bronze_sales_dim' AIRFLOW_CTX_EXECUTION_DATE='2026-06-14T00:00:00+00:00' AIRFLOW_CTX_TRY_NUMBER='2' AIRFLOW_CTX_DAG_RUN_ID='scheduled__2026-06-14T00:00:00+00:00'
[2026-06-15T07:03:29.630+0000] {taskinstance.py:430} INFO - ::endgroup::
[2026-06-15T07:03:29.637+0000] {subprocess.py:63} INFO - Tmp dir root location: /tmp
[2026-06-15T07:03:29.637+0000] {subprocess.py:75} INFO - Running command: ['/usr/bin/bash', '-c', 'cd /opt/airflow/project && python src/spark_jobs/bronze_jobs/1a_postgres_to_bronze_dim.py']
[2026-06-15T07:03:29.644+0000] {subprocess.py:86} INFO - Output:
[2026-06-15T07:03:29.991+0000] {subprocess.py:93} INFO - /home/airflow/.local/lib/python3.11/site-packages/pyspark/bin/load-spark-env.sh: line 68: ps: command not found
[2026-06-15T07:03:30.911+0000] {subprocess.py:93} INFO - 26/06/15 07:03:30 WARN NativeCodeLoader: Unable to load native-hadoop library for your platform... using builtin-java classes where applicable
[2026-06-15T07:03:31.039+0000] {subprocess.py:93} INFO - Setting default log level to "WARN".
[2026-06-15T07:03:31.040+0000] {subprocess.py:93} INFO - To adjust logging level use sc.setLogLevel(newLevel). For SparkR, use setLogLevel(newLevel).
[2026-06-15T07:03:32.149+0000] {subprocess.py:93} INFO - 📁 project_root : /opt/airflow/project
[2026-06-15T07:03:32.150+0000] {subprocess.py:93} INFO - 📁 bronze_dir   : /opt/airflow/project/datalake/bronze/sales_db
[2026-06-15T07:03:32.150+0000] {subprocess.py:93} INFO - 📁 postgres_jar : /opt/airflow/project/jars/postgresql-42.7.3.jar
[2026-06-15T07:03:32.150+0000] {subprocess.py:93} INFO - ✅ Jar exists   : True
[2026-06-15T07:03:32.150+0000] {subprocess.py:93} INFO - 
[2026-06-15T07:03:32.150+0000] {subprocess.py:93} INFO - 🚀 Đang khởi tạo Spark [BRONZE - DIMENSIONS]...
[2026-06-15T07:03:32.150+0000] {subprocess.py:93} INFO - 
[2026-06-15T07:03:32.150+0000] {subprocess.py:93} INFO - 📅 NGÀY THỰC THI (INGEST DATE): 2026-06-15
[2026-06-15T07:03:32.150+0000] {subprocess.py:93} INFO - 📋 Danh sách bảng: ['categories', 'products', 'branches']
[2026-06-15T07:03:32.150+0000] {subprocess.py:93} INFO - 
[2026-06-15T07:03:32.150+0000] {subprocess.py:93} INFO - 📥 [DIM] Đang hút bảng CATEGORIES...
[2026-06-15T07:03:32.150+0000] {subprocess.py:93} INFO - ❌ Lỗi khi xử lý bảng CATEGORIES: An error occurred while calling o37.load.
[2026-06-15T07:03:32.150+0000] {subprocess.py:93} INFO - : org.postgresql.util.PSQLException: The connection attempt failed.
[2026-06-15T07:03:32.150+0000] {subprocess.py:93} INFO - 	at org.postgresql.core.v3.ConnectionFactoryImpl.openConnectionImpl(ConnectionFactoryImpl.java:358)
[2026-06-15T07:03:32.150+0000] {subprocess.py:93} INFO - 	at org.postgresql.core.ConnectionFactory.openConnection(ConnectionFactory.java:54)
[2026-06-15T07:03:32.150+0000] {subprocess.py:93} INFO - 	at org.postgresql.jdbc.PgConnection.<init>(PgConnection.java:273)
[2026-06-15T07:03:32.150+0000] {subprocess.py:93} INFO - 	at org.postgresql.Driver.makeConnection(Driver.java:446)
[2026-06-15T07:03:32.150+0000] {subprocess.py:93} INFO - 	at org.postgresql.Driver.connect(Driver.java:298)
[2026-06-15T07:03:32.150+0000] {subprocess.py:93} INFO - 	at org.apache.spark.sql.execution.datasources.jdbc.connection.BasicConnectionProvider.getConnection(BasicConnectionProvider.scala:49)
[2026-06-15T07:03:32.150+0000] {subprocess.py:93} INFO - 	at org.apache.spark.sql.execution.datasources.jdbc.connection.ConnectionProviderBase.create(ConnectionProvider.scala:102)
[2026-06-15T07:03:32.150+0000] {subprocess.py:93} INFO - 	at org.apache.spark.sql.jdbc.JdbcDialect.$anonfun$createConnectionFactory$1(JdbcDialects.scala:160)
[2026-06-15T07:03:32.150+0000] {subprocess.py:93} INFO - 	at org.apache.spark.sql.jdbc.JdbcDialect.$anonfun$createConnectionFactory$1$adapted(JdbcDialects.scala:156)
[2026-06-15T07:03:32.151+0000] {subprocess.py:93} INFO - 	at org.apache.spark.sql.execution.datasources.jdbc.JDBCRDD$.getQueryOutputSchema(JDBCRDD.scala:63)
[2026-06-15T07:03:32.151+0000] {subprocess.py:93} INFO - 	at org.apache.spark.sql.execution.datasources.jdbc.JDBCRDD$.resolveTable(JDBCRDD.scala:58)
[2026-06-15T07:03:32.151+0000] {subprocess.py:93} INFO - 	at org.apache.spark.sql.execution.datasources.jdbc.JDBCRelation$.getSchema(JDBCRelation.scala:241)
[2026-06-15T07:03:32.151+0000] {subprocess.py:93} INFO - 	at org.apache.spark.sql.execution.datasources.jdbc.JdbcRelationProvider.createRelation(JdbcRelationProvider.scala:37)
[2026-06-15T07:03:32.151+0000] {subprocess.py:93} INFO - 	at org.apache.spark.sql.execution.datasources.DataSource.resolveRelation(DataSource.scala:346)
[2026-06-15T07:03:32.151+0000] {subprocess.py:93} INFO - 	at org.apache.spark.sql.DataFrameReader.loadV1Source(DataFrameReader.scala:229)
[2026-06-15T07:03:32.151+0000] {subprocess.py:93} INFO - 	at org.apache.spark.sql.DataFrameReader.$anonfun$load$2(DataFrameReader.scala:211)
[2026-06-15T07:03:32.151+0000] {subprocess.py:93} INFO - 	at scala.Option.getOrElse(Option.scala:189)
[2026-06-15T07:03:32.151+0000] {subprocess.py:93} INFO - 	at org.apache.spark.sql.DataFrameReader.load(DataFrameReader.scala:211)
[2026-06-15T07:03:32.151+0000] {subprocess.py:93} INFO - 	at org.apache.spark.sql.DataFrameReader.load(DataFrameReader.scala:172)
[2026-06-15T07:03:32.151+0000] {subprocess.py:93} INFO - 	at java.base/jdk.internal.reflect.NativeMethodAccessorImpl.invoke0(Native Method)
[2026-06-15T07:03:32.151+0000] {subprocess.py:93} INFO - 	at java.base/jdk.internal.reflect.NativeMethodAccessorImpl.invoke(NativeMethodAccessorImpl.java:77)
[2026-06-15T07:03:32.151+0000] {subprocess.py:93} INFO - 	at java.base/jdk.internal.reflect.DelegatingMethodAccessorImpl.invoke(DelegatingMethodAccessorImpl.java:43)
[2026-06-15T07:03:32.151+0000] {subprocess.py:93} INFO - 	at java.base/java.lang.reflect.Method.invoke(Method.java:569)
[2026-06-15T07:03:32.151+0000] {subprocess.py:93} INFO - 	at py4j.reflection.MethodInvoker.invoke(MethodInvoker.java:244)
[2026-06-15T07:03:32.151+0000] {subprocess.py:93} INFO - 	at py4j.reflection.ReflectionEngine.invoke(ReflectionEngine.java:374)
[2026-06-15T07:03:32.151+0000] {subprocess.py:93} INFO - 	at py4j.Gateway.invoke(Gateway.java:282)
[2026-06-15T07:03:32.151+0000] {subprocess.py:93} INFO - 	at py4j.commands.AbstractCommand.invokeMethod(AbstractCommand.java:132)
[2026-06-15T07:03:32.151+0000] {subprocess.py:93} INFO - 	at py4j.commands.CallCommand.execute(CallCommand.java:79)
[2026-06-15T07:03:32.151+0000] {subprocess.py:93} INFO - 	at py4j.ClientServerConnection.waitForCommands(ClientServerConnection.java:182)
[2026-06-15T07:03:32.151+0000] {subprocess.py:93} INFO - 	at py4j.ClientServerConnection.run(ClientServerConnection.java:106)
[2026-06-15T07:03:32.151+0000] {subprocess.py:93} INFO - 	at java.base/java.lang.Thread.run(Thread.java:840)
[2026-06-15T07:03:32.151+0000] {subprocess.py:93} INFO - Caused by: java.net.UnknownHostException: stg_postgres_sales
[2026-06-15T07:03:32.151+0000] {subprocess.py:93} INFO - 	at java.base/sun.nio.ch.NioSocketImpl.connect(NioSocketImpl.java:572)
[2026-06-15T07:03:32.151+0000] {subprocess.py:93} INFO - 	at java.base/java.net.SocksSocketImpl.connect(SocksSocketImpl.java:327)
[2026-06-15T07:03:32.151+0000] {subprocess.py:93} INFO - 	at java.base/java.net.Socket.connect(Socket.java:633)
[2026-06-15T07:03:32.151+0000] {subprocess.py:93} INFO - 	at org.postgresql.core.PGStream.createSocket(PGStream.java:243)
[2026-06-15T07:03:32.151+0000] {subprocess.py:93} INFO - 	at org.postgresql.core.PGStream.<init>(PGStream.java:98)
[2026-06-15T07:03:32.151+0000] {subprocess.py:93} INFO - 	at org.postgresql.core.v3.ConnectionFactoryImpl.tryConnect(ConnectionFactoryImpl.java:136)
[2026-06-15T07:03:32.151+0000] {subprocess.py:93} INFO - 	at org.postgresql.core.v3.ConnectionFactoryImpl.openConnectionImpl(ConnectionFactoryImpl.java:262)
[2026-06-15T07:03:32.151+0000] {subprocess.py:93} INFO - 	... 30 more
[2026-06-15T07:03:32.151+0000] {subprocess.py:93} INFO - 
[2026-06-15T07:03:32.151+0000] {subprocess.py:93} INFO - 
[2026-06-15T07:03:32.152+0000] {subprocess.py:93} INFO - 📥 [DIM] Đang hút bảng PRODUCTS...
[2026-06-15T07:03:32.152+0000] {subprocess.py:93} INFO - ❌ Lỗi khi xử lý bảng PRODUCTS: An error occurred while calling o46.load.
[2026-06-15T07:03:32.152+0000] {subprocess.py:93} INFO - : org.postgresql.util.PSQLException: The connection attempt failed.
[2026-06-15T07:03:32.152+0000] {subprocess.py:93} INFO - 	at org.postgresql.core.v3.ConnectionFactoryImpl.openConnectionImpl(ConnectionFactoryImpl.java:358)
[2026-06-15T07:03:32.152+0000] {subprocess.py:93} INFO - 	at org.postgresql.core.ConnectionFactory.openConnection(ConnectionFactory.java:54)
[2026-06-15T07:03:32.152+0000] {subprocess.py:93} INFO - 	at org.postgresql.jdbc.PgConnection.<init>(PgConnection.java:273)
[2026-06-15T07:03:32.152+0000] {subprocess.py:93} INFO - 	at org.postgresql.Driver.makeConnection(Driver.java:446)
[2026-06-15T07:03:32.152+0000] {subprocess.py:93} INFO - 	at org.postgresql.Driver.connect(Driver.java:298)
[2026-06-15T07:03:32.152+0000] {subprocess.py:93} INFO - 	at org.apache.spark.sql.execution.datasources.jdbc.connection.BasicConnectionProvider.getConnection(BasicConnectionProvider.scala:49)
[2026-06-15T07:03:32.152+0000] {subprocess.py:93} INFO - 	at org.apache.spark.sql.execution.datasources.jdbc.connection.ConnectionProviderBase.create(ConnectionProvider.scala:102)
[2026-06-15T07:03:32.152+0000] {subprocess.py:93} INFO - 	at org.apache.spark.sql.jdbc.JdbcDialect.$anonfun$createConnectionFactory$1(JdbcDialects.scala:160)
[2026-06-15T07:03:32.152+0000] {subprocess.py:93} INFO - 	at org.apache.spark.sql.jdbc.JdbcDialect.$anonfun$createConnectionFactory$1$adapted(JdbcDialects.scala:156)
[2026-06-15T07:03:32.152+0000] {subprocess.py:93} INFO - 	at org.apache.spark.sql.execution.datasources.jdbc.JDBCRDD$.getQueryOutputSchema(JDBCRDD.scala:63)
[2026-06-15T07:03:32.152+0000] {subprocess.py:93} INFO - 	at org.apache.spark.sql.execution.datasources.jdbc.JDBCRDD$.resolveTable(JDBCRDD.scala:58)
[2026-06-15T07:03:32.152+0000] {subprocess.py:93} INFO - 	at org.apache.spark.sql.execution.datasources.jdbc.JDBCRelation$.getSchema(JDBCRelation.scala:241)
[2026-06-15T07:03:32.152+0000] {subprocess.py:93} INFO - 	at org.apache.spark.sql.execution.datasources.jdbc.JdbcRelationProvider.createRelation(JdbcRelationProvider.scala:37)
[2026-06-15T07:03:32.152+0000] {subprocess.py:93} INFO - 	at org.apache.spark.sql.execution.datasources.DataSource.resolveRelation(DataSource.scala:346)
[2026-06-15T07:03:32.152+0000] {subprocess.py:93} INFO - 	at org.apache.spark.sql.DataFrameReader.loadV1Source(DataFrameReader.scala:229)
[2026-06-15T07:03:32.152+0000] {subprocess.py:93} INFO - 	at org.apache.spark.sql.DataFrameReader.$anonfun$load$2(DataFrameReader.scala:211)
[2026-06-15T07:03:32.152+0000] {subprocess.py:93} INFO - 	at scala.Option.getOrElse(Option.scala:189)
[2026-06-15T07:03:32.152+0000] {subprocess.py:93} INFO - 	at org.apache.spark.sql.DataFrameReader.load(DataFrameReader.scala:211)
[2026-06-15T07:03:32.152+0000] {subprocess.py:93} INFO - 	at org.apache.spark.sql.DataFrameReader.load(DataFrameReader.scala:172)
[2026-06-15T07:03:32.152+0000] {subprocess.py:93} INFO - 	at java.base/jdk.internal.reflect.NativeMethodAccessorImpl.invoke0(Native Method)
[2026-06-15T07:03:32.152+0000] {subprocess.py:93} INFO - 	at java.base/jdk.internal.reflect.NativeMethodAccessorImpl.invoke(NativeMethodAccessorImpl.java:77)
[2026-06-15T07:03:32.152+0000] {subprocess.py:93} INFO - 	at java.base/jdk.internal.reflect.DelegatingMethodAccessorImpl.invoke(DelegatingMethodAccessorImpl.java:43)
[2026-06-15T07:03:32.152+0000] {subprocess.py:93} INFO - 	at java.base/java.lang.reflect.Method.invoke(Method.java:569)
[2026-06-15T07:03:32.152+0000] {subprocess.py:93} INFO - 	at py4j.reflection.MethodInvoker.invoke(MethodInvoker.java:244)
[2026-06-15T07:03:32.152+0000] {subprocess.py:93} INFO - 	at py4j.reflection.ReflectionEngine.invoke(ReflectionEngine.java:374)
[2026-06-15T07:03:32.152+0000] {subprocess.py:93} INFO - 	at py4j.Gateway.invoke(Gateway.java:282)
[2026-06-15T07:03:32.152+0000] {subprocess.py:93} INFO - 	at py4j.commands.AbstractCommand.invokeMethod(AbstractCommand.java:132)
[2026-06-15T07:03:32.152+0000] {subprocess.py:93} INFO - 	at py4j.commands.CallCommand.execute(CallCommand.java:79)
[2026-06-15T07:03:32.152+0000] {subprocess.py:93} INFO - 	at py4j.ClientServerConnection.waitForCommands(ClientServerConnection.java:182)
[2026-06-15T07:03:32.153+0000] {subprocess.py:93} INFO - 	at py4j.ClientServerConnection.run(ClientServerConnection.java:106)
[2026-06-15T07:03:32.153+0000] {subprocess.py:93} INFO - 	at java.base/java.lang.Thread.run(Thread.java:840)
[2026-06-15T07:03:32.153+0000] {subprocess.py:93} INFO - Caused by: java.net.UnknownHostException: stg_postgres_sales
[2026-06-15T07:03:32.153+0000] {subprocess.py:93} INFO - 	at java.base/sun.nio.ch.NioSocketImpl.connect(NioSocketImpl.java:572)
[2026-06-15T07:03:32.153+0000] {subprocess.py:93} INFO - 	at java.base/java.net.SocksSocketImpl.connect(SocksSocketImpl.java:327)
[2026-06-15T07:03:32.153+0000] {subprocess.py:93} INFO - 	at java.base/java.net.Socket.connect(Socket.java:633)
[2026-06-15T07:03:32.153+0000] {subprocess.py:93} INFO - 	at org.postgresql.core.PGStream.createSocket(PGStream.java:243)
[2026-06-15T07:03:32.153+0000] {subprocess.py:93} INFO - 	at org.postgresql.core.PGStream.<init>(PGStream.java:98)
[2026-06-15T07:03:32.153+0000] {subprocess.py:93} INFO - 	at org.postgresql.core.v3.ConnectionFactoryImpl.tryConnect(ConnectionFactoryImpl.java:136)
[2026-06-15T07:03:32.153+0000] {subprocess.py:93} INFO - 	at org.postgresql.core.v3.ConnectionFactoryImpl.openConnectionImpl(ConnectionFactoryImpl.java:262)
[2026-06-15T07:03:32.153+0000] {subprocess.py:93} INFO - 	... 30 more
[2026-06-15T07:03:32.153+0000] {subprocess.py:93} INFO - 
[2026-06-15T07:03:32.153+0000] {subprocess.py:93} INFO - 
[2026-06-15T07:03:32.153+0000] {subprocess.py:93} INFO - 📥 [DIM] Đang hút bảng BRANCHES...
[2026-06-15T07:03:32.153+0000] {subprocess.py:93} INFO - ❌ Lỗi khi xử lý bảng BRANCHES: An error occurred while calling o55.load.
[2026-06-15T07:03:32.153+0000] {subprocess.py:93} INFO - : org.postgresql.util.PSQLException: The connection attempt failed.
[2026-06-15T07:03:32.153+0000] {subprocess.py:93} INFO - 	at org.postgresql.core.v3.ConnectionFactoryImpl.openConnectionImpl(ConnectionFactoryImpl.java:358)
[2026-06-15T07:03:32.153+0000] {subprocess.py:93} INFO - 	at org.postgresql.core.ConnectionFactory.openConnection(ConnectionFactory.java:54)
[2026-06-15T07:03:32.153+0000] {subprocess.py:93} INFO - 	at org.postgresql.jdbc.PgConnection.<init>(PgConnection.java:273)
[2026-06-15T07:03:32.153+0000] {subprocess.py:93} INFO - 	at org.postgresql.Driver.makeConnection(Driver.java:446)
[2026-06-15T07:03:32.153+0000] {subprocess.py:93} INFO - 	at org.postgresql.Driver.connect(Driver.java:298)
[2026-06-15T07:03:32.153+0000] {subprocess.py:93} INFO - 	at org.apache.spark.sql.execution.datasources.jdbc.connection.BasicConnectionProvider.getConnection(BasicConnectionProvider.scala:49)
[2026-06-15T07:03:32.153+0000] {subprocess.py:93} INFO - 	at org.apache.spark.sql.execution.datasources.jdbc.connection.ConnectionProviderBase.create(ConnectionProvider.scala:102)
[2026-06-15T07:03:32.153+0000] {subprocess.py:93} INFO - 	at org.apache.spark.sql.jdbc.JdbcDialect.$anonfun$createConnectionFactory$1(JdbcDialects.scala:160)
[2026-06-15T07:03:32.153+0000] {subprocess.py:93} INFO - 	at org.apache.spark.sql.jdbc.JdbcDialect.$anonfun$createConnectionFactory$1$adapted(JdbcDialects.scala:156)
[2026-06-15T07:03:32.153+0000] {subprocess.py:93} INFO - 	at org.apache.spark.sql.execution.datasources.jdbc.JDBCRDD$.getQueryOutputSchema(JDBCRDD.scala:63)
[2026-06-15T07:03:32.153+0000] {subprocess.py:93} INFO - 	at org.apache.spark.sql.execution.datasources.jdbc.JDBCRDD$.resolveTable(JDBCRDD.scala:58)
[2026-06-15T07:03:32.153+0000] {subprocess.py:93} INFO - 	at org.apache.spark.sql.execution.datasources.jdbc.JDBCRelation$.getSchema(JDBCRelation.scala:241)
[2026-06-15T07:03:32.153+0000] {subprocess.py:93} INFO - 	at org.apache.spark.sql.execution.datasources.jdbc.JdbcRelationProvider.createRelation(JdbcRelationProvider.scala:37)
[2026-06-15T07:03:32.154+0000] {subprocess.py:93} INFO - 	at org.apache.spark.sql.execution.datasources.DataSource.resolveRelation(DataSource.scala:346)
[2026-06-15T07:03:32.154+0000] {subprocess.py:93} INFO - 	at org.apache.spark.sql.DataFrameReader.loadV1Source(DataFrameReader.scala:229)
[2026-06-15T07:03:32.154+0000] {subprocess.py:93} INFO - 	at org.apache.spark.sql.DataFrameReader.$anonfun$load$2(DataFrameReader.scala:211)
[2026-06-15T07:03:32.154+0000] {subprocess.py:93} INFO - 	at scala.Option.getOrElse(Option.scala:189)
[2026-06-15T07:03:32.154+0000] {subprocess.py:93} INFO - 	at org.apache.spark.sql.DataFrameReader.load(DataFrameReader.scala:211)
[2026-06-15T07:03:32.154+0000] {subprocess.py:93} INFO - 	at org.apache.spark.sql.DataFrameReader.load(DataFrameReader.scala:172)
[2026-06-15T07:03:32.154+0000] {subprocess.py:93} INFO - 	at java.base/jdk.internal.reflect.NativeMethodAccessorImpl.invoke0(Native Method)
[2026-06-15T07:03:32.154+0000] {subprocess.py:93} INFO - 	at java.base/jdk.internal.reflect.NativeMethodAccessorImpl.invoke(NativeMethodAccessorImpl.java:77)
[2026-06-15T07:03:32.154+0000] {subprocess.py:93} INFO - 	at java.base/jdk.internal.reflect.DelegatingMethodAccessorImpl.invoke(DelegatingMethodAccessorImpl.java:43)
[2026-06-15T07:03:32.154+0000] {subprocess.py:93} INFO - 	at java.base/java.lang.reflect.Method.invoke(Method.java:569)
[2026-06-15T07:03:32.154+0000] {subprocess.py:93} INFO - 	at py4j.reflection.MethodInvoker.invoke(MethodInvoker.java:244)
[2026-06-15T07:03:32.154+0000] {subprocess.py:93} INFO - 	at py4j.reflection.ReflectionEngine.invoke(ReflectionEngine.java:374)
[2026-06-15T07:03:32.154+0000] {subprocess.py:93} INFO - 	at py4j.Gateway.invoke(Gateway.java:282)
[2026-06-15T07:03:32.154+0000] {subprocess.py:93} INFO - 	at py4j.commands.AbstractCommand.invokeMethod(AbstractCommand.java:132)
[2026-06-15T07:03:32.154+0000] {subprocess.py:93} INFO - 	at py4j.commands.CallCommand.execute(CallCommand.java:79)
[2026-06-15T07:03:32.154+0000] {subprocess.py:93} INFO - 	at py4j.ClientServerConnection.waitForCommands(ClientServerConnection.java:182)
[2026-06-15T07:03:32.154+0000] {subprocess.py:93} INFO - 	at py4j.ClientServerConnection.run(ClientServerConnection.java:106)
[2026-06-15T07:03:32.154+0000] {subprocess.py:93} INFO - 	at java.base/java.lang.Thread.run(Thread.java:840)
[2026-06-15T07:03:32.154+0000] {subprocess.py:93} INFO - Caused by: java.net.UnknownHostException: stg_postgres_sales
[2026-06-15T07:03:32.154+0000] {subprocess.py:93} INFO - 	at java.base/sun.nio.ch.NioSocketImpl.connect(NioSocketImpl.java:572)
[2026-06-15T07:03:32.154+0000] {subprocess.py:93} INFO - 	at java.base/java.net.SocksSocketImpl.connect(SocksSocketImpl.java:327)
[2026-06-15T07:03:32.154+0000] {subprocess.py:93} INFO - 	at java.base/java.net.Socket.connect(Socket.java:633)
[2026-06-15T07:03:32.154+0000] {subprocess.py:93} INFO - 	at org.postgresql.core.PGStream.createSocket(PGStream.java:243)
[2026-06-15T07:03:32.154+0000] {subprocess.py:93} INFO - 	at org.postgresql.core.PGStream.<init>(PGStream.java:98)
[2026-06-15T07:03:32.154+0000] {subprocess.py:93} INFO - 	at org.postgresql.core.v3.ConnectionFactoryImpl.tryConnect(ConnectionFactoryImpl.java:136)
[2026-06-15T07:03:32.154+0000] {subprocess.py:93} INFO - 	at org.postgresql.core.v3.ConnectionFactoryImpl.openConnectionImpl(ConnectionFactoryImpl.java:262)
[2026-06-15T07:03:32.154+0000] {subprocess.py:93} INFO - 	... 30 more
[2026-06-15T07:03:32.154+0000] {subprocess.py:93} INFO - 
[2026-06-15T07:03:32.154+0000] {subprocess.py:93} INFO - 
[2026-06-15T07:03:32.154+0000] {subprocess.py:93} INFO - ==================================================
[2026-06-15T07:03:32.155+0000] {subprocess.py:93} INFO - ✅ Thành công : []
[2026-06-15T07:03:32.155+0000] {subprocess.py:93} INFO - ❌ Thất bại   : ['categories', 'products', 'branches']
[2026-06-15T07:03:32.155+0000] {subprocess.py:93} INFO - Traceback (most recent call last):
[2026-06-15T07:03:32.155+0000] {subprocess.py:93} INFO -   File "/opt/airflow/project/src/spark_jobs/bronze_jobs/1a_postgres_to_bronze_dim.py", line 114, in <module>
[2026-06-15T07:03:32.155+0000] {subprocess.py:93} INFO -     ingest_dimensions(ingest_date=run_date)
[2026-06-15T07:03:32.155+0000] {subprocess.py:93} INFO -   File "/opt/airflow/project/src/spark_jobs/bronze_jobs/1a_postgres_to_bronze_dim.py", line 107, in ingest_dimensions
[2026-06-15T07:03:32.155+0000] {subprocess.py:93} INFO -     raise RuntimeError(f"Một số bảng bị lỗi: {failed_tables}")
[2026-06-15T07:03:32.155+0000] {subprocess.py:93} INFO - RuntimeError: Một số bảng bị lỗi: ['categories', 'products', 'branches']
[2026-06-15T07:03:32.575+0000] {subprocess.py:97} INFO - Command exited with return code 1
[2026-06-15T07:03:32.575+0000] {taskinstance.py:441} INFO - ::group::Post task execution logs
[2026-06-15T07:03:32.579+0000] {taskinstance.py:2905} ERROR - Task failed with exception
Traceback (most recent call last):
  File "/home/airflow/.local/lib/python3.11/site-packages/airflow/models/taskinstance.py", line 465, in _execute_task
    result = _execute_callable(context=context, **execute_callable_kwargs)
             ^^^^^^^^^^^^^^^^^^^^^^^^^^^^^^^^^^^^^^^^^^^^^^^^^^^^^^^^^^^^^
  File "/home/airflow/.local/lib/python3.11/site-packages/airflow/models/taskinstance.py", line 432, in _execute_callable
    return execute_callable(context=context, **execute_callable_kwargs)
           ^^^^^^^^^^^^^^^^^^^^^^^^^^^^^^^^^^^^^^^^^^^^^^^^^^^^^^^^^^^^
  File "/home/airflow/.local/lib/python3.11/site-packages/airflow/models/baseoperator.py", line 401, in wrapper
    return func(self, *args, **kwargs)
           ^^^^^^^^^^^^^^^^^^^^^^^^^^^
  File "/home/airflow/.local/lib/python3.11/site-packages/airflow/operators/bash.py", line 243, in execute
    raise AirflowException(
airflow.exceptions.AirflowException: Bash command failed. The command returned a non-zero exit code 1.
[2026-06-15T07:03:32.582+0000] {taskinstance.py:1206} INFO - Marking task as FAILED. dag_id=bi_masan_revenue_pipeline, task_id=bronze_sales_dim, run_id=scheduled__2026-06-14T00:00:00+00:00, execution_date=20260614T000000, start_date=20260615T070329, end_date=20260615T070332
[2026-06-15T07:03:32.587+0000] {standard_task_runner.py:110} ERROR - Failed to execute job 5 for task bronze_sales_dim (Bash command failed. The command returned a non-zero exit code 1.; 601)
[2026-06-15T07:03:32.602+0000] {local_task_job_runner.py:243} INFO - Task exited with return code 1
[2026-06-15T07:03:32.615+0000] {taskinstance.py:3503} INFO - 0 downstream tasks scheduled from follow-on schedule check
[2026-06-15T07:03:32.619+0000] {local_task_job_runner.py:222} INFO - ::endgroup::
[2026-06-15T07:21:01.193+0000] {local_task_job_runner.py:120} INFO - ::group::Pre task execution logs
[2026-06-15T07:21:01.215+0000] {taskinstance.py:2076} INFO - Dependencies all met for dep_context=non-requeueable deps ti=<TaskInstance: bi_masan_revenue_pipeline.bronze_sales_dim scheduled__2026-06-14T00:00:00+00:00 [queued]>
[2026-06-15T07:21:01.218+0000] {taskinstance.py:2076} INFO - Dependencies all met for dep_context=requeueable deps ti=<TaskInstance: bi_masan_revenue_pipeline.bronze_sales_dim scheduled__2026-06-14T00:00:00+00:00 [queued]>
[2026-06-15T07:21:01.218+0000] {taskinstance.py:2306} INFO - Starting attempt 2 of 3
[2026-06-15T07:21:01.226+0000] {taskinstance.py:2330} INFO - Executing <Task(BashOperator): bronze_sales_dim> on 2026-06-14 00:00:00+00:00
[2026-06-15T07:21:01.229+0000] {standard_task_runner.py:64} INFO - Started process 2216 to run task
[2026-06-15T07:21:01.231+0000] {standard_task_runner.py:90} INFO - Running: ['airflow', 'tasks', 'run', 'bi_masan_revenue_pipeline', 'bronze_sales_dim', 'scheduled__2026-06-14T00:00:00+00:00', '--job-id', '11', '--raw', '--subdir', 'DAGS_FOLDER/bi_masan_pipeline.py', '--cfg-path', '/tmp/tmp6ti2czvt']
[2026-06-15T07:21:01.232+0000] {standard_task_runner.py:91} INFO - Job 11: Subtask bronze_sales_dim
[2026-06-15T07:21:01.254+0000] {task_command.py:426} INFO - Running <TaskInstance: bi_masan_revenue_pipeline.bronze_sales_dim scheduled__2026-06-14T00:00:00+00:00 [running]> on host 6d0d47d20a89
[2026-06-15T07:21:01.288+0000] {taskinstance.py:2648} INFO - Exporting env vars: AIRFLOW_CTX_DAG_OWNER='airflow' AIRFLOW_CTX_DAG_ID='bi_masan_revenue_pipeline' AIRFLOW_CTX_TASK_ID='bronze_sales_dim' AIRFLOW_CTX_EXECUTION_DATE='2026-06-14T00:00:00+00:00' AIRFLOW_CTX_TRY_NUMBER='2' AIRFLOW_CTX_DAG_RUN_ID='scheduled__2026-06-14T00:00:00+00:00'
[2026-06-15T07:21:01.289+0000] {taskinstance.py:430} INFO - ::endgroup::
[2026-06-15T07:21:01.300+0000] {subprocess.py:63} INFO - Tmp dir root location: /tmp
[2026-06-15T07:21:01.300+0000] {subprocess.py:75} INFO - Running command: ['/usr/bin/bash', '-c', 'cd /opt/airflow/project && python src/spark_jobs/bronze_jobs/1a_postgres_to_bronze_dim.py']
[2026-06-15T07:21:01.307+0000] {subprocess.py:86} INFO - Output:
[2026-06-15T07:21:01.685+0000] {subprocess.py:93} INFO - /home/airflow/.local/lib/python3.11/site-packages/pyspark/bin/load-spark-env.sh: line 68: ps: command not found
[2026-06-15T07:21:02.817+0000] {subprocess.py:93} INFO - 26/06/15 07:21:02 WARN NativeCodeLoader: Unable to load native-hadoop library for your platform... using builtin-java classes where applicable
[2026-06-15T07:21:02.960+0000] {subprocess.py:93} INFO - Setting default log level to "WARN".
[2026-06-15T07:21:02.961+0000] {subprocess.py:93} INFO - To adjust logging level use sc.setLogLevel(newLevel). For SparkR, use setLogLevel(newLevel).
[2026-06-15T07:21:06.530+0000] {subprocess.py:93} INFO - 📁 project_root : /opt/airflow/project
[2026-06-15T07:21:06.530+0000] {subprocess.py:93} INFO - 📁 bronze_dir   : /opt/airflow/project/datalake/bronze/sales_db
[2026-06-15T07:21:06.531+0000] {subprocess.py:93} INFO - 📁 postgres_jar : /opt/airflow/project/jars/postgresql-42.7.3.jar
[2026-06-15T07:21:06.531+0000] {subprocess.py:93} INFO - ✅ Jar exists   : True
[2026-06-15T07:21:06.532+0000] {subprocess.py:93} INFO - 
[2026-06-15T07:21:06.532+0000] {subprocess.py:93} INFO - 🚀 Đang khởi tạo Spark [BRONZE - DIMENSIONS]...
[2026-06-15T07:21:06.533+0000] {subprocess.py:93} INFO - 
[2026-06-15T07:21:06.533+0000] {subprocess.py:93} INFO - 📅 NGÀY THỰC THI (INGEST DATE): 2026-06-15
[2026-06-15T07:21:06.533+0000] {subprocess.py:93} INFO - 📋 Danh sách bảng: ['categories', 'products', 'branches']
[2026-06-15T07:21:06.534+0000] {subprocess.py:93} INFO - 
[2026-06-15T07:21:06.534+0000] {subprocess.py:93} INFO - 📥 [DIM] Đang hút bảng CATEGORIES...
[2026-06-15T07:21:06.535+0000] {subprocess.py:93} INFO - 📂 Đã lưu 4 dòng tại: /opt/airflow/project/datalake/bronze/sales_db/categories/ingest_date=2026-06-15
[2026-06-15T07:21:06.535+0000] {subprocess.py:93} INFO - 
[2026-06-15T07:21:06.535+0000] {subprocess.py:93} INFO - 📥 [DIM] Đang hút bảng PRODUCTS...
[2026-06-15T07:21:06.535+0000] {subprocess.py:93} INFO - 📂 Đã lưu 8 dòng tại: /opt/airflow/project/datalake/bronze/sales_db/products/ingest_date=2026-06-15
[2026-06-15T07:21:06.536+0000] {subprocess.py:93} INFO - 
[2026-06-15T07:21:06.536+0000] {subprocess.py:93} INFO - 📥 [DIM] Đang hút bảng BRANCHES...
[2026-06-15T07:21:06.536+0000] {subprocess.py:93} INFO - 📂 Đã lưu 9 dòng tại: /opt/airflow/project/datalake/bronze/sales_db/branches/ingest_date=2026-06-15
[2026-06-15T07:21:06.536+0000] {subprocess.py:93} INFO - 
[2026-06-15T07:21:06.536+0000] {subprocess.py:93} INFO - ==================================================
[2026-06-15T07:21:06.536+0000] {subprocess.py:93} INFO - ✅ Thành công : ['categories', 'products', 'branches']
[2026-06-15T07:21:06.537+0000] {subprocess.py:93} INFO - 
[2026-06-15T07:21:06.537+0000] {subprocess.py:93} INFO - ✅ Hoàn tất Ingestion Dimensions!
[2026-06-15T07:21:06.927+0000] {subprocess.py:97} INFO - Command exited with return code 0
[2026-06-15T07:21:06.928+0000] {taskinstance.py:441} INFO - ::group::Post task execution logs
[2026-06-15T07:21:06.935+0000] {taskinstance.py:1206} INFO - Marking task as SUCCESS. dag_id=bi_masan_revenue_pipeline, task_id=bronze_sales_dim, run_id=scheduled__2026-06-14T00:00:00+00:00, execution_date=20260614T000000, start_date=20260615T072101, end_date=20260615T072106
[2026-06-15T07:21:06.981+0000] {local_task_job_runner.py:243} INFO - Task exited with return code 0
[2026-06-15T07:21:07.002+0000] {taskinstance.py:3503} INFO - 1 downstream tasks scheduled from follow-on schedule check
[2026-06-15T07:21:07.004+0000] {local_task_job_runner.py:222} INFO - ::endgroup::
