[2026-06-15T08:01:33.760+0000] {local_task_job_runner.py:120} INFO - ::group::Pre task execution logs
[2026-06-15T08:01:33.772+0000] {taskinstance.py:2076} INFO - Dependencies all met for dep_context=non-requeueable deps ti=<TaskInstance: bi_masan_revenue_pipeline.bronze_mongo_dim manual__2026-06-15T07:12:06.551380+00:00 [queued]>
[2026-06-15T08:01:33.775+0000] {taskinstance.py:2076} INFO - Dependencies all met for dep_context=requeueable deps ti=<TaskInstance: bi_masan_revenue_pipeline.bronze_mongo_dim manual__2026-06-15T07:12:06.551380+00:00 [queued]>
[2026-06-15T08:01:33.775+0000] {taskinstance.py:2306} INFO - Starting attempt 1 of 2
[2026-06-15T08:01:33.782+0000] {taskinstance.py:2330} INFO - Executing <Task(BashOperator): bronze_mongo_dim> on 2026-06-15 07:12:06.551380+00:00
[2026-06-15T08:01:33.788+0000] {standard_task_runner.py:64} INFO - Started process 14013 to run task
[2026-06-15T08:01:33.790+0000] {standard_task_runner.py:90} INFO - Running: ['airflow', 'tasks', 'run', 'bi_masan_revenue_pipeline', 'bronze_mongo_dim', 'manual__2026-06-15T07:12:06.551380+00:00', '--job-id', '40', '--raw', '--subdir', 'DAGS_FOLDER/bi_masan_pipeline.py', '--cfg-path', '/tmp/tmpdfws5td9']
[2026-06-15T08:01:33.791+0000] {standard_task_runner.py:91} INFO - Job 40: Subtask bronze_mongo_dim
[2026-06-15T08:01:33.807+0000] {task_command.py:426} INFO - Running <TaskInstance: bi_masan_revenue_pipeline.bronze_mongo_dim manual__2026-06-15T07:12:06.551380+00:00 [running]> on host 6d0d47d20a89
[2026-06-15T08:01:33.843+0000] {taskinstance.py:2648} INFO - Exporting env vars: AIRFLOW_CTX_DAG_OWNER='airflow' AIRFLOW_CTX_DAG_ID='bi_masan_revenue_pipeline' AIRFLOW_CTX_TASK_ID='bronze_mongo_dim' AIRFLOW_CTX_EXECUTION_DATE='2026-06-15T07:12:06.551380+00:00' AIRFLOW_CTX_TRY_NUMBER='1' AIRFLOW_CTX_DAG_RUN_ID='manual__2026-06-15T07:12:06.551380+00:00'
[2026-06-15T08:01:33.843+0000] {taskinstance.py:430} INFO - ::endgroup::
[2026-06-15T08:01:33.850+0000] {subprocess.py:63} INFO - Tmp dir root location: /tmp
[2026-06-15T08:01:33.850+0000] {subprocess.py:75} INFO - Running command: ['/usr/bin/bash', '-c', 'cd /opt/airflow/project && python src/spark_jobs/bronze_jobs/1e_mongo_to_bronze_dim.py']
[2026-06-15T08:01:33.859+0000] {subprocess.py:86} INFO - Output:
[2026-06-15T08:01:34.522+0000] {subprocess.py:93} INFO - /home/airflow/.local/lib/python3.11/site-packages/pyspark/bin/load-spark-env.sh: line 68: ps: command not found
[2026-06-15T08:01:35.462+0000] {subprocess.py:93} INFO - Setting default log level to "WARN".
[2026-06-15T08:01:35.462+0000] {subprocess.py:93} INFO - To adjust logging level use sc.setLogLevel(newLevel). For SparkR, use setLogLevel(newLevel).
[2026-06-15T08:01:35.581+0000] {subprocess.py:93} INFO - 26/06/15 08:01:35 WARN NativeCodeLoader: Unable to load native-hadoop library for your platform... using builtin-java classes where applicable
[2026-06-15T08:01:40.762+0000] {subprocess.py:93} INFO - [Stage 0:>                                                        (0 + 20) / 20]                                                                                [Stage 3:>                                                          (0 + 1) / 1]                                                                                project_root : /opt/airflow/project
[2026-06-15T08:01:40.763+0000] {subprocess.py:93} INFO - bronze_dir   : /opt/airflow/project/datalake/bronze/production_db
[2026-06-15T08:01:40.763+0000] {subprocess.py:93} INFO - 
[2026-06-15T08:01:40.763+0000] {subprocess.py:93} INFO - Starting Spark [BRONZE - MONGO DIMENSIONS]...
[2026-06-15T08:01:40.764+0000] {subprocess.py:93} INFO - 
[2026-06-15T08:01:40.764+0000] {subprocess.py:93} INFO - INGEST DATE: 2026-06-15
[2026-06-15T08:01:40.764+0000] {subprocess.py:93} INFO - Collections: ['Departments']
[2026-06-15T08:01:40.764+0000] {subprocess.py:93} INFO - 
[2026-06-15T08:01:40.764+0000] {subprocess.py:93} INFO - [DIM] Reading Mongo collection Departments...
[2026-06-15T08:01:40.764+0000] {subprocess.py:93} INFO - Saved 6 rows to: /opt/airflow/project/datalake/bronze/production_db/departments/ingest_date=2026-06-15
[2026-06-15T08:01:40.765+0000] {subprocess.py:93} INFO - 
[2026-06-15T08:01:40.765+0000] {subprocess.py:93} INFO - ==================================================
[2026-06-15T08:01:40.765+0000] {subprocess.py:93} INFO - Success: ['departments']
[2026-06-15T08:01:40.765+0000] {subprocess.py:93} INFO - 
[2026-06-15T08:01:40.765+0000] {subprocess.py:93} INFO - Finished MongoDB Dimension Ingestion!
[2026-06-15T08:01:41.212+0000] {subprocess.py:97} INFO - Command exited with return code 0
[2026-06-15T08:01:41.213+0000] {taskinstance.py:441} INFO - ::group::Post task execution logs
[2026-06-15T08:01:41.220+0000] {taskinstance.py:1206} INFO - Marking task as SUCCESS. dag_id=bi_masan_revenue_pipeline, task_id=bronze_mongo_dim, run_id=manual__2026-06-15T07:12:06.551380+00:00, execution_date=20260615T071206, start_date=20260615T080133, end_date=20260615T080141
[2026-06-15T08:01:41.244+0000] {local_task_job_runner.py:243} INFO - Task exited with return code 0
[2026-06-15T08:01:41.266+0000] {taskinstance.py:3503} INFO - 1 downstream tasks scheduled from follow-on schedule check
[2026-06-15T08:01:41.268+0000] {local_task_job_runner.py:222} INFO - ::endgroup::
