[2026-06-15T08:04:29.969+0000] {local_task_job_runner.py:120} INFO - ::group::Pre task execution logs
[2026-06-15T08:04:29.983+0000] {taskinstance.py:2076} INFO - Dependencies all met for dep_context=non-requeueable deps ti=<TaskInstance: bi_masan_revenue_pipeline.bronze_mongo_dim manual__2026-06-15T07:12:06.551380+00:00 [queued]>
[2026-06-15T08:04:29.986+0000] {taskinstance.py:2076} INFO - Dependencies all met for dep_context=requeueable deps ti=<TaskInstance: bi_masan_revenue_pipeline.bronze_mongo_dim manual__2026-06-15T07:12:06.551380+00:00 [queued]>
[2026-06-15T08:04:29.987+0000] {taskinstance.py:2306} INFO - Starting attempt 2 of 3
[2026-06-15T08:04:29.996+0000] {taskinstance.py:2330} INFO - Executing <Task(BashOperator): bronze_mongo_dim> on 2026-06-15 07:12:06.551380+00:00
[2026-06-15T08:04:29.999+0000] {standard_task_runner.py:64} INFO - Started process 18450 to run task
[2026-06-15T08:04:30.002+0000] {standard_task_runner.py:90} INFO - Running: ['airflow', 'tasks', 'run', 'bi_masan_revenue_pipeline', 'bronze_mongo_dim', 'manual__2026-06-15T07:12:06.551380+00:00', '--job-id', '50', '--raw', '--subdir', 'DAGS_FOLDER/bi_masan_pipeline.py', '--cfg-path', '/tmp/tmpw_j_svy7']
[2026-06-15T08:04:30.003+0000] {standard_task_runner.py:91} INFO - Job 50: Subtask bronze_mongo_dim
[2026-06-15T08:04:30.024+0000] {task_command.py:426} INFO - Running <TaskInstance: bi_masan_revenue_pipeline.bronze_mongo_dim manual__2026-06-15T07:12:06.551380+00:00 [running]> on host 6d0d47d20a89
[2026-06-15T08:04:30.058+0000] {taskinstance.py:2648} INFO - Exporting env vars: AIRFLOW_CTX_DAG_OWNER='airflow' AIRFLOW_CTX_DAG_ID='bi_masan_revenue_pipeline' AIRFLOW_CTX_TASK_ID='bronze_mongo_dim' AIRFLOW_CTX_EXECUTION_DATE='2026-06-15T07:12:06.551380+00:00' AIRFLOW_CTX_TRY_NUMBER='2' AIRFLOW_CTX_DAG_RUN_ID='manual__2026-06-15T07:12:06.551380+00:00'
[2026-06-15T08:04:30.059+0000] {taskinstance.py:430} INFO - ::endgroup::
[2026-06-15T08:04:30.069+0000] {subprocess.py:63} INFO - Tmp dir root location: /tmp
[2026-06-15T08:04:30.069+0000] {subprocess.py:75} INFO - Running command: ['/usr/bin/bash', '-c', 'cd /opt/airflow/project && python src/spark_jobs/bronze_jobs/1e_mongo_to_bronze_dim.py']
[2026-06-15T08:04:30.077+0000] {subprocess.py:86} INFO - Output:
[2026-06-15T08:04:30.686+0000] {subprocess.py:93} INFO - /home/airflow/.local/lib/python3.11/site-packages/pyspark/bin/load-spark-env.sh: line 68: ps: command not found
[2026-06-15T08:04:31.515+0000] {subprocess.py:93} INFO - Setting default log level to "WARN".
[2026-06-15T08:04:31.515+0000] {subprocess.py:93} INFO - To adjust logging level use sc.setLogLevel(newLevel). For SparkR, use setLogLevel(newLevel).
[2026-06-15T08:04:31.647+0000] {subprocess.py:93} INFO - 26/06/15 08:04:31 WARN NativeCodeLoader: Unable to load native-hadoop library for your platform... using builtin-java classes where applicable
[2026-06-15T08:04:37.419+0000] {subprocess.py:93} INFO - [Stage 0:>                                                        (0 + 20) / 20]                                                                                [Stage 3:>                                                          (0 + 1) / 1]                                                                                project_root : /opt/airflow/project
[2026-06-15T08:04:37.420+0000] {subprocess.py:93} INFO - bronze_dir   : /opt/airflow/project/datalake/bronze/production_db
[2026-06-15T08:04:37.421+0000] {subprocess.py:93} INFO - 
[2026-06-15T08:04:37.421+0000] {subprocess.py:93} INFO - Starting Spark [BRONZE - MONGO DIMENSIONS]...
[2026-06-15T08:04:37.422+0000] {subprocess.py:93} INFO - 
[2026-06-15T08:04:37.422+0000] {subprocess.py:93} INFO - INGEST DATE: 2026-06-15
[2026-06-15T08:04:37.423+0000] {subprocess.py:93} INFO - Collections: ['Departments']
[2026-06-15T08:04:37.423+0000] {subprocess.py:93} INFO - 
[2026-06-15T08:04:37.424+0000] {subprocess.py:93} INFO - [DIM] Reading Mongo collection Departments...
[2026-06-15T08:04:37.424+0000] {subprocess.py:93} INFO - Saved 6 rows to: /opt/airflow/project/datalake/bronze/production_db/departments/ingest_date=2026-06-15
[2026-06-15T08:04:37.424+0000] {subprocess.py:93} INFO - 
[2026-06-15T08:04:37.425+0000] {subprocess.py:93} INFO - ==================================================
[2026-06-15T08:04:37.426+0000] {subprocess.py:93} INFO - Success: ['departments']
[2026-06-15T08:04:37.426+0000] {subprocess.py:93} INFO - 
[2026-06-15T08:04:37.427+0000] {subprocess.py:93} INFO - Finished MongoDB Dimension Ingestion!
[2026-06-15T08:04:37.903+0000] {subprocess.py:97} INFO - Command exited with return code 0
[2026-06-15T08:04:37.903+0000] {taskinstance.py:441} INFO - ::group::Post task execution logs
[2026-06-15T08:04:37.916+0000] {taskinstance.py:1206} INFO - Marking task as SUCCESS. dag_id=bi_masan_revenue_pipeline, task_id=bronze_mongo_dim, run_id=manual__2026-06-15T07:12:06.551380+00:00, execution_date=20260615T071206, start_date=20260615T080429, end_date=20260615T080437
[2026-06-15T08:04:37.941+0000] {local_task_job_runner.py:243} INFO - Task exited with return code 0
[2026-06-15T08:04:37.957+0000] {taskinstance.py:3503} INFO - 1 downstream tasks scheduled from follow-on schedule check
[2026-06-15T08:04:37.959+0000] {local_task_job_runner.py:222} INFO - ::endgroup::
