[2026-06-15T07:22:06.340+0000] {local_task_job_runner.py:120} INFO - ::group::Pre task execution logs
[2026-06-15T07:22:06.352+0000] {taskinstance.py:2076} INFO - Dependencies all met for dep_context=non-requeueable deps ti=<TaskInstance: bi_masan_revenue_pipeline.silver_mysql_fact scheduled__2026-06-14T00:00:00+00:00 [queued]>
[2026-06-15T07:22:06.354+0000] {taskinstance.py:2076} INFO - Dependencies all met for dep_context=requeueable deps ti=<TaskInstance: bi_masan_revenue_pipeline.silver_mysql_fact scheduled__2026-06-14T00:00:00+00:00 [queued]>
[2026-06-15T07:22:06.354+0000] {taskinstance.py:2306} INFO - Starting attempt 1 of 2
[2026-06-15T07:22:06.361+0000] {taskinstance.py:2330} INFO - Executing <Task(BashOperator): silver_mysql_fact> on 2026-06-14 00:00:00+00:00
[2026-06-15T07:22:06.364+0000] {standard_task_runner.py:64} INFO - Started process 5544 to run task
[2026-06-15T07:22:06.366+0000] {standard_task_runner.py:90} INFO - Running: ['airflow', 'tasks', 'run', 'bi_masan_revenue_pipeline', 'silver_mysql_fact', 'scheduled__2026-06-14T00:00:00+00:00', '--job-id', '19', '--raw', '--subdir', 'DAGS_FOLDER/bi_masan_pipeline.py', '--cfg-path', '/tmp/tmp1r089ujn']
[2026-06-15T07:22:06.367+0000] {standard_task_runner.py:91} INFO - Job 19: Subtask silver_mysql_fact
[2026-06-15T07:22:06.383+0000] {task_command.py:426} INFO - Running <TaskInstance: bi_masan_revenue_pipeline.silver_mysql_fact scheduled__2026-06-14T00:00:00+00:00 [running]> on host 6d0d47d20a89
[2026-06-15T07:22:06.409+0000] {taskinstance.py:2648} INFO - Exporting env vars: AIRFLOW_CTX_DAG_OWNER='airflow' AIRFLOW_CTX_DAG_ID='bi_masan_revenue_pipeline' AIRFLOW_CTX_TASK_ID='silver_mysql_fact' AIRFLOW_CTX_EXECUTION_DATE='2026-06-14T00:00:00+00:00' AIRFLOW_CTX_TRY_NUMBER='1' AIRFLOW_CTX_DAG_RUN_ID='scheduled__2026-06-14T00:00:00+00:00'
[2026-06-15T07:22:06.409+0000] {taskinstance.py:430} INFO - ::endgroup::
[2026-06-15T07:22:06.416+0000] {subprocess.py:63} INFO - Tmp dir root location: /tmp
[2026-06-15T07:22:06.416+0000] {subprocess.py:75} INFO - Running command: ['/usr/bin/bash', '-c', 'cd /opt/airflow/project && python src/spark_jobs/silver_jobs/2d_bronze_to_silver_mysql_fact.py']
[2026-06-15T07:22:06.422+0000] {subprocess.py:86} INFO - Output:
[2026-06-15T07:22:06.735+0000] {subprocess.py:93} INFO - /home/airflow/.local/lib/python3.11/site-packages/pyspark/bin/load-spark-env.sh: line 68: ps: command not found
[2026-06-15T07:22:07.592+0000] {subprocess.py:93} INFO - Setting default log level to "WARN".
[2026-06-15T07:22:07.593+0000] {subprocess.py:93} INFO - To adjust logging level use sc.setLogLevel(newLevel). For SparkR, use setLogLevel(newLevel).
[2026-06-15T07:22:07.702+0000] {subprocess.py:93} INFO - 26/06/15 07:22:07 WARN NativeCodeLoader: Unable to load native-hadoop library for your platform... using builtin-java classes where applicable
[2026-06-15T07:22:12.284+0000] {subprocess.py:93} INFO - Starting Spark [SILVER - MYSQL FACTS]...
[2026-06-15T07:22:12.285+0000] {subprocess.py:93} INFO - 
[2026-06-15T07:22:12.285+0000] {subprocess.py:93} INFO - FULL LOAD
[2026-06-15T07:22:12.285+0000] {subprocess.py:93} INFO - 
[2026-06-15T07:22:12.286+0000] {subprocess.py:93} INFO - [FACT] Cleaning DAILY_MARKETING_SPEND...
[2026-06-15T07:22:12.286+0000] {subprocess.py:93} INFO - Raw: 2964 | Clean: 2955 | Dropped: 9
[2026-06-15T07:22:12.286+0000] {subprocess.py:93} INFO - [SILVER] Daily Marketing Spend saved to: /opt/airflow/project/datalake/silver/finance_db/daily_marketing_spend
[2026-06-15T07:22:12.286+0000] {subprocess.py:93} INFO - 
[2026-06-15T07:22:12.286+0000] {subprocess.py:93} INFO - [FACT] Cleaning MONTHLY_BUDGETS...
[2026-06-15T07:22:12.286+0000] {subprocess.py:93} INFO - Raw: 147 | Clean: 144 | Dropped: 3
[2026-06-15T07:22:12.287+0000] {subprocess.py:93} INFO - [SILVER] Monthly Budgets saved to: /opt/airflow/project/datalake/silver/finance_db/monthly_budgets
[2026-06-15T07:22:12.287+0000] {subprocess.py:93} INFO - 
[2026-06-15T07:22:12.287+0000] {subprocess.py:93} INFO - Finished MySQL Fact Transformation!
[2026-06-15T07:22:12.691+0000] {subprocess.py:97} INFO - Command exited with return code 0
[2026-06-15T07:22:12.692+0000] {taskinstance.py:441} INFO - ::group::Post task execution logs
[2026-06-15T07:22:12.699+0000] {taskinstance.py:1206} INFO - Marking task as SUCCESS. dag_id=bi_masan_revenue_pipeline, task_id=silver_mysql_fact, run_id=scheduled__2026-06-14T00:00:00+00:00, execution_date=20260614T000000, start_date=20260615T072206, end_date=20260615T072212
[2026-06-15T07:22:12.735+0000] {local_task_job_runner.py:243} INFO - Task exited with return code 0
[2026-06-15T07:22:12.748+0000] {taskinstance.py:3503} INFO - 1 downstream tasks scheduled from follow-on schedule check
[2026-06-15T07:22:12.751+0000] {local_task_job_runner.py:222} INFO - ::endgroup::
