[2026-06-15T07:37:22.177+0000] {local_task_job_runner.py:120} INFO - ::group::Pre task execution logs
[2026-06-15T07:37:22.188+0000] {taskinstance.py:2076} INFO - Dependencies all met for dep_context=non-requeueable deps ti=<TaskInstance: bi_masan_revenue_pipeline.bronze_mongo_fact scheduled__2026-06-14T00:00:00+00:00 [queued]>
[2026-06-15T07:37:22.191+0000] {taskinstance.py:2076} INFO - Dependencies all met for dep_context=requeueable deps ti=<TaskInstance: bi_masan_revenue_pipeline.bronze_mongo_fact scheduled__2026-06-14T00:00:00+00:00 [queued]>
[2026-06-15T07:37:22.191+0000] {taskinstance.py:2306} INFO - Starting attempt 1 of 2
[2026-06-15T07:37:22.197+0000] {taskinstance.py:2330} INFO - Executing <Task(BashOperator): bronze_mongo_fact> on 2026-06-14 00:00:00+00:00
[2026-06-15T07:37:22.200+0000] {standard_task_runner.py:64} INFO - Started process 7668 to run task
[2026-06-15T07:37:22.202+0000] {standard_task_runner.py:90} INFO - Running: ['airflow', 'tasks', 'run', 'bi_masan_revenue_pipeline', 'bronze_mongo_fact', 'scheduled__2026-06-14T00:00:00+00:00', '--job-id', '25', '--raw', '--subdir', 'DAGS_FOLDER/bi_masan_pipeline.py', '--cfg-path', '/tmp/tmpm1vyukju']
[2026-06-15T07:37:22.203+0000] {standard_task_runner.py:91} INFO - Job 25: Subtask bronze_mongo_fact
[2026-06-15T07:37:22.218+0000] {task_command.py:426} INFO - Running <TaskInstance: bi_masan_revenue_pipeline.bronze_mongo_fact scheduled__2026-06-14T00:00:00+00:00 [running]> on host 6d0d47d20a89
[2026-06-15T07:37:22.244+0000] {taskinstance.py:2648} INFO - Exporting env vars: AIRFLOW_CTX_DAG_OWNER='airflow' AIRFLOW_CTX_DAG_ID='bi_masan_revenue_pipeline' AIRFLOW_CTX_TASK_ID='bronze_mongo_fact' AIRFLOW_CTX_EXECUTION_DATE='2026-06-14T00:00:00+00:00' AIRFLOW_CTX_TRY_NUMBER='1' AIRFLOW_CTX_DAG_RUN_ID='scheduled__2026-06-14T00:00:00+00:00'
[2026-06-15T07:37:22.245+0000] {taskinstance.py:430} INFO - ::endgroup::
[2026-06-15T07:37:22.251+0000] {subprocess.py:63} INFO - Tmp dir root location: /tmp
[2026-06-15T07:37:22.251+0000] {subprocess.py:75} INFO - Running command: ['/usr/bin/bash', '-c', 'cd /opt/airflow/project && python src/spark_jobs/bronze_jobs/1f_mongo_to_bronze_fact.py']
[2026-06-15T07:37:22.259+0000] {subprocess.py:86} INFO - Output:
[2026-06-15T07:37:22.825+0000] {subprocess.py:93} INFO - /home/airflow/.local/lib/python3.11/site-packages/pyspark/bin/load-spark-env.sh: line 68: ps: command not found
[2026-06-15T07:37:23.659+0000] {subprocess.py:93} INFO - Setting default log level to "WARN".
[2026-06-15T07:37:23.659+0000] {subprocess.py:93} INFO - To adjust logging level use sc.setLogLevel(newLevel). For SparkR, use setLogLevel(newLevel).
[2026-06-15T07:37:23.790+0000] {subprocess.py:93} INFO - 26/06/15 07:37:23 WARN NativeCodeLoader: Unable to load native-hadoop library for your platform... using builtin-java classes where applicable
[2026-06-15T07:37:30.807+0000] {subprocess.py:93} INFO - [Stage 0:>                                                        (0 + 20) / 20]                                                                                [Stage 3:>                                                          (0 + 1) / 1]                                                                                [Stage 7:>                                                          (0 + 1) / 1]                                                                                Starting Spark [BRONZE - MONGO FACTS]...
[2026-06-15T07:37:30.808+0000] {subprocess.py:93} INFO - 
[2026-06-15T07:37:30.808+0000] {subprocess.py:93} INFO - INGEST DATE: 2026-06-15
[2026-06-15T07:37:30.808+0000] {subprocess.py:93} INFO - Collections: ['ProductionLogs', 'LogisticsCosts']
[2026-06-15T07:37:30.808+0000] {subprocess.py:93} INFO - 
[2026-06-15T07:37:30.809+0000] {subprocess.py:93} INFO - [FACT] Reading Mongo collection ProductionLogs...
[2026-06-15T07:37:30.809+0000] {subprocess.py:93} INFO - Saved 2954 rows to: /opt/airflow/project/datalake/bronze/production_db/production_logs/ingest_date=2026-06-15
[2026-06-15T07:37:30.809+0000] {subprocess.py:93} INFO - 
[2026-06-15T07:37:30.809+0000] {subprocess.py:93} INFO - [FACT] Reading Mongo collection LogisticsCosts...
[2026-06-15T07:37:30.809+0000] {subprocess.py:93} INFO - Saved 2964 rows to: /opt/airflow/project/datalake/bronze/production_db/logistics_costs/ingest_date=2026-06-15
[2026-06-15T07:37:30.809+0000] {subprocess.py:93} INFO - 
[2026-06-15T07:37:30.810+0000] {subprocess.py:93} INFO - Finished MongoDB Fact Ingestion!
[2026-06-15T07:37:31.267+0000] {subprocess.py:97} INFO - Command exited with return code 0
[2026-06-15T07:37:31.268+0000] {taskinstance.py:441} INFO - ::group::Post task execution logs
[2026-06-15T07:37:31.275+0000] {taskinstance.py:1206} INFO - Marking task as SUCCESS. dag_id=bi_masan_revenue_pipeline, task_id=bronze_mongo_fact, run_id=scheduled__2026-06-14T00:00:00+00:00, execution_date=20260614T000000, start_date=20260615T073722, end_date=20260615T073731
[2026-06-15T07:37:31.308+0000] {local_task_job_runner.py:243} INFO - Task exited with return code 0
[2026-06-15T07:37:31.327+0000] {taskinstance.py:3503} INFO - 1 downstream tasks scheduled from follow-on schedule check
[2026-06-15T07:37:31.330+0000] {local_task_job_runner.py:222} INFO - ::endgroup::
